################################################################################
#                                                                              #
#      IAR Universal Linker V6.2.2.68                                          #
#                                                                              #
#           Link time     =  13/Apr/2016  22:20:33                             #
#           Target CPU    =  x51                                               #
#           List file     =  C:\Users\dtung\Downloads\SimpliciTI-IAR-1.2.0\Pro #
#                            jects\Examples\SRF04\AP_as_Data_Hub\IAR\CC1110-En #
#                            d_Device\List\AP_as_Data_Hub.map                  #
#           Output file 1 =  C:\Users\dtung\Downloads\SimpliciTI-IAR-1.2.0\Pro #
#                            jects\Examples\SRF04\AP_as_Data_Hub\IAR\CC1110-En #
#                            d_Device\Exe\AP_as_Data_Hub.hex                   #
#                            Format: ubrof10                                   #
#                            UBROF version 10.0.6                              #
#                            Using library modules for C-SPY (-rt)             #
#           Command line  =  "-IC:\Program Files\IAR Systems\Embedded Workbenc #
#                            h 7.2\8051\CONFIG\"                               #
#                            -D_NR_OF_BANKS=0 -D_CODEBANK_END=0                #
#                            -D_CODEBANK_START=0                               #
#                            C:\Users\dtung\Downloads\SimpliciTI-IAR-1.2.0\Pro #
#                            jects\Examples\SRF04\AP_as_Data_Hub\IAR\CC1110-En #
#                            d_Device\Obj\bsp.r51                              #
#                            C:\Users\dtung\Downloads\SimpliciTI-IAR-1.2.0\Pro #
#                            jects\Examples\SRF04\AP_as_Data_Hub\IAR\CC1110-En #
#                            d_Device\Obj\debugging.r51                        #
#                            C:\Users\dtung\Downloads\SimpliciTI-IAR-1.2.0\Pro #
#                            jects\Examples\SRF04\AP_as_Data_Hub\IAR\CC1110-En #
#                            d_Device\Obj\main_manyEDs_autoack.r51             #
#                            C:\Users\dtung\Downloads\SimpliciTI-IAR-1.2.0\Pro #
#                            jects\Examples\SRF04\AP_as_Data_Hub\IAR\CC1110-En #
#                            d_Device\Obj\mrfi.r51                             #
#                            C:\Users\dtung\Downloads\SimpliciTI-IAR-1.2.0\Pro #
#                            jects\Examples\SRF04\AP_as_Data_Hub\IAR\CC1110-En #
#                            d_Device\Obj\nwk.r51                              #
#                            C:\Users\dtung\Downloads\SimpliciTI-IAR-1.2.0\Pro #
#                            jects\Examples\SRF04\AP_as_Data_Hub\IAR\CC1110-En #
#                            d_Device\Obj\nwk_api.r51                          #
#                            C:\Users\dtung\Downloads\SimpliciTI-IAR-1.2.0\Pro #
#                            jects\Examples\SRF04\AP_as_Data_Hub\IAR\CC1110-En #
#                            d_Device\Obj\nwk_frame.r51                        #
#                            C:\Users\dtung\Downloads\SimpliciTI-IAR-1.2.0\Pro #
#                            jects\Examples\SRF04\AP_as_Data_Hub\IAR\CC1110-En #
#                            d_Device\Obj\nwk_freq.r51                         #
#                            C:\Users\dtung\Downloads\SimpliciTI-IAR-1.2.0\Pro #
#                            jects\Examples\SRF04\AP_as_Data_Hub\IAR\CC1110-En #
#                            d_Device\Obj\nwk_globals.r51                      #
#                            C:\Users\dtung\Downloads\SimpliciTI-IAR-1.2.0\Pro #
#                            jects\Examples\SRF04\AP_as_Data_Hub\IAR\CC1110-En #
#                            d_Device\Obj\nwk_ioctl.r51                        #
#                            C:\Users\dtung\Downloads\SimpliciTI-IAR-1.2.0\Pro #
#                            jects\Examples\SRF04\AP_as_Data_Hub\IAR\CC1110-En #
#                            d_Device\Obj\nwk_join.r51                         #
#                            C:\Users\dtung\Downloads\SimpliciTI-IAR-1.2.0\Pro #
#                            jects\Examples\SRF04\AP_as_Data_Hub\IAR\CC1110-En #
#                            d_Device\Obj\nwk_link.r51                         #
#                            C:\Users\dtung\Downloads\SimpliciTI-IAR-1.2.0\Pro #
#                            jects\Examples\SRF04\AP_as_Data_Hub\IAR\CC1110-En #
#                            d_Device\Obj\nwk_mgmt.r51                         #
#                            C:\Users\dtung\Downloads\SimpliciTI-IAR-1.2.0\Pro #
#                            jects\Examples\SRF04\AP_as_Data_Hub\IAR\CC1110-En #
#                            d_Device\Obj\nwk_ping.r51                         #
#                            C:\Users\dtung\Downloads\SimpliciTI-IAR-1.2.0\Pro #
#                            jects\Examples\SRF04\AP_as_Data_Hub\IAR\CC1110-En #
#                            d_Device\Obj\nwk_pll.r51                          #
#                            C:\Users\dtung\Downloads\SimpliciTI-IAR-1.2.0\Pro #
#                            jects\Examples\SRF04\AP_as_Data_Hub\IAR\CC1110-En #
#                            d_Device\Obj\nwk_QMgmt.r51                        #
#                            C:\Users\dtung\Downloads\SimpliciTI-IAR-1.2.0\Pro #
#                            jects\Examples\SRF04\AP_as_Data_Hub\IAR\CC1110-En #
#                            d_Device\Obj\nwk_security.r51                     #
#                            -o                                                #
#                            C:\Users\dtung\Downloads\SimpliciTI-IAR-1.2.0\Pro #
#                            jects\Examples\SRF04\AP_as_Data_Hub\IAR\CC1110-En #
#                            d_Device\Exe\AP_as_Data_Hub.hex                   #
#                            -l                                                #
#                            C:\Users\dtung\Downloads\SimpliciTI-IAR-1.2.0\Pro #
#                            jects\Examples\SRF04\AP_as_Data_Hub\IAR\CC1110-En #
#                            d_Device\List\AP_as_Data_Hub.map                  #
#                            -xms                                              #
#                            "-IC:\Program Files\IAR Systems\Embedded Workbenc #
#                            h 7.2\8051\LIB\"                                  #
#                            -f                                                #
#                            "C:\Program Files\IAR Systems\Embedded Workbench  #
#                            7.2\8051\config\devices\Texas Instruments\lnk51ew #
#                            _CC1110F32.xcl"                                   #
#                            (-D_IDATA0_START=0x00 -D_IDATA0_END=0xFF          #
#                            -D_PDATA0_START=0xF000 -D_PDATA0_END=0xF0FF       #
#                            -D_IXDATA0_START=0x00F000                         #
#                            -D_IXDATA0_END=0x00FDA1                           #
#                            -D_XDATA0_START=0x00F000 -D_XDATA0_END=0x00FDA1   #
#                            -D_CODE0_START=0x000000 -D_CODE0_END=0x007FFF     #
#                            -D?REGISTER_BANK=0x0 -D_REGISTER_BANK_START=0x0   #
#                            -D_BREG_START=0x00 -D?VB=0x20                     #
#                            -Z(BIT)BREG=_BREG_START -Z(BIT)BIT_N=0-7F         #
#                            -Z(DATA)REGISTERS+8=_REGISTER_BANK_START          #
#                            -Z(DATA)BDATA_Z,BDATA_N,BDATA_I=20-2F             #
#                            -Z(DATA)VREG=08-7F -Z(DATA)PSP,XSP=08-7F          #
#                            -Z(DATA)DOVERLAY=08-7F                            #
#                            -Z(DATA)DATA_I,DATA_Z,DATA_N=08-7F                #
#                            -U(IDATA)0-7F=(DATA)0-7F                          #
#                            -Z(IDATA)IDATA_I,IDATA_Z,IDATA_N=08-_IDATA0_END   #
#                            -Z(IDATA)ISTACK+_IDATA_STACK_SIZE#08-_IDATA0_END  #
#                            -Z(IDATA)IOVERLAY=08-FF -Z(CODE)INTVEC=0          #
#                            -Z(CODE)CSTART=_CODE0_START-_CODE0_END            #
#                            -Z(CODE)BIT_ID,BDATA_ID,DATA_ID,IDATA_ID,IXDATA_I #
#                            D,PDATA_ID,XDATA_ID=_CODE0_START-_CODE0_END       #
#                            -Z(CODE)RCODE,DIFUNCT,CODE_C,CODE_N,NEAR_CODE=_CO #
#                            DE0_START-_CODE0_END                              #
#                            -Z(CODE)CHECKSUM#_CODE0_END                       #
#                            -Z(XDATA)PDATA_Z,PDATA_I=_PDATA0_START-_PDATA0_EN #
#                            D                                                 #
#                            -P(XDATA)PDATA_N=_PDATA0_START-_PDATA0_END        #
#                            -Z(XDATA)PSTACK+_PDATA_STACK_SIZE=_PDATA0_START-_ #
#                            PDATA0_END                                        #
#                            -Z(XDATA)EXT_STACK+_EXTENDED_STACK_SIZE=_EXTENDED #
#                            _STACK_START                                      #
#                            -Z(XDATA)XSTACK+_XDATA_STACK_SIZE=_XDATA0_START-_ #
#                            XDATA0_END                                        #
#                            -Z(XDATA)IXDATA_Z,IXDATA_I=_IXDATA0_START-_IXDATA #
#                            0_END                                             #
#                            -P(XDATA)IXDATA_N=_IXDATA0_START-_IXDATA0_END     #
#                            -Z(XDATA)XDATA_Z,XDATA_I=_XDATA0_START-_XDATA0_EN #
#                            D                                                 #
#                            -P(XDATA)XDATA_N=_XDATA0_START-_XDATA0_END        #
#                            -Z(XDATA)XDATA_HEAP+_XDATA_HEAP_SIZE=_XDATA0_STAR #
#                            T-_XDATA0_END                                     #
#                            -Z(CONST)XDATA_ROM_C=_XDATA0_START-_XDATA0_END    #
#                            -cx51 -Z(XDATA)XDATA_SCRATCH=0xFDA2-0xFEFF)       #
#                            -D_NR_OF_VIRTUAL_REGISTERS=8 -D?PBANK=0x93        #
#                            -e_large_write=_formatted_write                   #
#                            -e_large_read=_formatted_read -rt -s              #
#                            __program_start                                   #
#                            "C:\Program Files\IAR Systems\Embedded Workbench  #
#                            7.2\8051\LIB\CLIB\cl-pli-nlxd-1e16x01.r51"        #
#                            -D_IDATA_STACK_SIZE=0xC0 -D?ESP=0 -D?ESP_MASK=0   #
#                            -D_EXTENDED_STACK_START=0                         #
#                            -D_EXTENDED_STACK_SIZE=0                          #
#                            -D_PDATA_STACK_SIZE=0x80                          #
#                            -D_XDATA_STACK_SIZE=0x3FF                         #
#                            -D_XDATA_HEAP_SIZE=0xFF -D_FAR_HEAP_SIZE=0xFFF    #
#                            -D_HUGE_HEAP_SIZE=0xFFF                           #
#                            -D_FAR22_HEAP_SIZE=0xFFF                          #
#                                                                              #
#                           Copyright (C) 1987-2015 IAR Systems AB.            #
################################################################################





                ****************************************
                *                                      *
                *           CROSS REFERENCE            *
                *                                      *
                ****************************************

       Program entry at : CODE      000000C7  Relocatable, from module : CSTARTUP




                ****************************************
                *                                      *
                *            RUNTIME MODEL             *
                *                                      *
                ****************************************

  __SystemLibrary          = CLib
  __calling_convention     = xdata_reentrant
  __code_model             = near
  __core                   = plain
  __data_model             = large
  __dptr_size              = 16
  __extended_stack         = disabled
  __location_for_constants = data
  __number_of_dptrs        = 1
  __rt_version             = 1

                ****************************************
                *                                      *
                *    AUTOMATIC SYMBOL REDIRECTIONS     *
                *                                      *
                ****************************************

                  There are no automatic symbol redirections.



                ****************************************
                *                                      *
                *              MODULE MAP              *
                *                                      *
                ****************************************


  DEFINED ABSOLUTE ENTRIES
    *************************************************************************

  DEFINED ABSOLUTE ENTRIES
  PROGRAM MODULE, NAME : ?ABS_ENTRY_MOD

Absolute parts
           ENTRY                   ADDRESS         REF BY
           =====                   =======         ======
           _FAR22_HEAP_SIZE        00000FFF 
           _HUGE_HEAP_SIZE         00000FFF 
           _FAR_HEAP_SIZE          00000FFF 
           _XDATA_HEAP_SIZE        000000FF 
           _XDATA_STACK_SIZE       000003FF 
           _PDATA_STACK_SIZE       00000080 
           _EXTENDED_STACK_SIZE    00000000 
           _EXTENDED_STACK_START   00000000 
           ?ESP_MASK               00000000 
           ?ESP                    00000000 
           _IDATA_STACK_SIZE       000000C0 
           ?PBANK                  00000093 
           _NR_OF_VIRTUAL_REGISTERS
                                   00000008 
           ?VB                     00000020        ?FUNC_ENTER_XDATA (?FUNC_ENTER_XDATA)
                                                   ?FUNC_LEAVE_XDATA (?FUNC_LEAVE_XDATA)
                                                   ?INTERRUPT_ENTER_XSP (?INTERRUPT_ENTER_XSP)
                                                   ?INTERRUPT_LEAVE_XSP (?INTERRUPT_LEAVE_XSP)
                                                   Mrfi_DelayUsecLong (mrfi)
           _BREG_START             00000000 
           _REGISTER_BANK_START    00000000 
           ?REGISTER_BANK          00000000        Segment part 6 (CSTARTUP)
           _CODE0_END              00007FFF 
           _CODE0_START            00000000 
           _XDATA0_END             0000FDA1 
           _XDATA0_START           0000F000 
           _IXDATA0_END            0000FDA1 
           _IXDATA0_START          0000F000 
           _PDATA0_END             0000F0FF 
           _PDATA0_START           0000F000 
           _IDATA0_END             000000FF 
           _IDATA0_START           00000000 
           _CODEBANK_START         00000000 
           _CODEBANK_END           00000000 
           _NR_OF_BANKS            00000000 
    *************************************************************************

  FILE NAME : C:\Users\dtung\Downloads\SimpliciTI-IAR-1.2.0\Projects\Examples\SRF04\AP_as_Data_Hub\IAR\CC1110-End_Device\Obj\bsp.r51
  PROGRAM MODULE, NAME : bsp

  SEGMENTS IN THE MODULE
  ======================
SFR_AN
  Relative segment, address: DATA 00000080 - 00000080 (0x1 bytes), align: 0
  Segment part 1. ROOT        Intra module refs:   BSP_InitLeds
                                                   t3_isr (main_manyEDs_autoack)
           ENTRY                   ADDRESS         REF BY
           =====                   =======         ======
           _A_P0                   00000080 
           LOCAL                   ADDRESS         
           =====                   =======         
           P0                      00000080 
    -------------------------------------------------------------------------
SFR_AN
  Relative segment, address: DATA 0000008F - 0000008F (0x1 bytes), align: 0
  Segment part 2. ROOT        Intra module refs:   BSP_InitButtons
                                                   main (main_manyEDs_autoack)
           ENTRY                   ADDRESS         REF BY
           =====                   =======         ======
           P0INP                   0000008F 
    -------------------------------------------------------------------------
SFR_AN
  Relative segment, address: DATA 00000090 - 00000090 (0x1 bytes), align: 0
  Segment part 3. ROOT        Intra module refs:   BSP_InitLeds
                                                   t3_isr (main_manyEDs_autoack)
           ENTRY                   ADDRESS         REF BY
           =====                   =======         ======
           _A_P1                   00000090 
           LOCAL                   ADDRESS         
           =====                   =======         
           P1                      00000090 
    -------------------------------------------------------------------------
SFR_AN
  Relative segment, address: DATA 000000A0 - 000000A0 (0x1 bytes), align: 0
  Segment part 4. ROOT        Intra module refs:   BSP_InitLeds
                                                   linkTo (main_manyEDs_autoack)
                                                   main (main_manyEDs_autoack)
           ENTRY                   ADDRESS         REF BY
           =====                   =======         ======
           _A_P2                   000000A0 
           LOCAL                   ADDRESS         
           =====                   =======         
           P2                      000000A0 
    -------------------------------------------------------------------------
SFR_AN
  Relative segment, address: DATA 000000A8 - 000000A8 (0x1 bytes), align: 0
  Segment part 5. ROOT        Intra module refs:   BSP_Init
                                                   MRFI_EnableRxAddrFilter (mrfi)
                                                   MRFI_Init (mrfi)
                                                   MRFI_ReplyDelay (mrfi)
                                                   MRFI_RfIsr (mrfi)
                                                   MRFI_Rssi (mrfi)
                                                   MRFI_RxIdle (mrfi)
                                                   MRFI_RxOn (mrfi)
                                                   MRFI_SetLogicalChannel (mrfi)
                                                   MRFI_SetRFPwr (mrfi)
                                                   MRFI_Sleep (mrfi)
                                                   MRFI_Transmit (mrfi)
                                                   MRFI_WakeUp (mrfi)
                                                   Mrfi_DelayUsec (mrfi)
                                                   Mrfi_DelayUsecLong (mrfi)
                                                   SleepTimerConfig (debugging)
                                                   Timer3Config (debugging)
                                                   nwk_QadjustOrder (nwk_QMgmt)
                                                   nwk_QfindOldest (nwk_QMgmt)
           ENTRY                   ADDRESS         REF BY
           =====                   =======         ======
           _A_IEN0                 000000A8 
           LOCAL                   ADDRESS         
           =====                   =======         
           IEN0                    000000A8 
    -------------------------------------------------------------------------
SFR_AN
  Relative segment, address: DATA 000000CB - 000000CB (0x1 bytes), align: 0
  Segment part 6. ROOT        Intra module refs:   BSP_Delay
                                                   Timer3Config (debugging)
           ENTRY                   ADDRESS         REF BY
           =====                   =======         ======
           T3CTL                   000000CB 
    -------------------------------------------------------------------------
SFR_AN
  Relative segment, address: DATA 000000CD - 000000CD (0x1 bytes), align: 0
  Segment part 7. ROOT        Intra module refs:   BSP_Delay
           ENTRY                   ADDRESS         REF BY
           =====                   =======         ======
           T3CC0                   000000CD 
    -------------------------------------------------------------------------
SFR_AN
  Relative segment, address: DATA 000000D8 - 000000D8 (0x1 bytes), align: 0
  Segment part 8. ROOT        Intra module refs:   BSP_Delay
                                                   t3_isr (main_manyEDs_autoack)
           ENTRY                   ADDRESS         REF BY
           =====                   =======         ======
           _A_TIMIF                000000D8 
           LOCAL                   ADDRESS         
           =====                   =======         
           TIMIF                   000000D8 
    -------------------------------------------------------------------------
SFR_AN
  Relative segment, address: DATA 000000F3 - 000000F3 (0x1 bytes), align: 0
  Segment part 9. ROOT        Intra module refs:   BSP_InitLeds
           ENTRY                   ADDRESS         REF BY
           =====                   =======         ======
           P0SEL                   000000F3 
    -------------------------------------------------------------------------
SFR_AN
  Relative segment, address: DATA 000000F4 - 000000F4 (0x1 bytes), align: 0
  Segment part 10. ROOT       Intra module refs:   BSP_InitLeds
           ENTRY                   ADDRESS         REF BY
           =====                   =======         ======
           P1SEL                   000000F4 
    -------------------------------------------------------------------------
SFR_AN
  Relative segment, address: DATA 000000F5 - 000000F5 (0x1 bytes), align: 0
  Segment part 11. ROOT       Intra module refs:   BSP_InitLeds
           ENTRY                   ADDRESS         REF BY
           =====                   =======         ======
           P2SEL                   000000F5 
    -------------------------------------------------------------------------
SFR_AN
  Relative segment, address: DATA 000000FD - 000000FD (0x1 bytes), align: 0
  Segment part 12. ROOT       Intra module refs:   BSP_InitLeds
                                                   linkTo (main_manyEDs_autoack)
                                                   t3_isr (main_manyEDs_autoack)
           ENTRY                   ADDRESS         REF BY
           =====                   =======         ======
           P0DIR                   000000FD 
    -------------------------------------------------------------------------
SFR_AN
  Relative segment, address: DATA 000000FE - 000000FE (0x1 bytes), align: 0
  Segment part 13. ROOT       Intra module refs:   BSP_InitLeds
                                                   linkTo (main_manyEDs_autoack)
                                                   t3_isr (main_manyEDs_autoack)
           ENTRY                   ADDRESS         REF BY
           =====                   =======         ======
           P1DIR                   000000FE 
    -------------------------------------------------------------------------
SFR_AN
  Relative segment, address: DATA 000000FF - 000000FF (0x1 bytes), align: 0
  Segment part 14. ROOT       Intra module refs:   BSP_InitLeds
           ENTRY                   ADDRESS         REF BY
           =====                   =======         ======
           P2DIR                   000000FF 
    -------------------------------------------------------------------------
NEAR_CODE
  Relative segment, address: CODE 000004E4 - 00000515 (0x32 bytes), align: 0
  Segment part 20.
           ENTRY                   ADDRESS         REF BY
           =====                   =======         ======
           BSP_Init                000004E4        main (main_manyEDs_autoack)
               calls direct
               XSTACK = 00000000 ( 00000002 )
               ISTACK = 00000000 ( 00000002 )
    -------------------------------------------------------------------------
NEAR_CODE
  Relative segment, address: CODE 00000516 - 00000539 (0x24 bytes), align: 0
  Segment part 22.
           ENTRY                   ADDRESS         REF BY
           =====                   =======         ======
           BSP_Delay               00000516        MRFI_ReplyDelay (mrfi)
                                                   Mrfi_DelayUsec (mrfi)
                                                   Mrfi_DelayUsecLong (mrfi)
    -------------------------------------------------------------------------
NEAR_CODE
  Relative segment, address: CODE 0000053A - 0000056E (0x35 bytes), align: 0
  Segment part 24.            Intra module refs:   BSP_Init
           ENTRY                   ADDRESS         REF BY
           =====                   =======         ======
           BSP_InitLeds            0000053A 
               XSTACK = 00000002 ( 00000000 )
    -------------------------------------------------------------------------
NEAR_CODE
  Relative segment, address: CODE 0000056F - 00000572 (0x4 bytes), align: 0
  Segment part 25.            Intra module refs:   BSP_Init
           ENTRY                   ADDRESS         REF BY
           =====                   =======         ======
           BSP_InitButtons         0000056F 
               XSTACK = 00000002 ( 00000000 )

    *************************************************************************

  FILE NAME : C:\Users\dtung\Downloads\SimpliciTI-IAR-1.2.0\Projects\Examples\SRF04\AP_as_Data_Hub\IAR\CC1110-End_Device\Obj\debugging.r51
  PROGRAM MODULE, NAME : debugging

  SEGMENTS IN THE MODULE
  ======================
SFR_AN
  Relative segment, address: DATA 00000086 - 00000086 (0x1 bytes), align: 0
  Segment part 1. ROOT 
           ENTRY                   ADDRESS         REF BY
           =====                   =======         ======
           U0CSR                   00000086 
    -------------------------------------------------------------------------
SFR_AN
  Relative segment, address: DATA 00000088 - 00000088 (0x1 bytes), align: 0
  Segment part 2. ROOT 
           ENTRY                   ADDRESS         REF BY
           =====                   =======         ======
           _A_TCON                 00000088 
           LOCAL                   ADDRESS         
           =====                   =======         
           TCON                    00000088 
    -------------------------------------------------------------------------
SFR_AN
  Relative segment, address: DATA 000000A1 - 000000A1 (0x1 bytes), align: 0
  Segment part 3. ROOT        Intra module refs:   SleepTimerConfig
                                                   sleep_isr (main_manyEDs_autoack)
           ENTRY                   ADDRESS         REF BY
           =====                   =======         ======
           WORIRQ                  000000A1 
    -------------------------------------------------------------------------
SFR_AN
  Relative segment, address: DATA 000000A2 - 000000A2 (0x1 bytes), align: 0
  Segment part 4. ROOT        Intra module refs:   SleepTimerConfig
           ENTRY                   ADDRESS         REF BY
           =====                   =======         ======
           WORCTRL                 000000A2 
    -------------------------------------------------------------------------
SFR_AN
  Relative segment, address: DATA 000000A3 - 000000A3 (0x1 bytes), align: 0
  Segment part 5. ROOT        Intra module refs:   SleepTimerConfig
           ENTRY                   ADDRESS         REF BY
           =====                   =======         ======
           WOREVT0                 000000A3 
    -------------------------------------------------------------------------
SFR_AN
  Relative segment, address: DATA 000000A4 - 000000A4 (0x1 bytes), align: 0
  Segment part 6. ROOT        Intra module refs:   SleepTimerConfig
           ENTRY                   ADDRESS         REF BY
           =====                   =======         ======
           WOREVT1                 000000A4 
    -------------------------------------------------------------------------
SFR_AN
  Relative segment, address: DATA 000000A5 - 000000A5 (0x1 bytes), align: 0
  Segment part 7. ROOT        Intra module refs:   EnterPM2 (main_manyEDs_autoack)
                                                   SleepTimerConfig
           ENTRY                   ADDRESS         REF BY
           =====                   =======         ======
           WORTIME0                000000A5 
    -------------------------------------------------------------------------
SFR_AN
  Relative segment, address: DATA 000000B8 - 000000B8 (0x1 bytes), align: 0
  Segment part 9. ROOT        Intra module refs:   Timer3Config
                                                   linkTo (main_manyEDs_autoack)
           ENTRY                   ADDRESS         REF BY
           =====                   =======         ======
           _A_IEN1                 000000B8 
           LOCAL                   ADDRESS         
           =====                   =======         
           IEN1                    000000B8 
    -------------------------------------------------------------------------
SFR_AN
  Relative segment, address: DATA 000000BE - 000000BE (0x1 bytes), align: 0
  Segment part 10. ROOT       Intra module refs:   EnterPM2 (main_manyEDs_autoack)
                                                   mSysConfig
                                                   sleep_isr (main_manyEDs_autoack)
           ENTRY                   ADDRESS         REF BY
           =====                   =======         ======
           SLEEP                   000000BE 
    -------------------------------------------------------------------------
SFR_AN
  Relative segment, address: DATA 000000C0 - 000000C0 (0x1 bytes), align: 0
  Segment part 11. ROOT       Intra module refs:   SleepTimerConfig
                                                   sleep_isr (main_manyEDs_autoack)
                                                   t3_isr (main_manyEDs_autoack)
           ENTRY                   ADDRESS         REF BY
           =====                   =======         ======
           _A_IRCON                000000C0 
           LOCAL                   ADDRESS         
           =====                   =======         
           IRCON                   000000C0 
    -------------------------------------------------------------------------
SFR_AN
  Relative segment, address: DATA 000000C2 - 000000C2 (0x1 bytes), align: 0
  Segment part 12. ROOT 
           ENTRY                   ADDRESS         REF BY
           =====                   =======         ======
           U0BAUD                  000000C2 
    -------------------------------------------------------------------------
SFR_AN
  Relative segment, address: DATA 000000C4 - 000000C4 (0x1 bytes), align: 0
  Segment part 13. ROOT 
           ENTRY                   ADDRESS         REF BY
           =====                   =======         ======
           U0UCR                   000000C4 
    -------------------------------------------------------------------------
SFR_AN
  Relative segment, address: DATA 000000C5 - 000000C5 (0x1 bytes), align: 0
  Segment part 14. ROOT 
           ENTRY                   ADDRESS         REF BY
           =====                   =======         ======
           U0GCR                   000000C5 
    -------------------------------------------------------------------------
SFR_AN
  Relative segment, address: DATA 000000C6 - 000000C6 (0x1 bytes), align: 0
  Segment part 15. ROOT       Intra module refs:   EnterPM2 (main_manyEDs_autoack)
                                                   MRFI_WakeUp (mrfi)
                                                   mSysConfig
           ENTRY                   ADDRESS         REF BY
           =====                   =======         ======
           CLKCON                  000000C6 
    -------------------------------------------------------------------------
SFR_AN
  Relative segment, address: DATA 000000F1 - 000000F1 (0x1 bytes), align: 0
  Segment part 17. ROOT 
           ENTRY                   ADDRESS         REF BY
           =====                   =======         ======
           PERCFG                  000000F1 
    -------------------------------------------------------------------------
SFR_AN
  Relative segment, address: DATA 000000F8 - 000000F8 (0x1 bytes), align: 0
  Segment part 20. ROOT 
           ENTRY                   ADDRESS         REF BY
           =====                   =======         ======
           _A_U1CSR                000000F8 
           LOCAL                   ADDRESS         
           =====                   =======         
           U1CSR                   000000F8 
    -------------------------------------------------------------------------
SFR_AN
  Relative segment, address: DATA 000000F9 - 000000F9 (0x1 bytes), align: 0
  Segment part 21. ROOT 
           ENTRY                   ADDRESS         REF BY
           =====                   =======         ======
           U1DBUF                  000000F9 
    -------------------------------------------------------------------------
SFR_AN
  Relative segment, address: DATA 000000FA - 000000FA (0x1 bytes), align: 0
  Segment part 22. ROOT 
           ENTRY                   ADDRESS         REF BY
           =====                   =======         ======
           U1BAUD                  000000FA 
    -------------------------------------------------------------------------
SFR_AN
  Relative segment, address: DATA 000000FB - 000000FB (0x1 bytes), align: 0
  Segment part 23. ROOT 
           ENTRY                   ADDRESS         REF BY
           =====                   =======         ======
           U1UCR                   000000FB 
    -------------------------------------------------------------------------
SFR_AN
  Relative segment, address: DATA 000000FC - 000000FC (0x1 bytes), align: 0
  Segment part 24. ROOT 
           ENTRY                   ADDRESS         REF BY
           =====                   =======         ======
           U1GCR                   000000FC 
    -------------------------------------------------------------------------
NEAR_CODE
  Relative segment, address: CODE 00000573 - 0000058B (0x19 bytes), align: 0
  Segment part 40.
           ENTRY                   ADDRESS         REF BY
           =====                   =======         ======
           mSysConfig              00000573        linkTo (main_manyEDs_autoack)
                                                   main (main_manyEDs_autoack)
    -------------------------------------------------------------------------
NEAR_CODE
  Relative segment, address: CODE 0000058C - 00000593 (0x8 bytes), align: 0
  Segment part 41.
           ENTRY                   ADDRESS         REF BY
           =====                   =======         ======
           Timer3Config            0000058C        main (main_manyEDs_autoack)
    -------------------------------------------------------------------------
NEAR_CODE
  Relative segment, address: CODE 00000594 - 000005BF (0x2c bytes), align: 0
  Segment part 42.
           ENTRY                   ADDRESS         REF BY
           =====                   =======         ======
           SleepTimerConfig        00000594        main (main_manyEDs_autoack)
    -------------------------------------------------------------------------
XDATA_ID
  Relative segment, address: CODE 000000D6 - 000000D9 (0x4 bytes), align: 0
  Segment part 35.            Intra module refs:   __Constant_ffffffff
    -------------------------------------------------------------------------
XDATA_I
  Relative segment, address: XDATA 0000F535 - 0000F538 (0x4 bytes), align: 0
  Segment part 34.            Intra module refs:   Mrfi_DelayUsecLong (mrfi)
           ENTRY                   ADDRESS         REF BY
           =====                   =======         ======
           __Constant_ffffffff     0000F535 

    *************************************************************************

  FILE NAME : C:\Users\dtung\Downloads\SimpliciTI-IAR-1.2.0\Projects\Examples\SRF04\AP_as_Data_Hub\IAR\CC1110-End_Device\Obj\main_manyEDs_autoack.r51
  PROGRAM MODULE, NAME : main_manyEDs_autoack

  SEGMENTS IN THE MODULE
  ======================
SFR_AN
  Relative segment, address: DATA 000000C7 - 000000C7 (0x1 bytes), align: 0
  Segment part 11. ROOT       Intra module refs:   EnterPM2
           ENTRY                   ADDRESS         REF BY
           =====                   =======         ======
           MEMCTR                  000000C7 
    -------------------------------------------------------------------------
SFR_AN
  Relative segment, address: DATA 000000C9 - 000000C9 (0x1 bytes), align: 0
  Segment part 12. ROOT       Intra module refs:   linkTo
           ENTRY                   ADDRESS         REF BY
           =====                   =======         ======
           WDCTL                   000000C9 
    -------------------------------------------------------------------------
SFR_AN
  Relative segment, address: DATA 000000D4 - 000000D4 (0x1 bytes), align: 0
  Segment part 13. ROOT       Intra module refs:   EnterPM2
                                                   MRFI_Init (mrfi)
           ENTRY                   ADDRESS         REF BY
           =====                   =======         ======
           DMA0CFGL                000000D4 
    -------------------------------------------------------------------------
SFR_AN
  Relative segment, address: DATA 000000D5 - 000000D5 (0x1 bytes), align: 0
  Segment part 14. ROOT       Intra module refs:   EnterPM2
                                                   MRFI_Init (mrfi)
           ENTRY                   ADDRESS         REF BY
           =====                   =======         ======
           DMA0CFGH                000000D5 
    -------------------------------------------------------------------------
SFR_AN
  Relative segment, address: DATA 000000D6 - 000000D6 (0x1 bytes), align: 0
  Segment part 15. ROOT       Intra module refs:   EnterPM2
                                                   MRFI_PrepareToTx (mrfi)
                                                   MRFI_RfIsr (mrfi)
                                                   MRFI_Transmit (mrfi)
                                                   Mrfi_RxModeOff (mrfi)
                                                   Mrfi_RxModeOn (mrfi)
           ENTRY                   ADDRESS         REF BY
           =====                   =======         ======
           DMAARM                  000000D6 
    -------------------------------------------------------------------------
SFR_AN
  Relative segment, address: DATA 000000F6 - 000000F6 (0x1 bytes), align: 0
  Segment part 17. ROOT       Intra module refs:   main
           ENTRY                   ADDRESS         REF BY
           =====                   =======         ======
           P1INP                   000000F6 
    -------------------------------------------------------------------------
XDATA_Z
  Relative segment, address: XDATA 0000F3FF - 0000F3FF (0x1 bytes), align: 0
  Segment part 29.            Intra module refs:   t3_isr
           ENTRY                   ADDRESS         REF BY
           =====                   =======         ======
           delay                   0000F3FF 
    -------------------------------------------------------------------------
XDATA_Z
  Relative segment, address: XDATA 0000F400 - 0000F400 (0x1 bytes), align: 0
  Segment part 30.            Intra module refs:   t3_isr
           ENTRY                   ADDRESS         REF BY
           =====                   =======         ======
           cnt                     0000F400 
    -------------------------------------------------------------------------
XDATA_Z
  Relative segment, address: XDATA 0000F401 - 0000F401 (0x1 bytes), align: 0
  Segment part 31.            Intra module refs:   t3_isr
           ENTRY                   ADDRESS         REF BY
           =====                   =======         ======
           pwmLut_idx00            0000F401 
    -------------------------------------------------------------------------
XDATA_I
  Relative segment, address: XDATA 0000F539 - 0000F53B (0x3 bytes), align: 0
  Segment part 27.            Intra module refs:   linkTo
    -------------------------------------------------------------------------
XDATA_I
  Relative segment, address: XDATA 0000F53C - 0000F53C (0x1 bytes), align: 0
  Segment part 32.            Intra module refs:   t3_isr
           ENTRY                   ADDRESS         REF BY
           =====                   =======         ======
           pwmLut_idx01            0000F53C 
    -------------------------------------------------------------------------
XDATA_I
  Relative segment, address: XDATA 0000F53D - 0000F53D (0x1 bytes), align: 0
  Segment part 34.            Intra module refs:   t3_isr
           ENTRY                   ADDRESS         REF BY
           =====                   =======         ======
           pwmLut_idx02            0000F53D 
    -------------------------------------------------------------------------
XDATA_I
  Relative segment, address: XDATA 0000F53E - 0000F53E (0x1 bytes), align: 0
  Segment part 36.            Intra module refs:   t3_isr
           ENTRY                   ADDRESS         REF BY
           =====                   =======         ======
           pwmLut_idx03            0000F53E 
    -------------------------------------------------------------------------
XDATA_I
  Relative segment, address: XDATA 0000F53F - 0000F53F (0x1 bytes), align: 0
  Segment part 38.            Intra module refs:   t3_isr
           ENTRY                   ADDRESS         REF BY
           =====                   =======         ======
           pwmLut_idx04            0000F53F 
    -------------------------------------------------------------------------
XDATA_I
  Relative segment, address: XDATA 0000F540 - 0000F540 (0x1 bytes), align: 0
  Segment part 40.            Intra module refs:   t3_isr
           ENTRY                   ADDRESS         REF BY
           =====                   =======         ======
           pwmLut_idx05            0000F540 
    -------------------------------------------------------------------------
XDATA_I
  Relative segment, address: XDATA 0000F541 - 0000F541 (0x1 bytes), align: 0
  Segment part 42.            Intra module refs:   t3_isr
           ENTRY                   ADDRESS         REF BY
           =====                   =======         ======
           pwmLut_idx06            0000F541 
    -------------------------------------------------------------------------
XDATA_I
  Relative segment, address: XDATA 0000F542 - 0000F542 (0x1 bytes), align: 0
  Segment part 44.            Intra module refs:   t3_isr
           ENTRY                   ADDRESS         REF BY
           =====                   =======         ======
           pwmLut_idx07            0000F542 
    -------------------------------------------------------------------------
XDATA_I
  Relative segment, address: XDATA 0000F543 - 0000F543 (0x1 bytes), align: 0
  Segment part 46.            Intra module refs:   t3_isr
           ENTRY                   ADDRESS         REF BY
           =====                   =======         ======
           pwmLut_idx10            0000F543 
    -------------------------------------------------------------------------
XDATA_I
  Relative segment, address: XDATA 0000F544 - 0000F544 (0x1 bytes), align: 0
  Segment part 48.            Intra module refs:   t3_isr
           ENTRY                   ADDRESS         REF BY
           =====                   =======         ======
           pwmLut_idx11            0000F544 
    -------------------------------------------------------------------------
XDATA_I
  Relative segment, address: XDATA 0000F545 - 0000F545 (0x1 bytes), align: 0
  Segment part 50.            Intra module refs:   t3_isr
           ENTRY                   ADDRESS         REF BY
           =====                   =======         ======
           pwmLut_idx12            0000F545 
    -------------------------------------------------------------------------
XDATA_I
  Relative segment, address: XDATA 0000F546 - 0000F546 (0x1 bytes), align: 0
  Segment part 52.            Intra module refs:   t3_isr
           ENTRY                   ADDRESS         REF BY
           =====                   =======         ======
           pwmLut_idx13            0000F546 
    -------------------------------------------------------------------------
XDATA_I
  Relative segment, address: XDATA 0000F547 - 0000F547 (0x1 bytes), align: 0
  Segment part 54.            Intra module refs:   t3_isr
           ENTRY                   ADDRESS         REF BY
           =====                   =======         ======
           pwmLut_idx14            0000F547 
    -------------------------------------------------------------------------
XDATA_I
  Relative segment, address: XDATA 0000F548 - 0000F548 (0x1 bytes), align: 0
  Segment part 56.            Intra module refs:   t3_isr
           ENTRY                   ADDRESS         REF BY
           =====                   =======         ======
           pwmLut_idx15            0000F548 
    -------------------------------------------------------------------------
XDATA_I
  Relative segment, address: XDATA 0000F549 - 0000F549 (0x1 bytes), align: 0
  Segment part 58.            Intra module refs:   t3_isr
           ENTRY                   ADDRESS         REF BY
           =====                   =======         ======
           pwmLut_idx16            0000F549 
    -------------------------------------------------------------------------
XDATA_I
  Relative segment, address: XDATA 0000F54A - 0000F54A (0x1 bytes), align: 0
  Segment part 60.            Intra module refs:   t3_isr
           ENTRY                   ADDRESS         REF BY
           =====                   =======         ======
           pwmLut_idx17            0000F54A 
    -------------------------------------------------------------------------
XDATA_Z
  Relative segment, address: XDATA 0000F402 - 0000F402 (0x1 bytes), align: 0
  Segment part 62.            Intra module refs:   linkTo
           LOCAL                   ADDRESS         
           =====                   =======         
           sLinkID1                0000F402 
    -------------------------------------------------------------------------
XDATA_I
  Relative segment, address: XDATA 0000F54B - 0000F551 (0x7 bytes), align: 0
  Segment part 63.            Intra module refs:   EnterPM2
           LOCAL                   ADDRESS         
           =====                   =======         
           PM2_BUF                 0000F54B 
    -------------------------------------------------------------------------
XDATA_I
  Relative segment, address: XDATA 0000F552 - 0000F559 (0x8 bytes), align: 0
  Segment part 65.            Intra module refs:   EnterPM2
           LOCAL                   ADDRESS         
           =====                   =======         
           dmaDesc                 0000F552 
    -------------------------------------------------------------------------
XDATA_Z
  Relative segment, address: XDATA 0000F403 - 0000F406 (0x4 bytes), align: 0
  Segment part 67.            Intra module refs:   EnterPM2
           LOCAL                   ADDRESS         
           =====                   =======         
           activeModeCnt           0000F403 
    -------------------------------------------------------------------------
XDATA_I
  Relative segment, address: XDATA 0000F55A - 0000F58D (0x34 bytes), align: 0
  Segment part 68.            Intra module refs:   ?Subroutine2
           ENTRY                   ADDRESS         REF BY
           =====                   =======         ======
           pwmLut                  0000F55A 
    -------------------------------------------------------------------------
NEAR_CODE
  Relative segment, address: CODE 000005C0 - 000005FF (0x40 bytes), align: 0
  Segment part 75.
           ENTRY                   ADDRESS         REF BY
           =====                   =======         ======
           main                    000005C0        ?call_main (?cmain)
               calls direct
    -------------------------------------------------------------------------
NEAR_CODE
  Relative segment, address: CODE 00000600 - 000006F3 (0xf4 bytes), align: 0
  Segment part 76.            Intra module refs:   main
           LOCAL                   ADDRESS         
           =====                   =======         
           linkTo                  00000600 
               calls direct
               XSTACK = 00000000 ( 00000004 )
               ISTACK = 00000000 ( 00000002 )
    -------------------------------------------------------------------------
XDATA_Z
  Relative segment, address: XDATA 0000F407 - 0000F407 (0x1 bytes), align: 0
  Segment part 70.            Intra module refs:   linkTo
           LOCAL                   ADDRESS         
           =====                   =======         
           linkTo{4}{5}{7}::cnt    0000F407 
    -------------------------------------------------------------------------
XDATA_Z
  Relative segment, address: XDATA 0000F408 - 0000F408 (0x1 bytes), align: 0
  Segment part 71.            Intra module refs:   linkTo
           LOCAL                   ADDRESS         
           =====                   =======         
           linkTo{4}{5}{9}::retry
                                   0000F408 
    -------------------------------------------------------------------------
NEAR_CODE
  Relative segment, address: CODE 000006F4 - 000006FC (0x9 bytes), align: 0
  Segment part 77.            Intra module refs:   sleep_isr::??INTVEC 43
           ENTRY                   ADDRESS         REF BY
           =====                   =======         ======
           sleep_isr               000006F4 
               interrupt function
               ISTACK = 00000000 ( 00000002 )
    -------------------------------------------------------------------------
NEAR_CODE
  Relative segment, address: CODE 000006FD - 0000096F (0x273 bytes), align: 0
  Segment part 78.            Intra module refs:   t3_isr::??INTVEC 91
           ENTRY                   ADDRESS         REF BY
           =====                   =======         ======
           t3_isr                  000006FD 
               interrupt function
               ISTACK = 00000000 ( 00000007 )
    -------------------------------------------------------------------------
NEAR_CODE
  Relative segment, address: CODE 00000970 - 00000973 (0x4 bytes), align: 0
  Segment part 79.            Intra module refs:   linkTo
                                                   t3_isr
           LOCAL                   ADDRESS         
           =====                   =======         
           ?Subroutine3            00000970 
    -------------------------------------------------------------------------
NEAR_CODE
  Relative segment, address: CODE 00000974 - 0000097C (0x9 bytes), align: 0
  Segment part 80.            Intra module refs:   ?Subroutine0
                                                   ?Subroutine3
           LOCAL                   ADDRESS         
           =====                   =======         
           ?Subroutine4            00000974 
    -------------------------------------------------------------------------
NEAR_CODE
  Relative segment, address: CODE 0000097D - 0000098C (0x10 bytes), align: 0
  Segment part 81.            Intra module refs:   t3_isr
           LOCAL                   ADDRESS         
           =====                   =======         
           ?Subroutine2            0000097D 
    -------------------------------------------------------------------------
NEAR_CODE
  Relative segment, address: CODE 0000098D - 00000992 (0x6 bytes), align: 0
  Segment part 82.            Intra module refs:   t3_isr
           LOCAL                   ADDRESS         
           =====                   =======         
           ?Subroutine0            0000098D 
    -------------------------------------------------------------------------
NEAR_CODE
  Relative segment, address: CODE 00000993 - 00000A5B (0xc9 bytes), align: 0
  Segment part 83.            Intra module refs:   linkTo
                                                   main
           LOCAL                   ADDRESS         
           =====                   =======         
           EnterPM2                00000993 
               XSTACK = 00000004 ( 0000000B )
               ISTACK = 00000000 ( 00000001 )
    -------------------------------------------------------------------------
NEAR_CODE
  Relative segment, address: CODE 00000A5C - 00000A66 (0xb bytes), align: 0
  Segment part 84.            Intra module refs:   EnterPM2
           LOCAL                   ADDRESS         
           =====                   =======         
           ?Subroutine1            00000A5C 
    -------------------------------------------------------------------------
INTVEC
  Common segment, address: CODE 00000000 - 0000002D (0x2e bytes), align: 0
  Segment part 20. ROOT 
           ENTRY                   ADDRESS         REF BY
           =====                   =======         ======
           sleep_isr::??INTVEC 43
                                   0000002B 
    -------------------------------------------------------------------------
INTVEC
  Common segment, address: CODE 00000000 - 0000005D (0x5e bytes), align: 0
  Segment part 21. ROOT 
           ENTRY                   ADDRESS         REF BY
           =====                   =======         ======
           t3_isr::??INTVEC 91     0000005B 
    -------------------------------------------------------------------------
XDATA_ID
  Relative segment, address: CODE 000000DA - 000000DC (0x3 bytes), align: 0
  Segment part 28.            Intra module refs:   Segment part 27
    -------------------------------------------------------------------------
XDATA_ID
  Relative segment, address: CODE 000000DD - 000000DD (0x1 bytes), align: 0
  Segment part 33.            Intra module refs:   pwmLut_idx01
    -------------------------------------------------------------------------
XDATA_ID
  Relative segment, address: CODE 000000DE - 000000DE (0x1 bytes), align: 0
  Segment part 35.            Intra module refs:   pwmLut_idx02
    -------------------------------------------------------------------------
XDATA_ID
  Relative segment, address: CODE 000000DF - 000000DF (0x1 bytes), align: 0
  Segment part 37.            Intra module refs:   pwmLut_idx03
    -------------------------------------------------------------------------
XDATA_ID
  Relative segment, address: CODE 000000E0 - 000000E0 (0x1 bytes), align: 0
  Segment part 39.            Intra module refs:   pwmLut_idx04
    -------------------------------------------------------------------------
XDATA_ID
  Relative segment, address: CODE 000000E1 - 000000E1 (0x1 bytes), align: 0
  Segment part 41.            Intra module refs:   pwmLut_idx05
    -------------------------------------------------------------------------
XDATA_ID
  Relative segment, address: CODE 000000E2 - 000000E2 (0x1 bytes), align: 0
  Segment part 43.            Intra module refs:   pwmLut_idx06
    -------------------------------------------------------------------------
XDATA_ID
  Relative segment, address: CODE 000000E3 - 000000E3 (0x1 bytes), align: 0
  Segment part 45.            Intra module refs:   pwmLut_idx07
    -------------------------------------------------------------------------
XDATA_ID
  Relative segment, address: CODE 000000E4 - 000000E4 (0x1 bytes), align: 0
  Segment part 47.            Intra module refs:   pwmLut_idx10
    -------------------------------------------------------------------------
XDATA_ID
  Relative segment, address: CODE 000000E5 - 000000E5 (0x1 bytes), align: 0
  Segment part 49.            Intra module refs:   pwmLut_idx11
    -------------------------------------------------------------------------
XDATA_ID
  Relative segment, address: CODE 000000E6 - 000000E6 (0x1 bytes), align: 0
  Segment part 51.            Intra module refs:   pwmLut_idx12
    -------------------------------------------------------------------------
XDATA_ID
  Relative segment, address: CODE 000000E7 - 000000E7 (0x1 bytes), align: 0
  Segment part 53.            Intra module refs:   pwmLut_idx13
    -------------------------------------------------------------------------
XDATA_ID
  Relative segment, address: CODE 000000E8 - 000000E8 (0x1 bytes), align: 0
  Segment part 55.            Intra module refs:   pwmLut_idx14
    -------------------------------------------------------------------------
XDATA_ID
  Relative segment, address: CODE 000000E9 - 000000E9 (0x1 bytes), align: 0
  Segment part 57.            Intra module refs:   pwmLut_idx15
    -------------------------------------------------------------------------
XDATA_ID
  Relative segment, address: CODE 000000EA - 000000EA (0x1 bytes), align: 0
  Segment part 59.            Intra module refs:   pwmLut_idx16
    -------------------------------------------------------------------------
XDATA_ID
  Relative segment, address: CODE 000000EB - 000000EB (0x1 bytes), align: 0
  Segment part 61.            Intra module refs:   pwmLut_idx17
    -------------------------------------------------------------------------
XDATA_ID
  Relative segment, address: CODE 000000EC - 000000F2 (0x7 bytes), align: 0
  Segment part 64.            Intra module refs:   PM2_BUF
    -------------------------------------------------------------------------
XDATA_ID
  Relative segment, address: CODE 000000F3 - 000000FA (0x8 bytes), align: 0
  Segment part 66.            Intra module refs:   dmaDesc
    -------------------------------------------------------------------------
XDATA_ID
  Relative segment, address: CODE 000000FB - 0000012E (0x34 bytes), align: 0
  Segment part 69.            Intra module refs:   pwmLut

    *************************************************************************

  FILE NAME : C:\Users\dtung\Downloads\SimpliciTI-IAR-1.2.0\Projects\Examples\SRF04\AP_as_Data_Hub\IAR\CC1110-End_Device\Obj\mrfi.r51
  PROGRAM MODULE, NAME : mrfi

  SEGMENTS IN THE MODULE
  ======================
SFR_AN
  Relative segment, address: DATA 000000A9 - 000000A9 (0x1 bytes), align: 0
  Segment part 1. ROOT        Intra module refs:   MRFI_Init
           ENTRY                   ADDRESS         REF BY
           =====                   =======         ======
           _A_IP0xx                000000A9 
           LOCAL                   ADDRESS         
           =====                   =======         
           IP0xx                   000000A9 
    -------------------------------------------------------------------------
SFR_AN
  Relative segment, address: DATA 000000B9 - 000000B9 (0x1 bytes), align: 0
  Segment part 2. ROOT        Intra module refs:   MRFI_Init
           ENTRY                   ADDRESS         REF BY
           =====                   =======         ======
           _A_IP1xx                000000B9 
           LOCAL                   ADDRESS         
           =====                   =======         
           IP1xx                   000000B9 
    -------------------------------------------------------------------------
SFR_AN
  Relative segment, address: DATA 00000091 - 00000091 (0x1 bytes), align: 0
  Segment part 3. ROOT        Intra module refs:   Mrfi_RxModeOff
                                                   Mrfi_RxModeOn
           ENTRY                   ADDRESS         REF BY
           =====                   =======         ======
           RFIM                    00000091 
    -------------------------------------------------------------------------
SFR_AN
  Relative segment, address: DATA 0000009A - 0000009A (0x1 bytes), align: 0
  Segment part 4. ROOT        Intra module refs:   MRFI_Init
           ENTRY                   ADDRESS         REF BY
           =====                   =======         ======
           IEN2                    0000009A 
    -------------------------------------------------------------------------
SFR_AN
  Relative segment, address: DATA 0000009B - 0000009B (0x1 bytes), align: 0
  Segment part 5. ROOT        Intra module refs:   MRFI_RfIsr
                                                   Mrfi_RxModeOff
                                                   Mrfi_RxModeOn
           ENTRY                   ADDRESS         REF BY
           =====                   =======         ======
           S1CON                   0000009B 
    -------------------------------------------------------------------------
SFR_AN
  Relative segment, address: DATA 000000B4 - 000000B4 (0x1 bytes), align: 0
  Segment part 7. ROOT        Intra module refs:   MRFI_RandomByte
           ENTRY                   ADDRESS         REF BY
           =====                   =======         ======
           ADCCON1                 000000B4 
    -------------------------------------------------------------------------
SFR_AN
  Relative segment, address: DATA 000000BC - 000000BC (0x1 bytes), align: 0
  Segment part 8. ROOT        Intra module refs:   MRFI_Init
                                                   MRFI_RandomByte
           ENTRY                   ADDRESS         REF BY
           =====                   =======         ======
           RNDL                    000000BC 
    -------------------------------------------------------------------------
SFR_AN
  Relative segment, address: DATA 000000D1 - 000000D1 (0x1 bytes), align: 0
  Segment part 10. ROOT       Intra module refs:   MRFI_PrepareToTx
                                                   Mrfi_RxModeOff
           ENTRY                   ADDRESS         REF BY
           =====                   =======         ======
           DMAIRQ                  000000D1 
    -------------------------------------------------------------------------
SFR_AN
  Relative segment, address: DATA 000000E1 - 000000E1 (0x1 bytes), align: 0
  Segment part 14. ROOT       Intra module refs:   MRFI_Init
                                                   MRFI_PrepareToTx
                                                   MRFI_Transmit
                                                   MRFI_WakeUp
                                                   Mrfi_RxModeOff
                                                   Mrfi_RxModeOn
           ENTRY                   ADDRESS         REF BY
           =====                   =======         ======
           RFST                    000000E1 
    -------------------------------------------------------------------------
SFR_AN
  Relative segment, address: DATA 000000E9 - 000000E9 (0x1 bytes), align: 0
  Segment part 15. ROOT       Intra module refs:   MRFI_RfIsr
                                                   MRFI_Transmit
                                                   Mrfi_RxModeOff
                                                   Mrfi_RxModeOn
                                                   mrfi_TxDone
           ENTRY                   ADDRESS         REF BY
           =====                   =======         ======
           RFIF                    000000E9 
    -------------------------------------------------------------------------
XDATA_I
  Relative segment, address: XDATA 0000F58E - 0000F591 (0x4 bytes), align: 0
  Segment part 22.            Intra module refs:   MRFI_RxAddrIsFiltered
           ENTRY                   ADDRESS         REF BY
           =====                   =======         ======
           mrfiBroadcastAddr       0000F58E        nwk_getBCastAddress (nwk_globals)
    -------------------------------------------------------------------------
XDATA_Z
  Relative segment, address: XDATA 0000F409 - 0000F409 (0x1 bytes), align: 0
  Segment part 24.            Intra module refs:   MRFI_GetRadioState
                                                   MRFI_Init
                                                   MRFI_RfIsr
                                                   MRFI_Rssi
                                                   MRFI_RxIdle
                                                   MRFI_RxOn
                                                   MRFI_SetLogicalChannel
                                                   MRFI_SetRFPwr
                                                   MRFI_Sleep
                                                   MRFI_Transmit
                                                   MRFI_WakeUp
           LOCAL                   ADDRESS         
           =====                   =======         
           mrfiRadioState          0000F409 
    -------------------------------------------------------------------------
XDATA_Z
  Relative segment, address: XDATA 0000F40A - 0000F439 (0x30 bytes), align: 0
  Segment part 25.            Intra module refs:   MRFI_Init
                                                   MRFI_Receive
                                                   MRFI_RfIsr
                                                   Mrfi_RxModeOn
           LOCAL                   ADDRESS         
           =====                   =======         
           mrfiIncomingPacket      0000F40A 
    -------------------------------------------------------------------------
XDATA_Z
  Relative segment, address: XDATA 0000F43A - 0000F43A (0x1 bytes), align: 0
  Segment part 26.            Intra module refs:   MRFI_PostKillSem
                                                   MRFI_ReplyDelay
           LOCAL                   ADDRESS         
           =====                   =======         
           sKillSem                0000F43A 
    -------------------------------------------------------------------------
XDATA_Z
  Relative segment, address: XDATA 0000F43B - 0000F43B (0x1 bytes), align: 0
  Segment part 27.            Intra module refs:   MRFI_PostKillSem
                                                   MRFI_ReplyDelay
           LOCAL                   ADDRESS         
           =====                   =======         
           sReplyDelayContext      0000F43B 
    -------------------------------------------------------------------------
XDATA_Z
  Relative segment, address: XDATA 0000F43C - 0000F43D (0x2 bytes), align: 0
  Segment part 28.            Intra module refs:   MRFI_Init
                                                   MRFI_ReplyDelay
           LOCAL                   ADDRESS         
           =====                   =======         
           sReplyDelayScalar       0000F43C 
    -------------------------------------------------------------------------
XDATA_Z
  Relative segment, address: XDATA 0000F43E - 0000F43F (0x2 bytes), align: 0
  Segment part 29.            Intra module refs:   MRFI_Init
                                                   MRFI_Transmit
           LOCAL                   ADDRESS         
           =====                   =======         
           sBackoffHelper          0000F43E 
    -------------------------------------------------------------------------
XDATA_Z
  Relative segment, address: XDATA 0000F440 - 0000F447 (0x8 bytes), align: 0
  Segment part 30.            Intra module refs:   MRFI_Init
                                                   MRFI_PrepareToTx
                                                   Mrfi_RxModeOn
           ENTRY                   ADDRESS         REF BY
           =====                   =======         ======
           mrfiDmaCfg              0000F440 
    -------------------------------------------------------------------------
NEAR_CODE
  Relative segment, address: CODE 00000A67 - 00000BC5 (0x15f bytes), align: 0
  Segment part 43.
           ENTRY                   ADDRESS         REF BY
           =====                   =======         ======
           MRFI_Init               00000A67        SMPL_Init (nwk_api)
               calls direct
               XSTACK = 00000000 ( 0000000B )
    -------------------------------------------------------------------------
NEAR_CODE
  Relative segment, address: CODE 00000BC6 - 00000BCA (0x5 bytes), align: 0
  Segment part 44.            Intra module refs:   MRFI_Init
                                                   Mrfi_DelayUsec
                                                   Mrfi_RxModeOn
           LOCAL                   ADDRESS         
           =====                   =======         
           ?Subroutine0            00000BC6 
    -------------------------------------------------------------------------
NEAR_CODE
  Relative segment, address: CODE 00000BCB - 00000BFA (0x30 bytes), align: 0
  Segment part 45.            Intra module refs:   MRFI_Transmit
           LOCAL                   ADDRESS         
           =====                   =======         
           MRFI_PrepareToTx        00000BCB 
               XSTACK = 0000000B ( 00000000 )
               ISTACK = 00000000 ( 00000002 )
    -------------------------------------------------------------------------
NEAR_CODE
  Relative segment, address: CODE 00000BFB - 00000C1C (0x22 bytes), align: 0
  Segment part 46.            Intra module refs:   MRFI_Transmit
           LOCAL                   ADDRESS         
           =====                   =======         
           mrfi_TxDone             00000BFB 
               is indirectly called
               ISTACK = 00000000 ( 00000002 )
    -------------------------------------------------------------------------
NEAR_CODE
  Relative segment, address: CODE 00000C1D - 00000D05 (0xe9 bytes), align: 0
  Segment part 47.
           ENTRY                   ADDRESS         REF BY
           =====                   =======         ======
           MRFI_Transmit           00000C1D        nwk_sendAckReply (nwk_frame)
                                                   nwk_sendFrame (nwk_frame)
               calls direct
               XSTACK = 00000000 ( 0000000F )
    -------------------------------------------------------------------------
XDATA_Z
  Relative segment, address: XDATA 0000F448 - 0000F448 (0x1 bytes), align: 0
  Segment part 31.            Intra module refs:   MRFI_Transmit
           LOCAL                   ADDRESS         
           =====                   =======         
           MRFI_Transmit::ccaRetries
                                   0000F448 
    -------------------------------------------------------------------------
NEAR_CODE
  Relative segment, address: CODE 00000D06 - 00000D18 (0x13 bytes), align: 0
  Segment part 48.
           ENTRY                   ADDRESS         REF BY
           =====                   =======         ======
           MRFI_Receive            00000D06        MRFI_RxCompleteISR (nwk_frame)
               ISTACK = 00000000 ( 00000002 )
    -------------------------------------------------------------------------
NEAR_CODE
  Relative segment, address: CODE 00000D19 - 00000DF8 (0xe0 bytes), align: 0
  Segment part 49.            Intra module refs:   MRFI_RfIsr::??INTVEC 131
           ENTRY                   ADDRESS         REF BY
           =====                   =======         ======
           MRFI_RfIsr              00000D19 
               interrupt function
               calls direct
               XSTACK = 00000000 ( 00000011 )
    -------------------------------------------------------------------------
NEAR_CODE
  Relative segment, address: CODE 00000DF9 - 00000E1F (0x27 bytes), align: 0
  Segment part 50.
           ENTRY                   ADDRESS         REF BY
           =====                   =======         ======
           MRFI_Sleep              00000DF9        SMPL_Receive (nwk_api)
                                                   nwk_join (nwk_join)
                                                   nwk_link (nwk_link)
                                                   nwk_radioControl (nwk_ioctl)
               calls direct
               XSTACK = 00000000 ( 00000008 )
    -------------------------------------------------------------------------
NEAR_CODE
  Relative segment, address: CODE 00000E20 - 00000E4F (0x30 bytes), align: 0
  Segment part 51.
           ENTRY                   ADDRESS         REF BY
           =====                   =======         ======
           MRFI_WakeUp             00000E20        SMPL_Init (nwk_api)
                                                   SMPL_Receive (nwk_api)
                                                   nwk_join (nwk_join)
                                                   nwk_link (nwk_link)
                                                   nwk_radioControl (nwk_ioctl)
               ISTACK = 00000000 ( 00000002 )
    -------------------------------------------------------------------------
NEAR_CODE
  Relative segment, address: CODE 00000E50 - 00000E5A (0xb bytes), align: 0
  Segment part 52.            Intra module refs:   MRFI_Init
                                                   MRFI_WakeUp
           LOCAL                   ADDRESS         
           =====                   =======         
           ?Subroutine7            00000E50 
    -------------------------------------------------------------------------
NEAR_CODE
  Relative segment, address: CODE 00000E5B - 00000E61 (0x7 bytes), align: 0
  Segment part 53.            Intra module refs:   MRFI_Transmit
           ENTRY                   ADDRESS         REF BY
           =====                   =======         ======
           MRFI_RandomByte         00000E5B        nwk_frameInit (nwk_frame)
                                                   nwk_joinInit (nwk_join)
                                                   nwk_linkInit (nwk_link)
                                                   nwk_mgmtInit (nwk_mgmt)
                                                   nwk_pingInit (nwk_ping)
               XSTACK = 0000000B ( 00000000 )
    -------------------------------------------------------------------------
NEAR_CODE
  Relative segment, address: CODE 00000E62 - 00000EB1 (0x50 bytes), align: 0
  Segment part 54.            Intra module refs:   MRFI_RfIsr
                                                   MRFI_RxOn
                                                   MRFI_SetLogicalChannel
                                                   MRFI_SetRFPwr
                                                   MRFI_Transmit
           LOCAL                   ADDRESS         
           =====                   =======         
           Mrfi_RxModeOn           00000E62 
               calls direct
               XSTACK = 0000000F ( 0000000B )
    -------------------------------------------------------------------------
NEAR_CODE
  Relative segment, address: CODE 00000EB2 - 00000EBC (0xb bytes), align: 0
  Segment part 55.            Intra module refs:   MRFI_PrepareToTx
                                                   Mrfi_RxModeOn
           LOCAL                   ADDRESS         
           =====                   =======         
           ?Subroutine5            00000EB2 
    -------------------------------------------------------------------------
NEAR_CODE
  Relative segment, address: CODE 00000EBD - 00000ED9 (0x1d bytes), align: 0
  Segment part 56.
           ENTRY                   ADDRESS         REF BY
           =====                   =======         ======
           MRFI_RxOn               00000EBD        SMPL_Receive (nwk_api)
                                                   nwk_join (nwk_join)
                                                   nwk_link (nwk_link)
                                                   nwk_radioControl (nwk_ioctl)
               calls direct
               ISTACK = 00000000 ( 00000002 )
    -------------------------------------------------------------------------
NEAR_CODE
  Relative segment, address: CODE 00000EDA - 00000EDA (0x1 bytes), align: 0
  Segment part 57.            Intra module refs:   MRFI_EnableRxAddrFilter
                                                   MRFI_PrepareToTx
           LOCAL                   ADDRESS         
           =====                   =======         
           ?Subroutine1            00000EDA 
    -------------------------------------------------------------------------
NEAR_CODE
  Relative segment, address: CODE 00000EDB - 00000EDF (0x5 bytes), align: 0
  Segment part 58.            Intra module refs:   ?Subroutine1
                                                   MRFI_GetRadioState
                                                   MRFI_PostKillSem
                                                   MRFI_Receive
                                                   MRFI_RxIdle
                                                   MRFI_RxOn
                                                   MRFI_SetRxAddrFilter
                                                   MRFI_WakeUp
                                                   Mrfi_RxModeOff
                                                   mrfi_TxDone
    -------------------------------------------------------------------------
NEAR_CODE
  Relative segment, address: CODE 00000EE0 - 00000EFF (0x20 bytes), align: 0
  Segment part 59.            Intra module refs:   MRFI_Init
                                                   MRFI_RfIsr
                                                   MRFI_RxIdle
                                                   MRFI_SetLogicalChannel
                                                   MRFI_SetRFPwr
                                                   MRFI_Transmit
           LOCAL                   ADDRESS         
           =====                   =======         
           Mrfi_RxModeOff          00000EE0 
               XSTACK = 0000000F ( 00000000 )
               ISTACK = 00000000 ( 00000002 )
    -------------------------------------------------------------------------
NEAR_CODE
  Relative segment, address: CODE 00000F00 - 00000F1C (0x1d bytes), align: 0
  Segment part 60.            Intra module refs:   MRFI_Sleep
           ENTRY                   ADDRESS         REF BY
           =====                   =======         ======
           MRFI_RxIdle             00000F00        SMPL_Receive (nwk_api)
                                                   nwk_join (nwk_join)
                                                   nwk_link (nwk_link)
                                                   nwk_radioControl (nwk_ioctl)
               calls direct
               XSTACK = 00000008 ( 00000000 )
               ISTACK = 00000000 ( 00000002 )
    -------------------------------------------------------------------------
NEAR_CODE
  Relative segment, address: CODE 00000F1D - 00000F57 (0x3b bytes), align: 0
  Segment part 61.            Intra module refs:   MRFI_DelayMs
                                                   MRFI_Init
                                                   MRFI_Rssi
                                                   MRFI_Transmit
           LOCAL                   ADDRESS         
           =====                   =======         
[...]
                                                   nwk_isConnectionValid (nwk)
                                                   nwk_isLinkDuplicate (nwk)
                                                   nwk_isValidReply (nwk)
                                                   nwk_join (nwk_join)
                                                   nwk_joinInit (nwk_join)
                                                   nwk_link (nwk_link)
                                                   nwk_linkInit (nwk_link)
                                                   nwk_nwkInit (nwk)
                                                   nwk_poll (nwk_mgmt)
                                                   nwk_processJoin (nwk_join)
                                                   nwk_processLink (nwk_link)
                                                   nwk_processMgmt (nwk_mgmt)
                                                   nwk_processPing (nwk_ping)
                                                   nwk_putNumObjectIntoMsg (nwk)
                                                   nwk_radioControl (nwk_ioctl)
                                                   nwk_rawReceive (nwk_ioctl)
                                                   nwk_rawSend (nwk_ioctl)
                                                   nwk_retrieveFrame (nwk_frame)
                                                   nwk_sendAckReply (nwk_frame)
                                                   nwk_sendFrame (nwk_frame)
                                                   nwk_setAPAddress (nwk_globals)
                                                   nwk_setJoinToken (nwk_join)
                                                   nwk_setLinkToken (nwk_link)
                                                   nwk_setMyAddress (nwk_globals)
                                                   smpl_send_link_reply (nwk_link)

    -------------------------------------------------------------------------
  LIBRARY MODULE, NAME : ?FUNC_LEAVE_XDATA

  SEGMENTS IN THE MODULE
  ======================
RCODE
  Relative segment, address: CODE 000003AF - 000003EE (0x40 bytes), align: 0
  Segment part 1.
           ENTRY                   ADDRESS         REF BY
           =====                   =======         ======
           ?FUNC_LEAVE_XDATA       000003AF        ?Subroutine0 (mrfi)
                                                   ?Subroutine0 (nwk_api)
                                                   ?Subroutine0 (nwk_ioctl)
                                                   ?Subroutine0 (nwk_join)
                                                   ?Subroutine0 (nwk_mgmt)
                                                   ?Subroutine1 (nwk_api)
                                                   ?Subroutine1 (nwk_frame)
                                                   ?Subroutine1 (nwk_ioctl)
                                                   ?Subroutine1 (nwk_link)
                                                   ?Subroutine2 (mrfi)
                                                   ?Subroutine2 (nwk)
                                                   ?Subroutine2 (nwk_api)
                                                   ?Subroutine2 (nwk_frame)
                                                   ?Subroutine3 (nwk)
                                                   ?Subroutine4 (nwk)
                                                   EnterPM2 (main_manyEDs_autoack)
                                                   MRFI_ReplyDelay (mrfi)
                                                   MRFI_Transmit (mrfi)
                                                   Mrfi_DelayUsecLong (mrfi)
                                                   Segment part 11 (nwk)
                                                   Segment part 15 (nwk_globals)
                                                   Segment part 18 (nwk_link)
                                                   dispatchFrame (nwk_frame)
                                                   handleLinkRequest (nwk_link)
                                                   memcmp (?memcmp)
                                                   memcpy (?memcpy)
                                                   memmove (?memmove)
                                                   nwk_QInit (nwk_QMgmt)
                                                   nwk_QadjustOrder (nwk_QMgmt)
                                                   nwk_QfindOldest (nwk_QMgmt)
                                                   nwk_QfindSlot (nwk_QMgmt)
                                                   nwk_isValidReply (nwk)
                                                   nwk_join (nwk_join)
                                                   nwk_linkInit (nwk_link)
                                                   nwk_nwkInit (nwk)
                                                   nwk_processPing (nwk_ping)
                                                   nwk_sendFrame (nwk_frame)
                                                   nwk_setJoinToken (nwk_join)
                                                   smpl_send_link_reply (nwk_link)

    -------------------------------------------------------------------------
  LIBRARY MODULE, NAME : ?INTERRUPT_ENTER_XSP

  SEGMENTS IN THE MODULE
  ======================
RCODE
  Relative segment, address: CODE 000003EF - 0000044D (0x5f bytes), align: 0
  Segment part 1.
           ENTRY                   ADDRESS         REF BY
           =====                   =======         ======
           ?INTERRUPT_ENTER_XSP    000003EF        MRFI_RfIsr (mrfi)

    -------------------------------------------------------------------------
  LIBRARY MODULE, NAME : ?INTERRUPT_LEAVE_XSP

  SEGMENTS IN THE MODULE
  ======================
RCODE
  Relative segment, address: CODE 0000044E - 000004A5 (0x58 bytes), align: 0
  Segment part 1.
           ENTRY                   ADDRESS         REF BY
           =====                   =======         ======
           ?INTERRUPT_LEAVE_XSP    0000044E        MRFI_RfIsr (mrfi)

    -------------------------------------------------------------------------
  LIBRARY MODULE, NAME : ?PUSH_XSTACK_I

  SEGMENTS IN THE MODULE
  ======================
RCODE
  Relative segment, address: CODE 000004A6 - 000004A9 (0x4 bytes), align: 0
  Segment part 2.
           ENTRY                   ADDRESS         REF BY
           =====                   =======         ======
           ?PUSH_XSTACK_I_TWO      000004A6        MRFI_Init (mrfi)
                                                   MRFI_RfIsr (mrfi)
                                                   MRFI_Transmit (mrfi)
                                                   Mrfi_RxModeOn (mrfi)
                                                   SMPL_Ioctl (nwk_api)
                                                   SMPL_Receive (nwk_api)
                                                   dispatchFrame (nwk_frame)
                                                   handleLinkRequest (nwk_link)
                                                   nwk_QInit (nwk_QMgmt)
                                                   nwk_QfindOldest (nwk_QMgmt)
                                                   nwk_allocateLocalRxPort (nwk)
                                                   nwk_buildFrame (nwk_frame)
                                                   nwk_deviceAddress (nwk_ioctl)
                                                   nwk_findPeer (nwk)
                                                   nwk_getAPAddress (nwk_globals)
                                                   nwk_getNumObjectFromMsg (nwk)
                                                   nwk_globalsInit (nwk_globals)
                                                   nwk_isConnectionValid (nwk)
                                                   nwk_isLinkDuplicate (nwk)
                                                   nwk_isValidReply (nwk)
                                                   nwk_join (nwk_join)
                                                   nwk_link (nwk_link)
                                                   nwk_linkInit (nwk_link)
                                                   nwk_nwkInit (nwk)
                                                   nwk_poll (nwk_mgmt)
                                                   nwk_processMgmt (nwk_mgmt)
                                                   nwk_processPing (nwk_ping)
                                                   nwk_putNumObjectIntoMsg (nwk)
                                                   nwk_radioControl (nwk_ioctl)
                                                   nwk_rawReceive (nwk_ioctl)
                                                   nwk_rawSend (nwk_ioctl)
                                                   nwk_retrieveFrame (nwk_frame)
                                                   nwk_sendAckReply (nwk_frame)
                                                   nwk_setAPAddress (nwk_globals)
                                                   nwk_setMyAddress (nwk_globals)
                                                   smpl_send_link_reply (nwk_link)
    -------------------------------------------------------------------------
RCODE
  Relative segment, address: CODE 000004AA - 000004B6 (0xd bytes), align: 0
  Segment part 4.             Intra module refs:   ?PUSH_XSTACK_I_TWO
           ENTRY                   ADDRESS         REF BY
           =====                   =======         ======
           ?PUSH_XSTACK_I          000004AA 

    -------------------------------------------------------------------------
  LIBRARY MODULE, NAME : ?PUSH_XSTACK8_X

  SEGMENTS IN THE MODULE
  ======================
RCODE
  Relative segment, address: CODE 000004B7 - 000004BA (0x4 bytes), align: 0
  Segment part 3.
           ENTRY                   ADDRESS         REF BY
           =====                   =======         ======
           ?PUSH_XSTACK8_X_TWO     000004B7        nwk_rawReceive (nwk_ioctl)
    -------------------------------------------------------------------------
RCODE
  Relative segment, address: CODE 000004BB - 000004E3 (0x29 bytes), align: 0
  Segment part 5.             Intra module refs:   ?PUSH_XSTACK8_X_TWO
           ENTRY                   ADDRESS         REF BY
           =====                   =======         ======
           ?PUSH_XSTACK8_X         000004BB 

    -------------------------------------------------------------------------
  LIBRARY MODULE, NAME : ?memcmp

  SEGMENTS IN THE MODULE
  ======================
NEAR_CODE
  Relative segment, address: CODE 00002E27 - 00002E72 (0x4c bytes), align: 0
  Segment part 6.
           ENTRY                   ADDRESS         REF BY
           =====                   =======         ======
           memcmp                  00002E27        dispatchFrame (nwk_frame)
                                                   nwk_QfindOldest (nwk_QMgmt)
                                                   nwk_allocateLocalRxPort (nwk)
                                                   nwk_findPeer (nwk)
                                                   nwk_getAPAddress (nwk_globals)
                                                   nwk_isConnectionValid (nwk)
                                                   nwk_isLinkDuplicate (nwk)
                                                   nwk_isValidReply (nwk)
                                                   nwk_processMgmt (nwk_mgmt)
               XSTACK = 00000002 ( 00000008 )

    -------------------------------------------------------------------------
  LIBRARY MODULE, NAME : ?memcpy

  SEGMENTS IN THE MODULE
  ======================
NEAR_CODE
  Relative segment, address: CODE 00002E73 - 00002EB8 (0x46 bytes), align: 0
  Segment part 6.
           ENTRY                   ADDRESS         REF BY
           =====                   =======         ======
           memcpy                  00002E73        SMPL_Ioctl (nwk_api)
                                                   handleLinkRequest (nwk_link)
                                                   nwk_buildFrame (nwk_frame)
                                                   nwk_deviceAddress (nwk_ioctl)
                                                   nwk_globalsInit (nwk_globals)
                                                   nwk_join (nwk_join)
                                                   nwk_link (nwk_link)
                                                   nwk_nwkInit (nwk)
                                                   nwk_poll (nwk_mgmt)
                                                   nwk_processPing (nwk_ping)
                                                   nwk_radioControl (nwk_ioctl)
                                                   nwk_rawSend (nwk_ioctl)
                                                   nwk_retrieveFrame (nwk_frame)
                                                   nwk_sendAckReply (nwk_frame)
                                                   nwk_setAPAddress (nwk_globals)
                                                   nwk_setMyAddress (nwk_globals)
                                                   smpl_send_link_reply (nwk_link)
               XSTACK = 00000002 ( 00000009 )
               ISTACK = 00000000 ( 00000001 )

    -------------------------------------------------------------------------
  LIBRARY MODULE, NAME : ?memmove

  SEGMENTS IN THE MODULE
  ======================
NEAR_CODE
  Relative segment, address: CODE 00002EB9 - 00002F3E (0x86 bytes), align: 0
  Segment part 6.
           ENTRY                   ADDRESS         REF BY
           =====                   =======         ======
           memmove                 00002EB9        MRFI_RfIsr (mrfi)
                                                   nwk_getNumObjectFromMsg (nwk)
                                                   nwk_putNumObjectIntoMsg (nwk)
               XSTACK = 00000002 ( 00000009 )
               ISTACK = 00000000 ( 00000001 )
    -------------------------------------------------------------------------
NEAR_CODE
  Relative segment, address: CODE 00002F3F - 00002F51 (0x13 bytes), align: 0
  Segment part 7.             Intra module refs:   memmove

    -------------------------------------------------------------------------
  LIBRARY MODULE, NAME : ?memset

  SEGMENTS IN THE MODULE
  ======================
NEAR_CODE
  Relative segment, address: CODE 00002F52 - 00002F7B (0x2a bytes), align: 0
  Segment part 6.
           ENTRY                   ADDRESS         REF BY
           =====                   =======         ======
           memset                  00002F52        MRFI_Init (mrfi)
                                                   MRFI_RfIsr (mrfi)
                                                   Mrfi_RxModeOn (mrfi)
                                                   nwk_QInit (nwk_QMgmt)
                                                   nwk_allocateLocalRxPort (nwk)
                                                   nwk_getAPAddress (nwk_globals)
                                                   nwk_globalsInit (nwk_globals)
                                                   nwk_linkInit (nwk_link)
                                                   nwk_nwkInit (nwk)
               XSTACK = 00000002 ( 00000000 )
               ISTACK = 00000000 ( 00000002 )




                ****************************************
                *                                      *
                *      SEGMENTS IN ADDRESS ORDER       *
                *                                      *
                ****************************************


SEGMENT              SPACE    START ADDRESS   END ADDRESS     SIZE  TYPE  ALIGN
=======              =====    =============   ===========     ====  ====  =====
INTVEC               CODE          00000000 - 00000085          86   com    0
CSTART               CODE          00000086 - 000000D5          50   rel    0
BDATA_ID             CODE               000000D6                     dse    0
BIT_ID               CODE               000000D6                     dse    0
DATA_ID              CODE               000000D6                     dse    0
IDATA_ID             CODE               000000D6                     dse    0
IXDATA_ID            CODE               000000D6                     dse    0
PDATA_ID             CODE               000000D6                     dse    0
XDATA_ID             CODE          000000D6 - 0000017F          AA   rel    0
RCODE                CODE          00000180 - 000004E3         364   rel    0
CODE_C               CODE               000004E4                     dse    0
CODE_N               CODE               000004E4                     dse    0
DIFUNCT              CODE               000004E4                     dse    0
NEAR_CODE            CODE          000004E4 - 00002F7B        2A98   rel    0
REGISTERS            DATA          00000000 - 00000007           8   rel    0
VREG                 DATA          00000008 - 0000000F           8   rel    0
PSP                  DATA               00000010                     dse    0
XSP                  DATA          00000010 - 00000011           2   rel    0
BREG                 BIT        00000020.0  -  00000020.7        8   rel    0
SFR_AN               DATA          00000080 - 00000080           1   rel    0
                     DATA          00000086 - 00000086           1 
                     DATA          00000088 - 00000088           1 
                     DATA          0000008F - 00000091           3 
                     DATA          0000009A - 0000009B           2 
                     DATA          000000A0 - 000000A5           6 
                     DATA          000000A8 - 000000A9           2 
                     DATA          000000B4 - 000000B4           1 
                     DATA          000000B8 - 000000B9           2 
                     DATA          000000BC - 000000BC           1 
                     DATA          000000BE - 000000BE           1 
                     DATA          000000C0 - 000000C0           1 
                     DATA          000000C2 - 000000C2           1 
                     DATA          000000C4 - 000000C7           4 
                     DATA          000000C9 - 000000C9           1 
                     DATA          000000CB - 000000CB           1 
                     DATA          000000CD - 000000CD           1 
                     DATA          000000D1 - 000000D1           1 
                     DATA          000000D4 - 000000D6           3 
                     DATA          000000D8 - 000000D8           1 
                     DATA          000000E1 - 000000E1           1 
                     DATA          000000E9 - 000000E9           1 
                     DATA          000000F1 - 000000F1           1 
                     DATA          000000F3 - 000000F6           4 
                     DATA          000000F8 - 000000FF           8 
XSTACK               XDATA         0000F000 - 0000F3FE         3FF   rel    0
XDATA_Z              XDATA         0000F3FF - 0000F534         136   rel    0
XDATA_I              XDATA         0000F535 - 0000F5DE          AA   rel    0
ISTACK               IDATA         00000040 - 000000FF          C0   rel    0

                ****************************************
                *                                      *
                *        END OF CROSS REFERENCE        *
                *                                      *
                ****************************************

 12 156 bytes of CODE  memory
     18 bytes of DATA  memory (+ 50 absolute )
  1 503 bytes of XDATA memory
    192 bytes of IDATA memory
      8 bits  of BIT   memory

Errors: none
Warnings: none

