################################################################################
#                                                                              #
#      IAR Universal Linker V6.2.2.68                                          #
#                                                                              #
#           Link time     =  27/Sep/2015  10:00:22                             #
#           Target CPU    =  x51                                               #
#           List file     =  "C:\Texas Instruments\SimpliciTI-IAR-1.2.0\Projec #
#                            ts\Examples\SRF04\Simple_Peer_To_Peer\IAR\LinkLis #
#                            ten\List\Simple_Peer_To_Peer.map"                 #
#           Output file 1 =  "C:\Texas Instruments\SimpliciTI-IAR-1.2.0\Projec #
#                            ts\Examples\SRF04\Simple_Peer_To_Peer\IAR\LinkLis #
#                            ten\Exe\Simple_Peer_To_Peer.d51"                  #
#                            Format: ubrof10                                   #
#                            UBROF version 10.0.6                              #
#                            Using library modules for C-SPY (-rt)             #
#           Command line  =  "-IC:\Program Files (x86)\IAR Systems\Embedded Wo #
#                            rkbench 7.2\8051\CONFIG\"                         #
#                            -D_NR_OF_BANKS=0 -D_CODEBANK_END=0                #
#                            -D_CODEBANK_START=0                               #
#                            "C:\Texas Instruments\SimpliciTI-IAR-1.2.0\Projec #
#                            ts\Examples\SRF04\Simple_Peer_To_Peer\IAR\LinkLis #
#                            ten\Obj\bsp.r51"                                  #
#                            "C:\Texas Instruments\SimpliciTI-IAR-1.2.0\Projec #
#                            ts\Examples\SRF04\Simple_Peer_To_Peer\IAR\LinkLis #
#                            ten\Obj\debugging.r51"                            #
#                            "C:\Texas Instruments\SimpliciTI-IAR-1.2.0\Projec #
#                            ts\Examples\SRF04\Simple_Peer_To_Peer\IAR\LinkLis #
#                            ten\Obj\main_LinkListen.r51"                      #
#                            "C:\Texas Instruments\SimpliciTI-IAR-1.2.0\Projec #
#                            ts\Examples\SRF04\Simple_Peer_To_Peer\IAR\LinkLis #
#                            ten\Obj\mrfi.r51"                                 #
#                            "C:\Texas Instruments\SimpliciTI-IAR-1.2.0\Projec #
#                            ts\Examples\SRF04\Simple_Peer_To_Peer\IAR\LinkLis #
#                            ten\Obj\nwk.r51"                                  #
#                            "C:\Texas Instruments\SimpliciTI-IAR-1.2.0\Projec #
#                            ts\Examples\SRF04\Simple_Peer_To_Peer\IAR\LinkLis #
#                            ten\Obj\nwk_api.r51"                              #
#                            "C:\Texas Instruments\SimpliciTI-IAR-1.2.0\Projec #
#                            ts\Examples\SRF04\Simple_Peer_To_Peer\IAR\LinkLis #
#                            ten\Obj\nwk_frame.r51"                            #
#                            "C:\Texas Instruments\SimpliciTI-IAR-1.2.0\Projec #
#                            ts\Examples\SRF04\Simple_Peer_To_Peer\IAR\LinkLis #
#                            ten\Obj\nwk_freq.r51"                             #
#                            "C:\Texas Instruments\SimpliciTI-IAR-1.2.0\Projec #
#                            ts\Examples\SRF04\Simple_Peer_To_Peer\IAR\LinkLis #
#                            ten\Obj\nwk_globals.r51"                          #
#                            "C:\Texas Instruments\SimpliciTI-IAR-1.2.0\Projec #
#                            ts\Examples\SRF04\Simple_Peer_To_Peer\IAR\LinkLis #
#                            ten\Obj\nwk_ioctl.r51"                            #
#                            "C:\Texas Instruments\SimpliciTI-IAR-1.2.0\Projec #
#                            ts\Examples\SRF04\Simple_Peer_To_Peer\IAR\LinkLis #
#                            ten\Obj\nwk_join.r51"                             #
#                            "C:\Texas Instruments\SimpliciTI-IAR-1.2.0\Projec #
#                            ts\Examples\SRF04\Simple_Peer_To_Peer\IAR\LinkLis #
#                            ten\Obj\nwk_link.r51"                             #
#                            "C:\Texas Instruments\SimpliciTI-IAR-1.2.0\Projec #
#                            ts\Examples\SRF04\Simple_Peer_To_Peer\IAR\LinkLis #
#                            ten\Obj\nwk_mgmt.r51"                             #
#                            "C:\Texas Instruments\SimpliciTI-IAR-1.2.0\Projec #
#                            ts\Examples\SRF04\Simple_Peer_To_Peer\IAR\LinkLis #
#                            ten\Obj\nwk_ping.r51"                             #
#                            "C:\Texas Instruments\SimpliciTI-IAR-1.2.0\Projec #
#                            ts\Examples\SRF04\Simple_Peer_To_Peer\IAR\LinkLis #
#                            ten\Obj\nwk_pll.r51"                              #
#                            "C:\Texas Instruments\SimpliciTI-IAR-1.2.0\Projec #
#                            ts\Examples\SRF04\Simple_Peer_To_Peer\IAR\LinkLis #
#                            ten\Obj\nwk_QMgmt.r51"                            #
#                            "C:\Texas Instruments\SimpliciTI-IAR-1.2.0\Projec #
#                            ts\Examples\SRF04\Simple_Peer_To_Peer\IAR\LinkLis #
#                            ten\Obj\nwk_security.r51"                         #
#                            -o                                                #
#                            "C:\Texas Instruments\SimpliciTI-IAR-1.2.0\Projec #
#                            ts\Examples\SRF04\Simple_Peer_To_Peer\IAR\LinkLis #
#                            ten\Exe\Simple_Peer_To_Peer.d51"                  #
#                            -l                                                #
#                            "C:\Texas Instruments\SimpliciTI-IAR-1.2.0\Projec #
#                            ts\Examples\SRF04\Simple_Peer_To_Peer\IAR\LinkLis #
#                            ten\List\Simple_Peer_To_Peer.map"                 #
#                            -xms                                              #
#                            "-IC:\Program Files (x86)\IAR Systems\Embedded Wo #
#                            rkbench 7.2\8051\LIB\"                            #
#                            -f                                                #
#                            "C:\Program Files (x86)\IAR Systems\Embedded Work #
#                            bench 7.2\8051\config\devices\Texas Instruments\l #
#                            nk51ew_CC1110F32.xcl"                             #
#                            (-D_IDATA0_START=0x00 -D_IDATA0_END=0xFF          #
#                            -D_PDATA0_START=0xF000 -D_PDATA0_END=0xF0FF       #
#                            -D_IXDATA0_START=0x00F000                         #
#                            -D_IXDATA0_END=0x00FDA1                           #
#                            -D_XDATA0_START=0x00F000 -D_XDATA0_END=0x00FDA1   #
#                            -D_CODE0_START=0x000000 -D_CODE0_END=0x007FFF     #
#                            -D?REGISTER_BANK=0x0 -D_REGISTER_BANK_START=0x0   #
#                            -D_BREG_START=0x00 -D?VB=0x20                     #
#                            -Z(BIT)BREG=_BREG_START -Z(BIT)BIT_N=0-7F         #
#                            -Z(DATA)REGISTERS+8=_REGISTER_BANK_START          #
#                            -Z(DATA)BDATA_Z,BDATA_N,BDATA_I=20-2F             #
#                            -Z(DATA)VREG=08-7F -Z(DATA)PSP,XSP=08-7F          #
#                            -Z(DATA)DOVERLAY=08-7F                            #
#                            -Z(DATA)DATA_I,DATA_Z,DATA_N=08-7F                #
#                            -U(IDATA)0-7F=(DATA)0-7F                          #
#                            -Z(IDATA)IDATA_I,IDATA_Z,IDATA_N=08-_IDATA0_END   #
#                            -Z(IDATA)ISTACK+_IDATA_STACK_SIZE#08-_IDATA0_END  #
#                            -Z(IDATA)IOVERLAY=08-FF -Z(CODE)INTVEC=0          #
#                            -Z(CODE)CSTART=_CODE0_START-_CODE0_END            #
#                            -Z(CODE)BIT_ID,BDATA_ID,DATA_ID,IDATA_ID,IXDATA_I #
#                            D,PDATA_ID,XDATA_ID=_CODE0_START-_CODE0_END       #
#                            -Z(CODE)RCODE,DIFUNCT,CODE_C,CODE_N,NEAR_CODE=_CO #
#                            DE0_START-_CODE0_END                              #
#                            -Z(CODE)CHECKSUM#_CODE0_END                       #
#                            -Z(XDATA)PDATA_Z,PDATA_I=_PDATA0_START-_PDATA0_EN #
#                            D                                                 #
#                            -P(XDATA)PDATA_N=_PDATA0_START-_PDATA0_END        #
#                            -Z(XDATA)PSTACK+_PDATA_STACK_SIZE=_PDATA0_START-_ #
#                            PDATA0_END                                        #
#                            -Z(XDATA)EXT_STACK+_EXTENDED_STACK_SIZE=_EXTENDED #
#                            _STACK_START                                      #
#                            -Z(XDATA)XSTACK+_XDATA_STACK_SIZE=_XDATA0_START-_ #
#                            XDATA0_END                                        #
#                            -Z(XDATA)IXDATA_Z,IXDATA_I=_IXDATA0_START-_IXDATA #
#                            0_END                                             #
#                            -P(XDATA)IXDATA_N=_IXDATA0_START-_IXDATA0_END     #
#                            -Z(XDATA)XDATA_Z,XDATA_I=_XDATA0_START-_XDATA0_EN #
#                            D                                                 #
#                            -P(XDATA)XDATA_N=_XDATA0_START-_XDATA0_END        #
#                            -Z(XDATA)XDATA_HEAP+_XDATA_HEAP_SIZE=_XDATA0_STAR #
#                            T-_XDATA0_END                                     #
#                            -Z(CONST)XDATA_ROM_C=_XDATA0_START-_XDATA0_END    #
#                            -cx51 -Z(XDATA)XDATA_SCRATCH=0xFDA2-0xFEFF)       #
#                            -D_NR_OF_VIRTUAL_REGISTERS=8 -D?PBANK=0x93        #
#                            -e_large_write=_formatted_write                   #
#                            -e_large_read=_formatted_read -rt -s              #
#                            __program_start                                   #
#                            "C:\Program Files (x86)\IAR Systems\Embedded Work #
#                            bench 7.2\8051\LIB\CLIB\cl-pli-nlxd-1e16x01.r51"  #
#                            -D_IDATA_STACK_SIZE=0xD0 -D?ESP=0 -D?ESP_MASK=0   #
#                            -D_EXTENDED_STACK_START=0                         #
#                            -D_EXTENDED_STACK_SIZE=0                          #
#                            -D_PDATA_STACK_SIZE=0x80                          #
#                            -D_XDATA_STACK_SIZE=0x3FF                         #
#                            -D_XDATA_HEAP_SIZE=0x00 -D_FAR_HEAP_SIZE=0x00     #
#                            -D_HUGE_HEAP_SIZE=0x00 -D_FAR22_HEAP_SIZE=0xFFF   #
#                                                                              #
#                           Copyright (C) 1987-2015 IAR Systems AB.            #
################################################################################





                ****************************************
                *                                      *
                *           CROSS REFERENCE            *
                *                                      *
                ****************************************

       Program entry at : CODE      000000C7  Relocatable, from module : CSTARTUP




                ****************************************
                *                                      *
                *            RUNTIME MODEL             *
                *                                      *
                ****************************************

  __SystemLibrary          = CLib
  __calling_convention     = xdata_reentrant
  __code_model             = near
  __core                   = plain
  __data_model             = large
  __dptr_size              = 16
  __extended_stack         = disabled
  __location_for_constants = data
  __number_of_dptrs        = 1
  __rt_version             = 1

                ****************************************
                *                                      *
                *    AUTOMATIC SYMBOL REDIRECTIONS     *
                *                                      *
                ****************************************

                  There are no automatic symbol redirections.



                ****************************************
                *                                      *
                *              MODULE MAP              *
                *                                      *
                ****************************************


  DEFINED ABSOLUTE ENTRIES
    *************************************************************************

  DEFINED ABSOLUTE ENTRIES
  PROGRAM MODULE, NAME : ?ABS_ENTRY_MOD

Absolute parts
           ENTRY                   ADDRESS         REF BY
           =====                   =======         ======
           _FAR22_HEAP_SIZE        00000FFF 
           _HUGE_HEAP_SIZE         00000000 
           _FAR_HEAP_SIZE          00000000 
           _XDATA_HEAP_SIZE        00000000 
           _XDATA_STACK_SIZE       000003FF 
           _PDATA_STACK_SIZE       00000080 
           _EXTENDED_STACK_SIZE    00000000 
           _EXTENDED_STACK_START   00000000 
           ?ESP_MASK               00000000 
           ?ESP                    00000000 
           _IDATA_STACK_SIZE       000000D0 
           ?PBANK                  00000093 
           _NR_OF_VIRTUAL_REGISTERS
                                   00000008 
           ?VB                     00000020        ?FUNC_ENTER_XDATA (?FUNC_ENTER_XDATA)
                                                   ?FUNC_LEAVE_XDATA (?FUNC_LEAVE_XDATA)
                                                   ?INTERRUPT_ENTER_XSP (?INTERRUPT_ENTER_XSP)
                                                   ?INTERRUPT_LEAVE_XSP (?INTERRUPT_LEAVE_XSP)
                                                   Mrfi_DelayUsecLong (mrfi)
           _BREG_START             00000000 
           _REGISTER_BANK_START    00000000 
           ?REGISTER_BANK          00000000        Segment part 6 (CSTARTUP)
           _CODE0_END              00007FFF 
           _CODE0_START            00000000 
           _XDATA0_END             0000FDA1 
           _XDATA0_START           0000F000 
           _IXDATA0_END            0000FDA1 
           _IXDATA0_START          0000F000 
           _PDATA0_END             0000F0FF 
           _PDATA0_START           0000F000 
           _IDATA0_END             000000FF 
           _IDATA0_START           00000000 
           _CODEBANK_START         00000000 
           _CODEBANK_END           00000000 
           _NR_OF_BANKS            00000000 
    *************************************************************************

  FILE NAME : C:\Texas Instruments\SimpliciTI-IAR-1.2.0\Projects\Examples\SRF04\Simple_Peer_To_Peer\IAR\LinkListen\Obj\bsp.r51
  PROGRAM MODULE, NAME : bsp

  SEGMENTS IN THE MODULE
  ======================
SFR_AN
  Relative segment, address: DATA 0000008F - 0000008F (0x1 bytes), align: 0
  Segment part 1. ROOT        Intra module refs:   BSP_InitButtons
           ENTRY                   ADDRESS         REF BY
           =====                   =======         ======
           P0INP                   0000008F 
    -------------------------------------------------------------------------
SFR_AN
  Relative segment, address: DATA 00000090 - 00000090 (0x1 bytes), align: 0
  Segment part 2. ROOT        Intra module refs:   BSP_InitLeds
                                                   toggleLED (main_LinkListen)
           ENTRY                   ADDRESS         REF BY
           =====                   =======         ======
           _A_P1                   00000090 
           LOCAL                   ADDRESS         
           =====                   =======         
           P1                      00000090 
    -------------------------------------------------------------------------
SFR_AN
  Relative segment, address: DATA 000000A8 - 000000A8 (0x1 bytes), align: 0
  Segment part 3. ROOT        Intra module refs:   BSP_Init
                                                   MRFI_EnableRxAddrFilter (mrfi)
                                                   MRFI_Init (mrfi)
                                                   MRFI_ReplyDelay (mrfi)
                                                   MRFI_RfIsr (mrfi)
                                                   MRFI_Rssi (mrfi)
                                                   MRFI_RxIdle (mrfi)
                                                   MRFI_RxOn (mrfi)
                                                   MRFI_SetLogicalChannel (mrfi)
                                                   MRFI_Sleep (mrfi)
                                                   MRFI_Transmit (mrfi)
                                                   MRFI_WakeUp (mrfi)
                                                   Mrfi_DelayUsec (mrfi)
                                                   Mrfi_DelayUsecLong (mrfi)
                                                   Mrfi_DelayUsecSem (mrfi)
                                                   nwk_QadjustOrder (nwk_QMgmt)
                                                   nwk_QfindOldest (nwk_QMgmt)
                                                   nwk_getLocalLinkID (nwk_link)
           ENTRY                   ADDRESS         REF BY
           =====                   =======         ======
           _A_IEN0                 000000A8 
           LOCAL                   ADDRESS         
           =====                   =======         
           IEN0                    000000A8 
    -------------------------------------------------------------------------
SFR_AN
  Relative segment, address: DATA 000000CB - 000000CB (0x1 bytes), align: 0
  Segment part 4. ROOT        Intra module refs:   BSP_Delay
           ENTRY                   ADDRESS         REF BY
           =====                   =======         ======
           T3CTL                   000000CB 
    -------------------------------------------------------------------------
SFR_AN
  Relative segment, address: DATA 000000CD - 000000CD (0x1 bytes), align: 0
  Segment part 5. ROOT        Intra module refs:   BSP_Delay
           ENTRY                   ADDRESS         REF BY
           =====                   =======         ======
           T3CC0                   000000CD 
    -------------------------------------------------------------------------
SFR_AN
  Relative segment, address: DATA 000000D8 - 000000D8 (0x1 bytes), align: 0
  Segment part 6. ROOT        Intra module refs:   BSP_Delay
           ENTRY                   ADDRESS         REF BY
           =====                   =======         ======
           _A_TIMIF                000000D8 
           LOCAL                   ADDRESS         
           =====                   =======         
           TIMIF                   000000D8 
    -------------------------------------------------------------------------
SFR_AN
  Relative segment, address: DATA 000000FE - 000000FE (0x1 bytes), align: 0
  Segment part 7. ROOT        Intra module refs:   BSP_InitLeds
           ENTRY                   ADDRESS         REF BY
           =====                   =======         ======
           P1DIR                   000000FE 
    -------------------------------------------------------------------------
NEAR_CODE
  Relative segment, address: CODE 00000641 - 00000673 (0x33 bytes), align: 0
  Segment part 13.
           ENTRY                   ADDRESS         REF BY
           =====                   =======         ======
           BSP_Init                00000641        main (main_LinkListen)
               calls direct
               XSTACK = 00000000 ( 00000002 )
               ISTACK = 00000000 ( 00000002 )
    -------------------------------------------------------------------------
NEAR_CODE
  Relative segment, address: CODE 00000674 - 00000674 (0x1 bytes), align: 0
  Segment part 14.            Intra module refs:   BSP_Init
           ENTRY                   ADDRESS         REF BY
           =====                   =======         ======
           BSP_InitBoard           00000674 
               XSTACK = 00000002 ( 00000000 )
    -------------------------------------------------------------------------
NEAR_CODE
  Relative segment, address: CODE 00000675 - 00000699 (0x25 bytes), align: 0
  Segment part 15.
           ENTRY                   ADDRESS         REF BY
           =====                   =======         ======
           BSP_Delay               00000675        Mrfi_DelayUsec (mrfi)
                                                   Mrfi_DelayUsecLong (mrfi)
                                                   Mrfi_DelayUsecSem (mrfi)
    -------------------------------------------------------------------------
NEAR_CODE
  Relative segment, address: CODE 0000069A - 0000069F (0x6 bytes), align: 0
  Segment part 16.            Intra module refs:   BSP_Init
           ENTRY                   ADDRESS         REF BY
           =====                   =======         ======
           BSP_InitDrivers         0000069A 
               calls direct
               XSTACK = 00000002 ( 00000000 )
    -------------------------------------------------------------------------
NEAR_CODE
  Relative segment, address: CODE 000006A0 - 000006AA (0xb bytes), align: 0
  Segment part 17.            Intra module refs:   BSP_InitDrivers
           ENTRY                   ADDRESS         REF BY
           =====                   =======         ======
           BSP_InitLeds            000006A0 
    -------------------------------------------------------------------------
NEAR_CODE
  Relative segment, address: CODE 000006AB - 000006AE (0x4 bytes), align: 0
  Segment part 18.            Intra module refs:   BSP_InitDrivers
           ENTRY                   ADDRESS         REF BY
           =====                   =======         ======
           BSP_InitButtons         000006AB 

    *************************************************************************

  FILE NAME : C:\Texas Instruments\SimpliciTI-IAR-1.2.0\Projects\Examples\SRF04\Simple_Peer_To_Peer\IAR\LinkListen\Obj\debugging.r51
  PROGRAM MODULE, NAME : debugging

  SEGMENTS IN THE MODULE
  ======================
SFR_AN
  Relative segment, address: DATA 00000086 - 00000086 (0x1 bytes), align: 0
  Segment part 1. ROOT        Intra module refs:   UART0Config
                                                   UART0SendNum
                                                   UART0SendStr
           ENTRY                   ADDRESS         REF BY
           =====                   =======         ======
           U0CSR                   00000086 
    -------------------------------------------------------------------------
SFR_AN
  Relative segment, address: DATA 000000BE - 000000BE (0x1 bytes), align: 0
  Segment part 2. ROOT        Intra module refs:   UART0Config
           ENTRY                   ADDRESS         REF BY
           =====                   =======         ======
           SLEEP                   000000BE 
    -------------------------------------------------------------------------
SFR_AN
  Relative segment, address: DATA 000000C1 - 000000C1 (0x1 bytes), align: 0
  Segment part 3. ROOT        Intra module refs:   UART0SendStr
           ENTRY                   ADDRESS         REF BY
           =====                   =======         ======
           U0DBUF                  000000C1 
    -------------------------------------------------------------------------
SFR_AN
  Relative segment, address: DATA 000000C2 - 000000C2 (0x1 bytes), align: 0
  Segment part 4. ROOT        Intra module refs:   UART0Config
           ENTRY                   ADDRESS         REF BY
           =====                   =======         ======
           U0BAUD                  000000C2 
    -------------------------------------------------------------------------
SFR_AN
  Relative segment, address: DATA 000000C4 - 000000C4 (0x1 bytes), align: 0
  Segment part 5. ROOT        Intra module refs:   UART0Config
           ENTRY                   ADDRESS         REF BY
           =====                   =======         ======
           U0UCR                   000000C4 
    -------------------------------------------------------------------------
SFR_AN
  Relative segment, address: DATA 000000C5 - 000000C5 (0x1 bytes), align: 0
  Segment part 6. ROOT        Intra module refs:   UART0Config
           ENTRY                   ADDRESS         REF BY
           =====                   =======         ======
           U0GCR                   000000C5 
    -------------------------------------------------------------------------
SFR_AN
  Relative segment, address: DATA 000000C6 - 000000C6 (0x1 bytes), align: 0
  Segment part 7. ROOT        Intra module refs:   MRFI_WakeUp (mrfi)
                                                   UART0Config
           ENTRY                   ADDRESS         REF BY
           =====                   =======         ======
           CLKCON                  000000C6 
    -------------------------------------------------------------------------
SFR_AN
  Relative segment, address: DATA 000000F1 - 000000F1 (0x1 bytes), align: 0
  Segment part 8. ROOT        Intra module refs:   UART0Config
           ENTRY                   ADDRESS         REF BY
           =====                   =======         ======
           PERCFG                  000000F1 
    -------------------------------------------------------------------------
SFR_AN
  Relative segment, address: DATA 000000F3 - 000000F3 (0x1 bytes), align: 0
  Segment part 9. ROOT        Intra module refs:   UART0Config
           ENTRY                   ADDRESS         REF BY
           =====                   =======         ======
           P0SEL                   000000F3 
    -------------------------------------------------------------------------
NEAR_CODE
  Relative segment, address: CODE 000006AF - 000006F5 (0x47 bytes), align: 0
  Segment part 25.
           ENTRY                   ADDRESS         REF BY
           =====                   =======         ======
           UART0Config             000006AF        main (main_LinkListen)
    -------------------------------------------------------------------------
NEAR_CODE
  Relative segment, address: CODE 000006F6 - 0000072B (0x36 bytes), align: 0
  Segment part 26.            Intra module refs:   UART0SendNum
           ENTRY                   ADDRESS         REF BY
           =====                   =======         ======
           UART0SendStr            000006F6        linkFrom (main_LinkListen)
                                                   main (main_LinkListen)
                                                   sRxCallback (main_LinkListen)
               XSTACK = 00000015 ( 00000000 )
               ISTACK = 00000000 ( 00000002 )
    -------------------------------------------------------------------------
NEAR_CODE
  Relative segment, address: CODE 0000072C - 0000089F (0x174 bytes), align: 0
  Segment part 27.            Intra module refs:   itoa
           ENTRY                   ADDRESS         REF BY
           =====                   =======         ======
           reverse                 0000072C 
               calls direct
               XSTACK = 0000001B ( 00000019 )
               ISTACK = 00000000 ( 00000001 )
    -------------------------------------------------------------------------
NEAR_CODE
  Relative segment, address: CODE 000008A0 - 000009FE (0x15f bytes), align: 0
  Segment part 28.            Intra module refs:   UART0SendNum
           ENTRY                   ADDRESS         REF BY
           =====                   =======         ======
           itoa                    000008A0 
               calls direct
               XSTACK = 00000017 ( 0000001B )
               ISTACK = 00000000 ( 00000001 )
    -------------------------------------------------------------------------
NEAR_CODE
  Relative segment, address: CODE 000009FF - 00000A4D (0x4f bytes), align: 0
  Segment part 29.
           ENTRY                   ADDRESS         REF BY
           =====                   =======         ======
           UART0SendNum            000009FF        linkFrom (main_LinkListen)
                                                   sRxCallback (main_LinkListen)
               calls direct
               XSTACK = 00000000 ( 00000017 )
    -------------------------------------------------------------------------
XDATA_ID
  Relative segment, address: CODE 000000D6 - 000000D8 (0x3 bytes), align: 0
  Segment part 16.            Intra module refs:   Segment part 15
    -------------------------------------------------------------------------
XDATA_ID
  Relative segment, address: CODE 000000D9 - 000000DC (0x4 bytes), align: 0
  Segment part 18.            Intra module refs:   __Constant_1
    -------------------------------------------------------------------------
XDATA_ID
  Relative segment, address: CODE 000000DD - 000000E0 (0x4 bytes), align: 0
  Segment part 20.            Intra module refs:   __Constant_ffffffff
    -------------------------------------------------------------------------
XDATA_ID
  Relative segment, address: CODE 000000E1 - 000000E4 (0x4 bytes), align: 0
  Segment part 22.            Intra module refs:   __Constant_0
    -------------------------------------------------------------------------
XDATA_ID
  Relative segment, address: CODE 000000E5 - 000000E8 (0x4 bytes), align: 0
  Segment part 24.            Intra module refs:   __Constant_a
    -------------------------------------------------------------------------
XDATA_I
  Relative segment, address: XDATA 0000F52E - 0000F530 (0x3 bytes), align: 0
  Segment part 15.            Intra module refs:   UART0SendNum
    -------------------------------------------------------------------------
XDATA_I
  Relative segment, address: XDATA 0000F531 - 0000F534 (0x4 bytes), align: 0
  Segment part 17.            Intra module refs:   itoa
                                                   reverse
           ENTRY                   ADDRESS         REF BY
           =====                   =======         ======
           __Constant_1            0000F531 
    -------------------------------------------------------------------------
XDATA_I
  Relative segment, address: XDATA 0000F535 - 0000F538 (0x4 bytes), align: 0
  Segment part 19.            Intra module refs:   Mrfi_DelayUsecLong (mrfi)
                                                   reverse
           ENTRY                   ADDRESS         REF BY
           =====                   =======         ======
           __Constant_ffffffff     0000F535 
    -------------------------------------------------------------------------
XDATA_I
  Relative segment, address: XDATA 0000F539 - 0000F53C (0x4 bytes), align: 0
  Segment part 21.            Intra module refs:   itoa
           ENTRY                   ADDRESS         REF BY
           =====                   =======         ======
           __Constant_0            0000F539 
    -------------------------------------------------------------------------
XDATA_I
  Relative segment, address: XDATA 0000F53D - 0000F540 (0x4 bytes), align: 0
  Segment part 23.            Intra module refs:   MRFI_Init (mrfi)
                                                   itoa
           ENTRY                   ADDRESS         REF BY
           =====                   =======         ======
           __Constant_a            0000F53D 

    *************************************************************************

  FILE NAME : C:\Texas Instruments\SimpliciTI-IAR-1.2.0\Projects\Examples\SRF04\Simple_Peer_To_Peer\IAR\LinkListen\Obj\main_LinkListen.r51
  PROGRAM MODULE, NAME : main_LinkListen

  SEGMENTS IN THE MODULE
  ======================
SFR_AN
  Relative segment, address: DATA 00000080 - 00000080 (0x1 bytes), align: 0
  Segment part 1. ROOT        Intra module refs:   main
           ENTRY                   ADDRESS         REF BY
           =====                   =======         ======
           _A_P0                   00000080 
           LOCAL                   ADDRESS         
           =====                   =======         
           P0                      00000080 
    -------------------------------------------------------------------------
XDATA_Z
  Relative segment, address: XDATA 0000F3FF - 0000F3FF (0x1 bytes), align: 0
  Segment part 20.            Intra module refs:   sRxCallback
           LOCAL                   ADDRESS         
           =====                   =======         
           sRxTid                  0000F3FF 
    -------------------------------------------------------------------------
XDATA_Z
  Relative segment, address: XDATA 0000F400 - 0000F400 (0x1 bytes), align: 0
  Segment part 21.            Intra module refs:   linkFrom
                                                   sRxCallback
           LOCAL                   ADDRESS         
           =====                   =======         
           sLinkID2                0000F400 
    -------------------------------------------------------------------------
XDATA_Z
  Relative segment, address: XDATA 0000F401 - 0000F401 (0x1 bytes), align: 0
  Segment part 22.            Intra module refs:   linkFrom
                                                   sRxCallback
           LOCAL                   ADDRESS         
           =====                   =======         
           sSemaphore              0000F401 
    -------------------------------------------------------------------------
NEAR_CODE
  Relative segment, address: CODE 00000A4E - 00000A72 (0x25 bytes), align: 0
  Segment part 23.
           ENTRY                   ADDRESS         REF BY
           =====                   =======         ======
           main                    00000A4E        ?call_main (?cmain)
               calls direct
    -------------------------------------------------------------------------
NEAR_CODE
  Relative segment, address: CODE 00000A73 - 00000AED (0x7b bytes), align: 0
  Segment part 24.            Intra module refs:   main
           LOCAL                   ADDRESS         
           =====                   =======         
           linkFrom                00000A73 
               calls direct
               XSTACK = 00000000 ( 0000000A )
               ISTACK = 00000000 ( 00000001 )
    -------------------------------------------------------------------------
NEAR_CODE
  Relative segment, address: CODE 00000AEE - 00000AF1 (0x4 bytes), align: 0
  Segment part 25.            Intra module refs:   sRxCallback
           ENTRY                   ADDRESS         REF BY
           =====                   =======         ======
           toggleLED               00000AEE 
               XSTACK = 0000000B ( 00000000 )
    -------------------------------------------------------------------------
NEAR_CODE
  Relative segment, address: CODE 00000AF2 - 00000B84 (0x93 bytes), align: 0
  Segment part 26.            Intra module refs:   main
           LOCAL                   ADDRESS         
           =====                   =======         
           sRxCallback             00000AF2 
               calls direct, is indirectly called
               XSTACK = 00000000 ( 0000000B )
    -------------------------------------------------------------------------
XDATA_ID
  Relative segment, address: CODE 000000E9 - 000000FF (0x17 bytes), align: 0
  Segment part 9.             Intra module refs:   Segment part 8
    -------------------------------------------------------------------------
XDATA_ID
  Relative segment, address: CODE 00000100 - 00000110 (0x11 bytes), align: 0
  Segment part 11.            Intra module refs:   Segment part 10
    -------------------------------------------------------------------------
XDATA_ID
  Relative segment, address: CODE 00000111 - 00000122 (0x12 bytes), align: 0
  Segment part 13.            Intra module refs:   Segment part 12
    -------------------------------------------------------------------------
XDATA_ID
  Relative segment, address: CODE 00000123 - 00000135 (0x13 bytes), align: 0
  Segment part 15.            Intra module refs:   Segment part 14
    -------------------------------------------------------------------------
XDATA_ID
  Relative segment, address: CODE 00000136 - 00000144 (0xf bytes), align: 0
  Segment part 17.            Intra module refs:   Segment part 16
    -------------------------------------------------------------------------
XDATA_ID
  Relative segment, address: CODE 00000145 - 00000153 (0xf bytes), align: 0
  Segment part 19.            Intra module refs:   Segment part 18
    -------------------------------------------------------------------------
XDATA_I
  Relative segment, address: XDATA 0000F541 - 0000F557 (0x17 bytes), align: 0
  Segment part 8.             Intra module refs:   main
    -------------------------------------------------------------------------
XDATA_I
  Relative segment, address: XDATA 0000F558 - 0000F568 (0x11 bytes), align: 0
  Segment part 10.            Intra module refs:   main
    -------------------------------------------------------------------------
XDATA_I
  Relative segment, address: XDATA 0000F569 - 0000F57A (0x12 bytes), align: 0
  Segment part 12.            Intra module refs:   linkFrom
    -------------------------------------------------------------------------
XDATA_I
  Relative segment, address: XDATA 0000F57B - 0000F58D (0x13 bytes), align: 0
  Segment part 14.            Intra module refs:   linkFrom
    -------------------------------------------------------------------------
XDATA_I
  Relative segment, address: XDATA 0000F58E - 0000F59C (0xf bytes), align: 0
  Segment part 16.            Intra module refs:   linkFrom
    -------------------------------------------------------------------------
XDATA_I
  Relative segment, address: XDATA 0000F59D - 0000F5AB (0xf bytes), align: 0
  Segment part 18.            Intra module refs:   sRxCallback

    *************************************************************************

  FILE NAME : C:\Texas Instruments\SimpliciTI-IAR-1.2.0\Projects\Examples\SRF04\Simple_Peer_To_Peer\IAR\LinkListen\Obj\mrfi.r51
  PROGRAM MODULE, NAME : mrfi

  SEGMENTS IN THE MODULE
  ======================
SFR_AN
  Relative segment, address: DATA 000000A9 - 000000A9 (0x1 bytes), align: 0
  Segment part 1. ROOT        Intra module refs:   MRFI_Init
           ENTRY                   ADDRESS         REF BY
           =====                   =======         ======
           _A_IP0xx                000000A9 
           LOCAL                   ADDRESS         
           =====                   =======         
           IP0xx                   000000A9 
    -------------------------------------------------------------------------
SFR_AN
  Relative segment, address: DATA 000000B9 - 000000B9 (0x1 bytes), align: 0
  Segment part 2. ROOT        Intra module refs:   MRFI_Init
           ENTRY                   ADDRESS         REF BY
           =====                   =======         ======
           _A_IP1xx                000000B9 
           LOCAL                   ADDRESS         
           =====                   =======         
           IP1xx                   000000B9 
    -------------------------------------------------------------------------
SFR_AN
  Relative segment, address: DATA 00000091 - 00000091 (0x1 bytes), align: 0
  Segment part 3. ROOT        Intra module refs:   Mrfi_RxModeOff
                                                   Mrfi_RxModeOn
           ENTRY                   ADDRESS         REF BY
           =====                   =======         ======
           RFIM                    00000091 
    -------------------------------------------------------------------------
SFR_AN
  Relative segment, address: DATA 0000009A - 0000009A (0x1 bytes), align: 0
  Segment part 4. ROOT        Intra module refs:   MRFI_Init
           ENTRY                   ADDRESS         REF BY
           =====                   =======         ======
           IEN2                    0000009A 
    -------------------------------------------------------------------------
SFR_AN
  Relative segment, address: DATA 0000009B - 0000009B (0x1 bytes), align: 0
  Segment part 5. ROOT        Intra module refs:   MRFI_RfIsr
                                                   Mrfi_RxModeOff
                                                   Mrfi_RxModeOn
           ENTRY                   ADDRESS         REF BY
           =====                   =======         ======
           S1CON                   0000009B 
    -------------------------------------------------------------------------
SFR_AN
  Relative segment, address: DATA 000000B4 - 000000B4 (0x1 bytes), align: 0
  Segment part 7. ROOT        Intra module refs:   MRFI_RandomByte
           ENTRY                   ADDRESS         REF BY
           =====                   =======         ======
           ADCCON1                 000000B4 
    -------------------------------------------------------------------------
SFR_AN
  Relative segment, address: DATA 000000BC - 000000BC (0x1 bytes), align: 0
  Segment part 8. ROOT        Intra module refs:   MRFI_Init
                                                   MRFI_RandomByte
           ENTRY                   ADDRESS         REF BY
           =====                   =======         ======
           RNDL                    000000BC 
    -------------------------------------------------------------------------
SFR_AN
  Relative segment, address: DATA 000000D1 - 000000D1 (0x1 bytes), align: 0
  Segment part 10. ROOT       Intra module refs:   MRFI_PrepareToTx
                                                   Mrfi_RxModeOff
           ENTRY                   ADDRESS         REF BY
           =====                   =======         ======
           DMAIRQ                  000000D1 
    -------------------------------------------------------------------------
SFR_AN
  Relative segment, address: DATA 000000D4 - 000000D4 (0x1 bytes), align: 0
  Segment part 11. ROOT       Intra module refs:   MRFI_Init
           ENTRY                   ADDRESS         REF BY
           =====                   =======         ======
           DMA0CFGL                000000D4 
    -------------------------------------------------------------------------
SFR_AN
  Relative segment, address: DATA 000000D5 - 000000D5 (0x1 bytes), align: 0
  Segment part 12. ROOT       Intra module refs:   MRFI_Init
           ENTRY                   ADDRESS         REF BY
           =====                   =======         ======
           DMA0CFGH                000000D5 
    -------------------------------------------------------------------------
SFR_AN
  Relative segment, address: DATA 000000D6 - 000000D6 (0x1 bytes), align: 0
  Segment part 13. ROOT       Intra module refs:   MRFI_PrepareToTx
                                                   MRFI_RfIsr
                                                   MRFI_Transmit
                                                   Mrfi_RxModeOff
                                                   Mrfi_RxModeOn
           ENTRY                   ADDRESS         REF BY
           =====                   =======         ======
           DMAARM                  000000D6 
    -------------------------------------------------------------------------
SFR_AN
  Relative segment, address: DATA 000000E1 - 000000E1 (0x1 bytes), align: 0
  Segment part 14. ROOT       Intra module refs:   MRFI_Init
                                                   MRFI_PrepareToTx
                                                   MRFI_Transmit
                                                   MRFI_WakeUp
                                                   Mrfi_RxModeOff
                                                   Mrfi_RxModeOn
           ENTRY                   ADDRESS         REF BY
           =====                   =======         ======
           RFST                    000000E1 
    -------------------------------------------------------------------------
SFR_AN
  Relative segment, address: DATA 000000E9 - 000000E9 (0x1 bytes), align: 0
  Segment part 15. ROOT       Intra module refs:   MRFI_RfIsr
                                                   MRFI_Transmit
                                                   Mrfi_RxModeOff
                                                   Mrfi_RxModeOn
                                                   mrfi_TxDone
           ENTRY                   ADDRESS         REF BY
           =====                   =======         ======
           RFIF                    000000E9 
    -------------------------------------------------------------------------
XDATA_I
  Relative segment, address: XDATA 0000F5AC - 0000F5AF (0x4 bytes), align: 0
  Segment part 22.            Intra module refs:   MRFI_EnableRxAddrFilter
                                                   MRFI_RxAddrIsFiltered
                                                   MRFI_SetRxAddrFilter
           ENTRY                   ADDRESS         REF BY
           =====                   =======         ======
           mrfiBroadcastAddr       0000F5AC        nwk_getBCastAddress (nwk_globals)
    -------------------------------------------------------------------------
XDATA_Z
  Relative segment, address: XDATA 0000F402 - 0000F402 (0x1 bytes), align: 0
  Segment part 24.            Intra module refs:   MRFI_GetRadioState
                                                   MRFI_Init
                                                   MRFI_RfIsr
                                                   MRFI_Rssi
                                                   MRFI_RxIdle
                                                   MRFI_RxOn
                                                   MRFI_SetLogicalChannel
                                                   MRFI_Sleep
                                                   MRFI_Transmit
                                                   MRFI_WakeUp
           LOCAL                   ADDRESS         
           =====                   =======         
           mrfiRadioState          0000F402 
    -------------------------------------------------------------------------
XDATA_Z
  Relative segment, address: XDATA 0000F403 - 0000F432 (0x30 bytes), align: 0
  Segment part 25.            Intra module refs:   MRFI_Init
                                                   MRFI_Receive
                                                   MRFI_RfIsr
                                                   Mrfi_RxModeOn
           LOCAL                   ADDRESS         
           =====                   =======         
           mrfiIncomingPacket      0000F403 
    -------------------------------------------------------------------------
XDATA_Z
  Relative segment, address: XDATA 0000F433 - 0000F433 (0x1 bytes), align: 0
  Segment part 26.            Intra module refs:   MRFI_PostKillSem
                                                   MRFI_ReplyDelay
                                                   Mrfi_DelayUsecSem
           LOCAL                   ADDRESS         
           =====                   =======         
           sKillSem                0000F433 
    -------------------------------------------------------------------------
XDATA_Z
  Relative segment, address: XDATA 0000F434 - 0000F434 (0x1 bytes), align: 0
  Segment part 27.            Intra module refs:   MRFI_PostKillSem
                                                   MRFI_ReplyDelay
           LOCAL                   ADDRESS         
           =====                   =======         
           sReplyDelayContext      0000F434 
    -------------------------------------------------------------------------
XDATA_Z
  Relative segment, address: XDATA 0000F435 - 0000F436 (0x2 bytes), align: 0
  Segment part 28.            Intra module refs:   MRFI_Init
                                                   MRFI_ReplyDelay
           LOCAL                   ADDRESS         
           =====                   =======         
           sReplyDelayScalar       0000F435 
    -------------------------------------------------------------------------
XDATA_Z
  Relative segment, address: XDATA 0000F437 - 0000F438 (0x2 bytes), align: 0
  Segment part 29.            Intra module refs:   MRFI_Init
                                                   Mrfi_RandomBackoffDelay
           LOCAL                   ADDRESS         
           =====                   =======         
           sBackoffHelper          0000F437 
    -------------------------------------------------------------------------
XDATA_Z
  Relative segment, address: XDATA 0000F439 - 0000F440 (0x8 bytes), align: 0
  Segment part 30.            Intra module refs:   MRFI_Init
                                                   MRFI_PrepareToTx
                                                   Mrfi_RxModeOn
           ENTRY                   ADDRESS         REF BY
           =====                   =======         ======
           mrfiDmaCfg              0000F439 
    -------------------------------------------------------------------------
NEAR_CODE
  Relative segment, address: CODE 00000B85 - 00000E29 (0x2a5 bytes), align: 0
  Segment part 47.
           ENTRY                   ADDRESS         REF BY
           =====                   =======         ======
           MRFI_Init               00000B85        SMPL_Init (nwk_api)
               calls direct
               XSTACK = 00000000 ( 0000001D )
    -------------------------------------------------------------------------
NEAR_CODE
  Relative segment, address: CODE 00000E2A - 00000ECB (0xa2 bytes), align: 0
  Segment part 48.            Intra module refs:   MRFI_Transmit
           LOCAL                   ADDRESS         
           =====                   =======         
           MRFI_PrepareToTx        00000E2A 
               XSTACK = 0000000D ( 00000000 )
               ISTACK = 00000000 ( 00000003 )
    -------------------------------------------------------------------------
NEAR_CODE
  Relative segment, address: CODE 00000ECC - 00000EF2 (0x27 bytes), align: 0
  Segment part 49.            Intra module refs:   MRFI_Transmit
           LOCAL                   ADDRESS         
           =====                   =======         
           mrfi_TxDone             00000ECC 
               is indirectly called
               ISTACK = 00000000 ( 00000002 )
    -------------------------------------------------------------------------
NEAR_CODE
  Relative segment, address: CODE 00000EF3 - 00000FDC (0xea bytes), align: 0
  Segment part 50.
           ENTRY                   ADDRESS         REF BY
           =====                   =======         ======
           MRFI_Transmit           00000EF3        nwk_sendFrame (nwk_frame)
               calls direct
               XSTACK = 00000000 ( 00000011 )
    -------------------------------------------------------------------------
XDATA_Z
  Relative segment, address: XDATA 0000F441 - 0000F441 (0x1 bytes), align: 0
  Segment part 31.            Intra module refs:   MRFI_Transmit
           LOCAL                   ADDRESS         
           =====                   =======         
           MRFI_Transmit::ccaRetries
                                   0000F441 
    -------------------------------------------------------------------------
NEAR_CODE
  Relative segment, address: CODE 00000FDD - 00000FF1 (0x15 bytes), align: 0
  Segment part 51.
           ENTRY                   ADDRESS         REF BY
           =====                   =======         ======
           MRFI_Receive            00000FDD        MRFI_RxCompleteISR (nwk_frame)
               ISTACK = 00000000 ( 00000002 )
    -------------------------------------------------------------------------
NEAR_CODE
  Relative segment, address: CODE 00000FF2 - 000010F3 (0x102 bytes), align: 0
  Segment part 52.            Intra module refs:   MRFI_RfIsr::??INTVEC 131
           ENTRY                   ADDRESS         REF BY
           =====                   =======         ======
           MRFI_RfIsr              00000FF2 
               interrupt function
               calls direct
               XSTACK = 00000000 ( 00000013 )
    -------------------------------------------------------------------------
NEAR_CODE
  Relative segment, address: CODE 000010F4 - 0000111E (0x2b bytes), align: 0
  Segment part 53.
           ENTRY                   ADDRESS         REF BY
           =====                   =======         ======
           MRFI_Sleep              000010F4        SMPL_LinkListen (nwk_api)
                                                   nwk_join (nwk_join)
                                                   nwk_radioControl (nwk_ioctl)
               calls direct
               XSTACK = 00000000 ( 00000008 )
    -------------------------------------------------------------------------
NEAR_CODE
  Relative segment, address: CODE 0000111F - 0000115C (0x3e bytes), align: 0
  Segment part 54.
           ENTRY                   ADDRESS         REF BY
           =====                   =======         ======
           MRFI_WakeUp             0000111F        SMPL_Init (nwk_api)
                                                   SMPL_LinkListen (nwk_api)
                                                   nwk_join (nwk_join)
                                                   nwk_radioControl (nwk_ioctl)
               ISTACK = 00000000 ( 00000002 )
    -------------------------------------------------------------------------
NEAR_CODE
  Relative segment, address: CODE 0000115D - 00001163 (0x7 bytes), align: 0
  Segment part 55.            Intra module refs:   Mrfi_RandomBackoffDelay
           ENTRY                   ADDRESS         REF BY
           =====                   =======         ======
           MRFI_RandomByte         0000115D        nwk_frameInit (nwk_frame)
                                                   nwk_joinInit (nwk_join)
                                                   nwk_linkInit (nwk_link)
                                                   nwk_mgmtInit (nwk_mgmt)
                                                   nwk_pingInit (nwk_ping)
               XSTACK = 00000008 ( 00000000 )
    -------------------------------------------------------------------------
NEAR_CODE
  Relative segment, address: CODE 00001164 - 0000121F (0xbc bytes), align: 0
  Segment part 56.            Intra module refs:   MRFI_RfIsr
                                                   MRFI_RxOn
                                                   MRFI_SetLogicalChannel
                                                   MRFI_Transmit
           LOCAL                   ADDRESS         
           =====                   =======         
           Mrfi_RxModeOn           00001164 
               calls direct
               XSTACK = 00000011 ( 0000000B )
               ISTACK = 00000000 ( 00000001 )
    -------------------------------------------------------------------------
NEAR_CODE
  Relative segment, address: CODE 00001220 - 00001245 (0x26 bytes), align: 0
  Segment part 57.
           ENTRY                   ADDRESS         REF BY
           =====                   =======         ======
           MRFI_RxOn               00001220        SMPL_LinkListen (nwk_api)
                                                   nwk_join (nwk_join)
                                                   nwk_radioControl (nwk_ioctl)
               calls direct
               ISTACK = 00000000 ( 00000002 )
    -------------------------------------------------------------------------
NEAR_CODE
  Relative segment, address: CODE 00001246 - 00001268 (0x23 bytes), align: 0
  Segment part 58.            Intra module refs:   MRFI_Init
                                                   MRFI_RfIsr
                                                   MRFI_RxIdle
                                                   MRFI_SetLogicalChannel
                                                   MRFI_Transmit
           LOCAL                   ADDRESS         
           =====                   =======         
           Mrfi_RxModeOff          00001246 
               XSTACK = 0000001B ( 00000000 )
               ISTACK = 00000000 ( 00000002 )
    -------------------------------------------------------------------------
NEAR_CODE
  Relative segment, address: CODE 00001269 - 0000128E (0x26 bytes), align: 0
  Segment part 59.            Intra module refs:   MRFI_Sleep
           ENTRY                   ADDRESS         REF BY
           =====                   =======         ======
           MRFI_RxIdle             00001269        SMPL_LinkListen (nwk_api)
                                                   nwk_join (nwk_join)
                                                   nwk_radioControl (nwk_ioctl)
               calls direct
               XSTACK = 00000008 ( 00000000 )
               ISTACK = 00000000 ( 00000002 )
    -------------------------------------------------------------------------
NEAR_CODE
  Relative segment, address: CODE 0000128F - 000012DC (0x4e bytes), align: 0
  Segment part 60.            Intra module refs:   MRFI_DelayMs
                                                   MRFI_Init
                                                   MRFI_Rssi
                                                   MRFI_Transmit
                                                   Mrfi_RandomBackoffDelay
           LOCAL                   ADDRESS         
           =====                   =======         
           Mrfi_DelayUsec          0000128F 
               calls direct
               XSTACK = 0000001B ( 0000000D )
    -------------------------------------------------------------------------
NEAR_CODE
  Relative segment, address: CODE 000012DD - 00001330 (0x54 bytes), align: 0
  Segment part 61.            Intra module refs:   MRFI_ReplyDelay
           LOCAL                   ADDRESS         
           =====                   =======         
           Mrfi_DelayUsecSem       000012DD 
               calls direct
               XSTACK = 00000009 ( 0000000D )
    -------------------------------------------------------------------------
NEAR_CODE
  Relative segment, address: CODE 00001331 - 00001353 (0x23 bytes), align: 0
  Segment part 62.
           ENTRY                   ADDRESS         REF BY
           =====                   =======         ======
           MRFI_DelayMs            00001331        SMPL_LinkListen (nwk_api)
               calls direct
               XSTACK = 00000000 ( 00000008 )
    -------------------------------------------------------------------------
NEAR_CODE
  Relative segment, address: CODE 00001354 - 000013B7 (0x64 bytes), align: 0
  Segment part 63.
           ENTRY                   ADDRESS         REF BY
           =====                   =======         ======
           MRFI_ReplyDelay         00001354        nwk_join (nwk_join)
               calls direct
               XSTACK = 00000000 ( 00000009 )
    -------------------------------------------------------------------------
NEAR_CODE
  Relative segment, address: CODE 000013B8 - 000014E9 (0x132 bytes), align: 0
  Segment part 64.            Intra module refs:   MRFI_Transmit
           ENTRY                   ADDRESS         REF BY
           =====                   =======         ======
           Mrfi_DelayUsecLong      000013B8 
               calls direct
               XSTACK = 00000011 ( 00000011 )
               ISTACK = 00000000 ( 00000001 )
    -------------------------------------------------------------------------
NEAR_CODE
  Relative segment, address: CODE 000014EA - 000014FE (0x15 bytes), align: 0
  Segment part 65.
           ENTRY                   ADDRESS         REF BY
           =====                   =======         ======
           MRFI_PostKillSem        000014EA        nwk_isConnectionValid (nwk)
                                                   nwk_processJoin (nwk_join)
                                                   nwk_processLink (nwk_link)
                                                   nwk_processMgmt (nwk_mgmt)
                                                   nwk_processPing (nwk_ping)
               ISTACK = 00000000 ( 00000002 )
    -------------------------------------------------------------------------
NEAR_CODE
  Relative segment, address: CODE 000014FF - 00001526 (0x28 bytes), align: 0
  Segment part 66.            Intra module refs:   MRFI_Transmit
           LOCAL                   ADDRESS         
           =====                   =======         
           Mrfi_RandomBackoffDelay
                                   000014FF 
               calls direct
               XSTACK = 0000000D ( 00000008 )
    -------------------------------------------------------------------------
NEAR_CODE
  Relative segment, address: CODE 00001527 - 0000156D (0x47 bytes), align: 0
  Segment part 67.
           ENTRY                   ADDRESS         REF BY
           =====                   =======         ======
           MRFI_Rssi               00001527        nwk_radioControl (nwk_ioctl)
               calls direct
               XSTACK = 00000000 ( 00000008 )
    -------------------------------------------------------------------------
NEAR_CODE
  Relative segment, address: CODE 0000156E - 000015CE (0x61 bytes), align: 0
  Segment part 68.            Intra module refs:   MRFI_RfIsr
                                                   MRFI_Rssi
           LOCAL                   ADDRESS         
           =====                   =======         
           Mrfi_CalculateRssi      0000156E 
               XSTACK = 00000011 ( 00000009 )
    -------------------------------------------------------------------------
NEAR_CODE
  Relative segment, address: CODE 000015CF - 000015DC (0xe bytes), align: 0
  Segment part 69.
           ENTRY                   ADDRESS         REF BY
           =====                   =======         ======
           MRFI_GetRadioState      000015CF        SMPL_LinkListen (nwk_api)
                                                   SMPL_SendOpt (nwk_api)
                                                   nwk_join (nwk_join)
               ISTACK = 00000000 ( 00000002 )
    -------------------------------------------------------------------------
XDATA_I
  Relative segment, address: XDATA 0000F5B0 - 0000F5B3 (0x4 bytes), align: 0
  Segment part 32.            Intra module refs:   MRFI_SetLogicalChannel
           LOCAL                   ADDRESS         
           =====                   =======         
           mrfiLogicalChanTable    0000F5B0 
    -------------------------------------------------------------------------
XDATA_Z
  Relative segment, address: XDATA 0000F442 - 0000F442 (0x1 bytes), align: 0
  Segment part 36.            Intra module refs:   MRFI_EnableRxAddrFilter
                                                   MRFI_RxAddrIsFiltered
           LOCAL                   ADDRESS         
           =====                   =======         
           mrfiRxFilterEnabled     0000F442 
    -------------------------------------------------------------------------
XDATA_I
  Relative segment, address: XDATA 0000F5B4 - 0000F5B7 (0x4 bytes), align: 0
  Segment part 37.            Intra module refs:   MRFI_EnableRxAddrFilter
                                                   MRFI_RxAddrIsFiltered
                                                   MRFI_SetRxAddrFilter
           LOCAL                   ADDRESS         
           =====                   =======         
           mrfiRxFilterAddr        0000F5B4 
    -------------------------------------------------------------------------
XDATA_I
  Relative segment, address: XDATA 0000F5B8 - 0000F5BB (0x4 bytes), align: 0
  Segment part 39.            Intra module refs:   MRFI_Init
           ENTRY                   ADDRESS         REF BY
           =====                   =======         ======
           __Constant_5            0000F5B8 
    -------------------------------------------------------------------------
XDATA_I
  Relative segment, address: XDATA 0000F5BC - 0000F5BF (0x4 bytes), align: 0
  Segment part 43.            Intra module refs:   MRFI_Transmit
           ENTRY                   ADDRESS         REF BY
           =====                   =======         ======
           __Constant_6            0000F5BC 
    -------------------------------------------------------------------------
NEAR_CODE
  Relative segment, address: CODE 000015DD - 00001613 (0x37 bytes), align: 0
  Segment part 70.            Intra module refs:   MRFI_Init
           ENTRY                   ADDRESS         REF BY
           =====                   =======         ======
           MRFI_SetLogicalChannel
                                   000015DD 
               calls direct
               XSTACK = 0000001B ( 00000008 )
    -------------------------------------------------------------------------
NEAR_CODE
  Relative segment, address: CODE 00001614 - 00001663 (0x50 bytes), align: 0
  Segment part 72.
           ENTRY                   ADDRESS         REF BY
           =====                   =======         ======
           MRFI_SetRxAddrFilter    00001614        SMPL_Init (nwk_api)
               ISTACK = 00000000 ( 00000003 )
    -------------------------------------------------------------------------
NEAR_CODE
  Relative segment, address: CODE 00001664 - 00001688 (0x25 bytes), align: 0
  Segment part 73.
           ENTRY                   ADDRESS         REF BY
           =====                   =======         ======
           MRFI_EnableRxAddrFilter
                                   00001664        SMPL_Init (nwk_api)
               ISTACK = 00000000 ( 00000002 )
    -------------------------------------------------------------------------
NEAR_CODE
  Relative segment, address: CODE 00001689 - 000016EF (0x67 bytes), align: 0
  Segment part 75.            Intra module refs:   MRFI_RfIsr
           ENTRY                   ADDRESS         REF BY
           =====                   =======         ======
           MRFI_RxAddrIsFiltered   00001689 
               XSTACK = 00000011 ( 00000008 )
    -------------------------------------------------------------------------
INTVEC
  Common segment, address: CODE 00000000 - 00000085 (0x86 bytes), align: 0
  Segment part 16. ROOT 
           ENTRY                   ADDRESS         REF BY
           =====                   =======         ======
           MRFI_RfIsr::??INTVEC 131
                                   00000083 
    -------------------------------------------------------------------------
XDATA_ID
  Relative segment, address: CODE 00000154 - 00000157 (0x4 bytes), align: 0
  Segment part 23.            Intra module refs:   mrfiBroadcastAddr
    -------------------------------------------------------------------------
XDATA_ID
  Relative segment, address: CODE 00000158 - 0000015B (0x4 bytes), align: 0
  Segment part 33.            Intra module refs:   mrfiLogicalChanTable
    -------------------------------------------------------------------------
XDATA_ID
  Relative segment, address: CODE 0000015C - 0000015F (0x4 bytes), align: 0
  Segment part 38.            Intra module refs:   mrfiRxFilterAddr
    -------------------------------------------------------------------------
XDATA_ID
  Relative segment, address: CODE 00000160 - 00000163 (0x4 bytes), align: 0
  Segment part 40.            Intra module refs:   __Constant_5
    -------------------------------------------------------------------------
XDATA_ID
  Relative segment, address: CODE 00000164 - 00000167 (0x4 bytes), align: 0
  Segment part 44.            Intra module refs:   __Constant_6

    *************************************************************************

  FILE NAME : C:\Texas Instruments\SimpliciTI-IAR-1.2.0\Projects\Examples\SRF04\Simple_Peer_To_Peer\IAR\LinkListen\Obj\nwk.r51
  PROGRAM MODULE, NAME : nwk

  SEGMENTS IN THE MODULE
  ======================
XDATA_I
  Relative segment, address: XDATA 0000F5C0 - 0000F5E5 (0x26 bytes), align: 0
  Segment part 6.             Intra module refs:   initializeConnection
                                                   map_lid2idx
                                                   nwk_allocateLocalRxPort
                                                   nwk_getConnInfo
                                                   nwk_getNextConnection
                                                   nwk_isConnectionValid
                                                   nwk_isLinkDuplicate
                                                   nwk_nwkInit
           LOCAL                   ADDRESS         
           =====                   =======         
           sPersistInfo            0000F5C0 
    -------------------------------------------------------------------------
NEAR_CODE
  Relative segment, address: CODE 000016F0 - 0000179B (0xac bytes), align: 0
  Segment part 8.
           ENTRY                   ADDRESS         REF BY
           =====                   =======         ======
           nwk_nwkInit             000016F0        SMPL_Init (nwk_api)
               calls direct
               XSTACK = 00000000 ( 0000000B )
    -------------------------------------------------------------------------
NEAR_CODE
  Relative segment, address: CODE 0000179C - 00001828 (0x8d bytes), align: 0
  Segment part 9.
           ENTRY                   ADDRESS         REF BY
           =====                   =======         ======
           nwk_getNextConnection   0000179C        smpl_send_link_reply (nwk_link)
               calls direct
               XSTACK = 00000000 ( 00000008 )
    -------------------------------------------------------------------------
NEAR_CODE
  Relative segment, address: CODE 00001829 - 000018AB (0x83 bytes), align: 0
  Segment part 10.            Intra module refs:   nwk_getNextConnection
           LOCAL                   ADDRESS         
           =====                   =======         
           initializeConnection    00001829 
               calls direct
               XSTACK = 00000008 ( 0000000A )
               ISTACK = 00000000 ( 00000001 )
    -------------------------------------------------------------------------
NEAR_CODE
  Relative segment, address: CODE 000018AC - 000018BB (0x10 bytes), align: 0
  Segment part 11.
           ENTRY                   ADDRESS         REF BY
           =====                   =======         ======
           nwk_freeConnection      000018AC        nwk_connectionControl (nwk_ioctl)
                                                   smpl_send_link_reply (nwk_link)
               ISTACK = 00000000 ( 00000002 )
    -------------------------------------------------------------------------
NEAR_CODE
  Relative segment, address: CODE 000018BC - 0000193A (0x7f bytes), align: 0
  Segment part 12.
           ENTRY                   ADDRESS         REF BY
           =====                   =======         ======
           nwk_getConnInfo         000018BC        SMPL_Receive (nwk_api)
                                                   SMPL_SendOpt (nwk_api)
                                                   nwk_QfindOldest (nwk_QMgmt)
                                                   nwk_connectionControl (nwk_ioctl)
                                                   nwk_radioControl (nwk_ioctl)
                                                   nwk_retrieveFrame (nwk_frame)
               calls direct
               XSTACK = 00000000 ( 00000009 )
    -------------------------------------------------------------------------
NEAR_CODE
  Relative segment, address: CODE 0000193B - 000019B0 (0x76 bytes), align: 0
  Segment part 13.
           ENTRY                   ADDRESS         REF BY
           =====                   =======         ======
           nwk_isLinkDuplicate     0000193B        smpl_send_link_reply (nwk_link)
               calls direct
               XSTACK = 00000000 ( 0000000F )
    -------------------------------------------------------------------------
NEAR_CODE
  Relative segment, address: CODE 000019B1 - 000019F7 (0x47 bytes), align: 0
  Segment part 15.
           ENTRY                   ADDRESS         REF BY
           =====                   =======         ======
           nwk_checkConnInfo       000019B1        SMPL_Receive (nwk_api)
                                                   SMPL_SendOpt (nwk_api)
               ISTACK = 00000000 ( 00000002 )
    -------------------------------------------------------------------------
NEAR_CODE
  Relative segment, address: CODE 000019F8 - 00001AAA (0xb3 bytes), align: 0
  Segment part 16.
           ENTRY                   ADDRESS         REF BY
           =====                   =======         ======
           nwk_isConnectionValid   000019F8        dispatchFrame (nwk_frame)
               calls direct
               XSTACK = 00000000 ( 00000011 )
               ISTACK = 00000000 ( 00000001 )
    -------------------------------------------------------------------------
NEAR_CODE
  Relative segment, address: CODE 00001AAB - 00001C6F (0x1c5 bytes), align: 0
  Segment part 17.
           ENTRY                   ADDRESS         REF BY
           =====                   =======         ======
           nwk_allocateLocalRxPort
                                   00001AAB        smpl_send_link_reply (nwk_link)
               calls direct
               XSTACK = 00000000 ( 00000013 )
               ISTACK = 00000000 ( 00000001 )
    -------------------------------------------------------------------------
NEAR_CODE
  Relative segment, address: CODE 00001C70 - 00001CF0 (0x81 bytes), align: 0
  Segment part 18.
           ENTRY                   ADDRESS         REF BY
           =====                   =======         ======
           nwk_isValidReply        00001C70        nwk_processJoin (nwk_join)
                                                   nwk_processLink (nwk_link)
                                                   nwk_processMgmt (nwk_mgmt)
                                                   nwk_processPing (nwk_ping)
               calls direct
               XSTACK = 00000000 ( 0000000F )
    -------------------------------------------------------------------------
NEAR_CODE
  Relative segment, address: CODE 00001CF1 - 00001D41 (0x51 bytes), align: 0
  Segment part 19.            Intra module refs:   initializeConnection
                                                   nwk_getConnInfo
           LOCAL                   ADDRESS         
           =====                   =======         
           map_lid2idx             00001CF1 
               XSTACK = 0000000A ( 00000008 )
               ISTACK = 00000000 ( 00000001 )
    -------------------------------------------------------------------------
NEAR_CODE
  Relative segment, address: CODE 00001D42 - 00001D9E (0x5d bytes), align: 0
  Segment part 22.
           ENTRY                   ADDRESS         REF BY
           =====                   =======         ======
           nwk_getNumObjectFromMsg
                                   00001D42        smpl_send_link_reply (nwk_link)
               calls direct
               XSTACK = 00000000 ( 0000000F )
    -------------------------------------------------------------------------
NEAR_CODE
  Relative segment, address: CODE 00001D9F - 00001E33 (0x95 bytes), align: 0
  Segment part 23.
           ENTRY                   ADDRESS         REF BY
           =====                   =======         ======
           nwk_putNumObjectIntoMsg
                                   00001D9F        nwk_join (nwk_join)
               calls direct
               XSTACK = 00000000 ( 00000017 )
    -------------------------------------------------------------------------
XDATA_ID
  Relative segment, address: CODE 00000168 - 0000018D (0x26 bytes), align: 0
  Segment part 7.             Intra module refs:   sPersistInfo

    *************************************************************************

  FILE NAME : C:\Texas Instruments\SimpliciTI-IAR-1.2.0\Projects\Examples\SRF04\Simple_Peer_To_Peer\IAR\LinkListen\Obj\nwk_api.r51
  PROGRAM MODULE, NAME : nwk_api

  SEGMENTS IN THE MODULE
  ======================
XDATA_Z
  Relative segment, address: XDATA 0000F443 - 0000F443 (0x1 bytes), align: 0
  Segment part 6.             Intra module refs:   SMPL_Init
                                                   SMPL_Ioctl
           LOCAL                   ADDRESS         
           =====                   =======         
           sInit_done              0000F443 
    -------------------------------------------------------------------------
NEAR_CODE
  Relative segment, address: CODE 00001E34 - 00001E7F (0x4c bytes), align: 0
  Segment part 7.
           ENTRY                   ADDRESS         REF BY
           =====                   =======         ======
           SMPL_Init               00001E34        main (main_LinkListen)
               calls direct
               XSTACK = 00000000 ( 0000000B )
    -------------------------------------------------------------------------
NEAR_CODE
  Relative segment, address: CODE 00001E80 - 00001EF9 (0x7a bytes), align: 0
  Segment part 8.
           ENTRY                   ADDRESS         REF BY
           =====                   =======         ======
           SMPL_LinkListen         00001E80        linkFrom (main_LinkListen)
               calls direct
               XSTACK = 00000000 ( 00000009 )
               ISTACK = 00000000 ( 00000001 )
    -------------------------------------------------------------------------
NEAR_CODE
  Relative segment, address: CODE 00001EFA - 00001F25 (0x2c bytes), align: 0
  Segment part 9.
           ENTRY                   ADDRESS         REF BY
           =====                   =======         ======
           SMPL_Send               00001EFA        linkFrom (main_LinkListen)
               calls direct
               XSTACK = 00000000 ( 0000000D )
    -------------------------------------------------------------------------
NEAR_CODE
  Relative segment, address: CODE 00001F26 - 00002021 (0xfc bytes), align: 0
  Segment part 10.            Intra module refs:   SMPL_Send
           ENTRY                   ADDRESS         REF BY
           =====                   =======         ======
           SMPL_SendOpt            00001F26 
               calls direct
               XSTACK = 0000000D ( 00000014 )
               ISTACK = 00000000 ( 00000001 )
    -------------------------------------------------------------------------
NEAR_CODE
  Relative segment, address: CODE 00002022 - 000020A8 (0x87 bytes), align: 0
  Segment part 11.
           ENTRY                   ADDRESS         REF BY
           =====                   =======         ======
           SMPL_Receive            00002022        sRxCallback (main_LinkListen)
[...]

    -------------------------------------------------------------------------
  LIBRARY MODULE, NAME : ?FUNC_LEAVE_XDATA

  SEGMENTS IN THE MODULE
  ======================
RCODE
  Relative segment, address: CODE 0000050C - 0000054B (0x40 bytes), align: 0
  Segment part 1.
           ENTRY                   ADDRESS         REF BY
           =====                   =======         ======
           ?FUNC_LEAVE_XDATA       0000050C        MRFI_DelayMs (mrfi)
                                                   MRFI_Init (mrfi)
                                                   MRFI_ReplyDelay (mrfi)
                                                   MRFI_Rssi (mrfi)
                                                   MRFI_RxAddrIsFiltered (mrfi)
                                                   MRFI_RxCompleteISR (nwk_frame)
                                                   MRFI_SetLogicalChannel (mrfi)
                                                   MRFI_Sleep (mrfi)
                                                   MRFI_Transmit (mrfi)
                                                   Mrfi_CalculateRssi (mrfi)
                                                   Mrfi_DelayUsec (mrfi)
                                                   Mrfi_DelayUsecLong (mrfi)
                                                   Mrfi_DelayUsecSem (mrfi)
                                                   Mrfi_RandomBackoffDelay (mrfi)
                                                   Mrfi_RxModeOn (mrfi)
                                                   SMPL_Init (nwk_api)
                                                   SMPL_Ioctl (nwk_api)
                                                   SMPL_LinkListen (nwk_api)
                                                   SMPL_Receive (nwk_api)
                                                   SMPL_Send (nwk_api)
                                                   SMPL_SendOpt (nwk_api)
                                                   UART0SendNum (debugging)
                                                   dispatchFrame (nwk_frame)
                                                   handleLinkRequest (nwk_link)
                                                   handlePingRequest (nwk_ping)
                                                   initializeConnection (nwk)
                                                   itoa (debugging)
                                                   map_lid2idx (nwk)
                                                   memcmp (?memcmp)
                                                   memcpy (?memcpy)
                                                   memmove (?memmove)
                                                   nwk_QInit (nwk_QMgmt)
                                                   nwk_QadjustOrder (nwk_QMgmt)
                                                   nwk_QfindOldest (nwk_QMgmt)
                                                   nwk_QfindSlot (nwk_QMgmt)
                                                   nwk_allocateLocalRxPort (nwk)
                                                   nwk_buildFrame (nwk_frame)
                                                   nwk_connectionControl (nwk_ioctl)
                                                   nwk_deviceAddress (nwk_ioctl)
                                                   nwk_frameInit (nwk_frame)
                                                   nwk_getConnInfo (nwk)
                                                   nwk_getLocalLinkID (nwk_link)
                                                   nwk_getNextConnection (nwk)
                                                   nwk_getNumObjectFromMsg (nwk)
                                                   nwk_globalsInit (nwk_globals)
                                                   nwk_isConnectionValid (nwk)
                                                   nwk_isLinkDuplicate (nwk)
                                                   nwk_isValidReply (nwk)
                                                   nwk_join (nwk_join)
                                                   nwk_joinInit (nwk_join)
                                                   nwk_linkInit (nwk_link)
                                                   nwk_nwkInit (nwk)
                                                   nwk_processJoin (nwk_join)
                                                   nwk_processLink (nwk_link)
                                                   nwk_processMgmt (nwk_mgmt)
                                                   nwk_processPing (nwk_ping)
                                                   nwk_putNumObjectIntoMsg (nwk)
                                                   nwk_radioControl (nwk_ioctl)
                                                   nwk_rawReceive (nwk_ioctl)
                                                   nwk_rawSend (nwk_ioctl)
                                                   nwk_retrieveFrame (nwk_frame)
                                                   nwk_sendFrame (nwk_frame)
                                                   nwk_setAPAddress (nwk_globals)
                                                   nwk_setLinkToken (nwk_link)
                                                   nwk_setMyAddress (nwk_globals)
                                                   reverse (debugging)
                                                   sRxCallback (main_LinkListen)
                                                   smpl_send_link_reply (nwk_link)
                                                   smpl_send_ping_reply (nwk_ping)

    -------------------------------------------------------------------------
  LIBRARY MODULE, NAME : ?INTERRUPT_ENTER_XSP

  SEGMENTS IN THE MODULE
  ======================
RCODE
  Relative segment, address: CODE 0000054C - 000005AA (0x5f bytes), align: 0
  Segment part 1.
           ENTRY                   ADDRESS         REF BY
           =====                   =======         ======
           ?INTERRUPT_ENTER_XSP    0000054C        MRFI_RfIsr (mrfi)

    -------------------------------------------------------------------------
  LIBRARY MODULE, NAME : ?INTERRUPT_LEAVE_XSP

  SEGMENTS IN THE MODULE
  ======================
RCODE
  Relative segment, address: CODE 000005AB - 00000602 (0x58 bytes), align: 0
  Segment part 1.
           ENTRY                   ADDRESS         REF BY
           =====                   =======         ======
           ?INTERRUPT_LEAVE_XSP    000005AB        MRFI_RfIsr (mrfi)

    -------------------------------------------------------------------------
  LIBRARY MODULE, NAME : ?PUSH_XSTACK_I

  SEGMENTS IN THE MODULE
  ======================
RCODE
  Relative segment, address: CODE 00000603 - 00000606 (0x4 bytes), align: 0
  Segment part 2.
           ENTRY                   ADDRESS         REF BY
           =====                   =======         ======
           ?PUSH_XSTACK_I_TWO      00000603        MRFI_Init (mrfi)
                                                   MRFI_RfIsr (mrfi)
                                                   MRFI_Transmit (mrfi)
                                                   Mrfi_RxModeOn (mrfi)
                                                   SMPL_Ioctl (nwk_api)
                                                   SMPL_Receive (nwk_api)
                                                   SMPL_Send (nwk_api)
                                                   SMPL_SendOpt (nwk_api)
                                                   UART0SendNum (debugging)
                                                   dispatchFrame (nwk_frame)
                                                   nwk_QInit (nwk_QMgmt)
                                                   nwk_QfindOldest (nwk_QMgmt)
                                                   nwk_allocateLocalRxPort (nwk)
                                                   nwk_buildFrame (nwk_frame)
                                                   nwk_deviceAddress (nwk_ioctl)
                                                   nwk_getNumObjectFromMsg (nwk)
                                                   nwk_globalsInit (nwk_globals)
                                                   nwk_isConnectionValid (nwk)
                                                   nwk_isLinkDuplicate (nwk)
                                                   nwk_isValidReply (nwk)
                                                   nwk_join (nwk_join)
                                                   nwk_linkInit (nwk_link)
                                                   nwk_nwkInit (nwk)
                                                   nwk_processMgmt (nwk_mgmt)
                                                   nwk_putNumObjectIntoMsg (nwk)
                                                   nwk_radioControl (nwk_ioctl)
                                                   nwk_rawReceive (nwk_ioctl)
                                                   nwk_rawSend (nwk_ioctl)
                                                   nwk_retrieveFrame (nwk_frame)
                                                   nwk_setAPAddress (nwk_globals)
                                                   nwk_setMyAddress (nwk_globals)
                                                   smpl_send_link_reply (nwk_link)
                                                   smpl_send_ping_reply (nwk_ping)
    -------------------------------------------------------------------------
RCODE
  Relative segment, address: CODE 00000607 - 00000613 (0xd bytes), align: 0
  Segment part 4.             Intra module refs:   ?PUSH_XSTACK_I_TWO
           ENTRY                   ADDRESS         REF BY
           =====                   =======         ======
           ?PUSH_XSTACK_I          00000607 

    -------------------------------------------------------------------------
  LIBRARY MODULE, NAME : ?PUSH_XSTACK8_X

  SEGMENTS IN THE MODULE
  ======================
RCODE
  Relative segment, address: CODE 00000614 - 00000617 (0x4 bytes), align: 0
  Segment part 3.
           ENTRY                   ADDRESS         REF BY
           =====                   =======         ======
           ?PUSH_XSTACK8_X_TWO     00000614        nwk_rawReceive (nwk_ioctl)
    -------------------------------------------------------------------------
RCODE
  Relative segment, address: CODE 00000618 - 00000640 (0x29 bytes), align: 0
  Segment part 5.             Intra module refs:   ?PUSH_XSTACK8_X_TWO
           ENTRY                   ADDRESS         REF BY
           =====                   =======         ======
           ?PUSH_XSTACK8_X         00000618 

    -------------------------------------------------------------------------
  LIBRARY MODULE, NAME : ?memcmp

  SEGMENTS IN THE MODULE
  ======================
NEAR_CODE
  Relative segment, address: CODE 00003593 - 000035DE (0x4c bytes), align: 0
  Segment part 6.
           ENTRY                   ADDRESS         REF BY
           =====                   =======         ======
           memcmp                  00003593        dispatchFrame (nwk_frame)
                                                   nwk_QfindOldest (nwk_QMgmt)
                                                   nwk_allocateLocalRxPort (nwk)
                                                   nwk_isConnectionValid (nwk)
                                                   nwk_isLinkDuplicate (nwk)
                                                   nwk_isValidReply (nwk)
                                                   nwk_processMgmt (nwk_mgmt)
               XSTACK = 00000002 ( 00000008 )

    -------------------------------------------------------------------------
  LIBRARY MODULE, NAME : ?memcpy

  SEGMENTS IN THE MODULE
  ======================
NEAR_CODE
  Relative segment, address: CODE 000035DF - 00003624 (0x46 bytes), align: 0
  Segment part 6.
           ENTRY                   ADDRESS         REF BY
           =====                   =======         ======
           memcpy                  000035DF        SMPL_Ioctl (nwk_api)
                                                   SMPL_SendOpt (nwk_api)
                                                   nwk_buildFrame (nwk_frame)
                                                   nwk_deviceAddress (nwk_ioctl)
                                                   nwk_globalsInit (nwk_globals)
                                                   nwk_join (nwk_join)
                                                   nwk_nwkInit (nwk)
                                                   nwk_radioControl (nwk_ioctl)
                                                   nwk_rawSend (nwk_ioctl)
                                                   nwk_retrieveFrame (nwk_frame)
                                                   nwk_setAPAddress (nwk_globals)
                                                   nwk_setMyAddress (nwk_globals)
                                                   smpl_send_link_reply (nwk_link)
                                                   smpl_send_ping_reply (nwk_ping)
               XSTACK = 00000002 ( 00000009 )
               ISTACK = 00000000 ( 00000001 )

    -------------------------------------------------------------------------
  LIBRARY MODULE, NAME : ?memmove

  SEGMENTS IN THE MODULE
  ======================
NEAR_CODE
  Relative segment, address: CODE 00003625 - 000036AA (0x86 bytes), align: 0
  Segment part 6.
           ENTRY                   ADDRESS         REF BY
           =====                   =======         ======
           memmove                 00003625        MRFI_RfIsr (mrfi)
                                                   nwk_getNumObjectFromMsg (nwk)
                                                   nwk_putNumObjectIntoMsg (nwk)
               XSTACK = 00000002 ( 00000009 )
               ISTACK = 00000000 ( 00000001 )
    -------------------------------------------------------------------------
NEAR_CODE
  Relative segment, address: CODE 000036AB - 000036BD (0x13 bytes), align: 0
  Segment part 7.             Intra module refs:   memmove

    -------------------------------------------------------------------------
  LIBRARY MODULE, NAME : ?memset

  SEGMENTS IN THE MODULE
  ======================
NEAR_CODE
  Relative segment, address: CODE 000036BE - 000036E7 (0x2a bytes), align: 0
  Segment part 6.
           ENTRY                   ADDRESS         REF BY
           =====                   =======         ======
           memset                  000036BE        MRFI_Init (mrfi)
                                                   MRFI_RfIsr (mrfi)
                                                   Mrfi_RxModeOn (mrfi)
                                                   nwk_QInit (nwk_QMgmt)
                                                   nwk_allocateLocalRxPort (nwk)
                                                   nwk_globalsInit (nwk_globals)
                                                   nwk_linkInit (nwk_link)
                                                   nwk_nwkInit (nwk)
               XSTACK = 00000002 ( 00000000 )
               ISTACK = 00000000 ( 00000002 )

    -------------------------------------------------------------------------
  LIBRARY MODULE, NAME : ?strlen

  SEGMENTS IN THE MODULE
  ======================
NEAR_CODE
  Relative segment, address: CODE 000036E8 - 00003703 (0x1c bytes), align: 0
  Segment part 6.
           ENTRY                   ADDRESS         REF BY
           =====                   =======         ======
           strlen                  000036E8        reverse (debugging)
               ISTACK = 00000000 ( 00000002 )




                ****************************************
                *                                      *
                *      SEGMENTS IN ADDRESS ORDER       *
                *                                      *
                ****************************************


SEGMENT              SPACE    START ADDRESS   END ADDRESS     SIZE  TYPE  ALIGN
=======              =====    =============   ===========     ====  ====  =====
INTVEC               CODE          00000000 - 00000085          86   com    0
CSTART               CODE          00000086 - 000000D5          50   rel    0
BIT_ID               CODE               000000D6                     dse    0
DATA_ID              CODE               000000D6                     dse    0
IDATA_ID             CODE               000000D6                     dse    0
PDATA_ID             CODE               000000D6                     dse    0
BDATA_ID             CODE               000000D6                     dse    0
IXDATA_ID            CODE               000000D6                     dse    0
XDATA_ID             CODE          000000D6 - 000001A2          CD   rel    0
RCODE                CODE          000001A3 - 00000640         49E   rel    0
CODE_C               CODE               00000641                     dse    0
DIFUNCT              CODE               00000641                     dse    0
CODE_N               CODE               00000641                     dse    0
NEAR_CODE            CODE          00000641 - 00003703        30C3   rel    0
REGISTERS            DATA          00000000 - 00000007           8   rel    0
VREG                 DATA          00000008 - 0000000F           8   rel    0
PSP                  DATA               00000010                     dse    0
XSP                  DATA          00000010 - 00000011           2   rel    0
BREG                 BIT        00000020.0  -  00000020.7        8   rel    0
SFR_AN               DATA          00000080 - 00000080           1   rel    0
                     DATA          00000086 - 00000086           1 
                     DATA          0000008F - 00000091           3 
                     DATA          0000009A - 0000009B           2 
                     DATA          000000A8 - 000000A9           2 
                     DATA          000000B4 - 000000B4           1 
                     DATA          000000B9 - 000000B9           1 
                     DATA          000000BC - 000000BC           1 
                     DATA          000000BE - 000000BE           1 
                     DATA          000000C1 - 000000C2           2 
                     DATA          000000C4 - 000000C6           3 
                     DATA          000000CB - 000000CB           1 
                     DATA          000000CD - 000000CD           1 
                     DATA          000000D1 - 000000D1           1 
                     DATA          000000D4 - 000000D6           3 
                     DATA          000000D8 - 000000D8           1 
                     DATA          000000E1 - 000000E1           1 
                     DATA          000000E9 - 000000E9           1 
                     DATA          000000F1 - 000000F1           1 
                     DATA          000000F3 - 000000F3           1 
                     DATA          000000FE - 000000FE           1 
XSTACK               XDATA         0000F000 - 0000F3FE         3FF   rel    0
XDATA_Z              XDATA         0000F3FF - 0000F52D         12F   rel    0
XDATA_I              XDATA         0000F52E - 0000F5FA          CD   rel    0
ISTACK               IDATA         00000030 - 000000FF          D0   rel    0

                ****************************************
                *                                      *
                *        END OF CROSS REFERENCE        *
                *                                      *
                ****************************************

 14 084 bytes of CODE  memory
     18 bytes of DATA  memory (+ 30 absolute )
  1 531 bytes of XDATA memory
    208 bytes of IDATA memory
      8 bits  of BIT   memory

Errors: none
Warnings: none

