################################################################################
#                                                                              #
#      IAR Universal Linker V6.2.2.68                                          #
#                                                                              #
#           Link time     =  13/Apr/2016  22:30:10                             #
#           Target CPU    =  x51                                               #
#           List file     =  C:\Users\dtung\Downloads\SimpliciTI-IAR-1.2.0\Pro #
#                            jects\Examples\SRF04\AP_as_Data_Hub\IAR\CC1110-Ac #
#                            cess_Point\List\AP_as_Data_Hub.map                #
#           Output file 1 =  C:\Users\dtung\Downloads\SimpliciTI-IAR-1.2.0\Pro #
#                            jects\Examples\SRF04\AP_as_Data_Hub\IAR\CC1110-Ac #
#                            cess_Point\Exe\AP_as_Data_Hub.hex                 #
#                            Format: ubrof10                                   #
#                            UBROF version 10.0.6                              #
#                            Using library modules for C-SPY (-rt)             #
#           Command line  =  "-IC:\Program Files\IAR Systems\Embedded Workbenc #
#                            h 7.2\8051\CONFIG\"                               #
#                            -D_NR_OF_BANKS=0 -D_CODEBANK_END=0                #
#                            -D_CODEBANK_START=0                               #
#                            C:\Users\dtung\Downloads\SimpliciTI-IAR-1.2.0\Pro #
#                            jects\Examples\SRF04\AP_as_Data_Hub\IAR\CC1110-Ac #
#                            cess_Point\Obj\bsp.r51                            #
#                            C:\Users\dtung\Downloads\SimpliciTI-IAR-1.2.0\Pro #
#                            jects\Examples\SRF04\AP_as_Data_Hub\IAR\CC1110-Ac #
#                            cess_Point\Obj\debugging.r51                      #
#                            C:\Users\dtung\Downloads\SimpliciTI-IAR-1.2.0\Pro #
#                            jects\Examples\SRF04\AP_as_Data_Hub\IAR\CC1110-Ac #
#                            cess_Point\Obj\main_AP_Async_Listen_autoack.r51   #
#                            C:\Users\dtung\Downloads\SimpliciTI-IAR-1.2.0\Pro #
#                            jects\Examples\SRF04\AP_as_Data_Hub\IAR\CC1110-Ac #
#                            cess_Point\Obj\mrfi.r51                           #
#                            C:\Users\dtung\Downloads\SimpliciTI-IAR-1.2.0\Pro #
#                            jects\Examples\SRF04\AP_as_Data_Hub\IAR\CC1110-Ac #
#                            cess_Point\Obj\nwk.r51                            #
#                            C:\Users\dtung\Downloads\SimpliciTI-IAR-1.2.0\Pro #
#                            jects\Examples\SRF04\AP_as_Data_Hub\IAR\CC1110-Ac #
#                            cess_Point\Obj\nwk_api.r51                        #
#                            C:\Users\dtung\Downloads\SimpliciTI-IAR-1.2.0\Pro #
#                            jects\Examples\SRF04\AP_as_Data_Hub\IAR\CC1110-Ac #
#                            cess_Point\Obj\nwk_frame.r51                      #
#                            C:\Users\dtung\Downloads\SimpliciTI-IAR-1.2.0\Pro #
#                            jects\Examples\SRF04\AP_as_Data_Hub\IAR\CC1110-Ac #
#                            cess_Point\Obj\nwk_freq.r51                       #
#                            C:\Users\dtung\Downloads\SimpliciTI-IAR-1.2.0\Pro #
#                            jects\Examples\SRF04\AP_as_Data_Hub\IAR\CC1110-Ac #
#                            cess_Point\Obj\nwk_globals.r51                    #
#                            C:\Users\dtung\Downloads\SimpliciTI-IAR-1.2.0\Pro #
#                            jects\Examples\SRF04\AP_as_Data_Hub\IAR\CC1110-Ac #
#                            cess_Point\Obj\nwk_ioctl.r51                      #
#                            C:\Users\dtung\Downloads\SimpliciTI-IAR-1.2.0\Pro #
#                            jects\Examples\SRF04\AP_as_Data_Hub\IAR\CC1110-Ac #
#                            cess_Point\Obj\nwk_join.r51                       #
#                            C:\Users\dtung\Downloads\SimpliciTI-IAR-1.2.0\Pro #
#                            jects\Examples\SRF04\AP_as_Data_Hub\IAR\CC1110-Ac #
#                            cess_Point\Obj\nwk_link.r51                       #
#                            C:\Users\dtung\Downloads\SimpliciTI-IAR-1.2.0\Pro #
#                            jects\Examples\SRF04\AP_as_Data_Hub\IAR\CC1110-Ac #
#                            cess_Point\Obj\nwk_mgmt.r51                       #
#                            C:\Users\dtung\Downloads\SimpliciTI-IAR-1.2.0\Pro #
#                            jects\Examples\SRF04\AP_as_Data_Hub\IAR\CC1110-Ac #
#                            cess_Point\Obj\nwk_ping.r51                       #
#                            C:\Users\dtung\Downloads\SimpliciTI-IAR-1.2.0\Pro #
#                            jects\Examples\SRF04\AP_as_Data_Hub\IAR\CC1110-Ac #
#                            cess_Point\Obj\nwk_pll.r51                        #
#                            C:\Users\dtung\Downloads\SimpliciTI-IAR-1.2.0\Pro #
#                            jects\Examples\SRF04\AP_as_Data_Hub\IAR\CC1110-Ac #
#                            cess_Point\Obj\nwk_QMgmt.r51                      #
#                            C:\Users\dtung\Downloads\SimpliciTI-IAR-1.2.0\Pro #
#                            jects\Examples\SRF04\AP_as_Data_Hub\IAR\CC1110-Ac #
#                            cess_Point\Obj\nwk_security.r51                   #
#                            -o                                                #
#                            C:\Users\dtung\Downloads\SimpliciTI-IAR-1.2.0\Pro #
#                            jects\Examples\SRF04\AP_as_Data_Hub\IAR\CC1110-Ac #
#                            cess_Point\Exe\AP_as_Data_Hub.hex                 #
#                            -l                                                #
#                            C:\Users\dtung\Downloads\SimpliciTI-IAR-1.2.0\Pro #
#                            jects\Examples\SRF04\AP_as_Data_Hub\IAR\CC1110-Ac #
#                            cess_Point\List\AP_as_Data_Hub.map                #
#                            -xms                                              #
#                            "-IC:\Program Files\IAR Systems\Embedded Workbenc #
#                            h 7.2\8051\LIB\"                                  #
#                            -f                                                #
#                            "C:\Program Files\IAR Systems\Embedded Workbench  #
#                            7.2\8051\config\devices\Texas Instruments\lnk51ew #
#                            _CC1110F32.xcl"                                   #
#                            (-D_IDATA0_START=0x00 -D_IDATA0_END=0xFF          #
#                            -D_PDATA0_START=0xF000 -D_PDATA0_END=0xF0FF       #
#                            -D_IXDATA0_START=0x00F000                         #
#                            -D_IXDATA0_END=0x00FDA1                           #
#                            -D_XDATA0_START=0x00F000 -D_XDATA0_END=0x00FDA1   #
#                            -D_CODE0_START=0x000000 -D_CODE0_END=0x007FFF     #
#                            -D?REGISTER_BANK=0x0 -D_REGISTER_BANK_START=0x0   #
#                            -D_BREG_START=0x00 -D?VB=0x20                     #
#                            -Z(BIT)BREG=_BREG_START -Z(BIT)BIT_N=0-7F         #
#                            -Z(DATA)REGISTERS+8=_REGISTER_BANK_START          #
#                            -Z(DATA)BDATA_Z,BDATA_N,BDATA_I=20-2F             #
#                            -Z(DATA)VREG=08-7F -Z(DATA)PSP,XSP=08-7F          #
#                            -Z(DATA)DOVERLAY=08-7F                            #
#                            -Z(DATA)DATA_I,DATA_Z,DATA_N=08-7F                #
#                            -U(IDATA)0-7F=(DATA)0-7F                          #
#                            -Z(IDATA)IDATA_I,IDATA_Z,IDATA_N=08-_IDATA0_END   #
#                            -Z(IDATA)ISTACK+_IDATA_STACK_SIZE#08-_IDATA0_END  #
#                            -Z(IDATA)IOVERLAY=08-FF -Z(CODE)INTVEC=0          #
#                            -Z(CODE)CSTART=_CODE0_START-_CODE0_END            #
#                            -Z(CODE)BIT_ID,BDATA_ID,DATA_ID,IDATA_ID,IXDATA_I #
#                            D,PDATA_ID,XDATA_ID=_CODE0_START-_CODE0_END       #
#                            -Z(CODE)RCODE,DIFUNCT,CODE_C,CODE_N,NEAR_CODE=_CO #
#                            DE0_START-_CODE0_END                              #
#                            -Z(CODE)CHECKSUM#_CODE0_END                       #
#                            -Z(XDATA)PDATA_Z,PDATA_I=_PDATA0_START-_PDATA0_EN #
#                            D                                                 #
#                            -P(XDATA)PDATA_N=_PDATA0_START-_PDATA0_END        #
#                            -Z(XDATA)PSTACK+_PDATA_STACK_SIZE=_PDATA0_START-_ #
#                            PDATA0_END                                        #
#                            -Z(XDATA)EXT_STACK+_EXTENDED_STACK_SIZE=_EXTENDED #
#                            _STACK_START                                      #
#                            -Z(XDATA)XSTACK+_XDATA_STACK_SIZE=_XDATA0_START-_ #
#                            XDATA0_END                                        #
#                            -Z(XDATA)IXDATA_Z,IXDATA_I=_IXDATA0_START-_IXDATA #
#                            0_END                                             #
#                            -P(XDATA)IXDATA_N=_IXDATA0_START-_IXDATA0_END     #
#                            -Z(XDATA)XDATA_Z,XDATA_I=_XDATA0_START-_XDATA0_EN #
#                            D                                                 #
#                            -P(XDATA)XDATA_N=_XDATA0_START-_XDATA0_END        #
#                            -Z(XDATA)XDATA_HEAP+_XDATA_HEAP_SIZE=_XDATA0_STAR #
#                            T-_XDATA0_END                                     #
#                            -Z(CONST)XDATA_ROM_C=_XDATA0_START-_XDATA0_END    #
#                            -cx51 -Z(XDATA)XDATA_SCRATCH=0xFDA2-0xFEFF)       #
#                            -D_NR_OF_VIRTUAL_REGISTERS=8 -D?PBANK=0x93        #
#                            -e_large_write=_formatted_write                   #
#                            -e_large_read=_formatted_read -rt -s              #
#                            __program_start                                   #
#                            "C:\Program Files\IAR Systems\Embedded Workbench  #
#                            7.2\8051\LIB\CLIB\cl-pli-nlxd-1e16x01.r51"        #
#                            -D_IDATA_STACK_SIZE=0xC0 -D?ESP=0 -D?ESP_MASK=0   #
#                            -D_EXTENDED_STACK_START=0                         #
#                            -D_EXTENDED_STACK_SIZE=0                          #
#                            -D_PDATA_STACK_SIZE=0x80                          #
#                            -D_XDATA_STACK_SIZE=0x3FF                         #
#                            -D_XDATA_HEAP_SIZE=0xFF -D_FAR_HEAP_SIZE=0xFFF    #
#                            -D_HUGE_HEAP_SIZE=0xFFF                           #
#                            -D_FAR22_HEAP_SIZE=0xFFF                          #
#                                                                              #
#                           Copyright (C) 1987-2015 IAR Systems AB.            #
################################################################################





                ****************************************
                *                                      *
                *           CROSS REFERENCE            *
                *                                      *
                ****************************************

       Program entry at : CODE      000000C7  Relocatable, from module : CSTARTUP




                ****************************************
                *                                      *
                *            RUNTIME MODEL             *
                *                                      *
                ****************************************

  __SystemLibrary          = CLib
  __calling_convention     = xdata_reentrant
  __code_model             = near
  __core                   = plain
  __data_model             = large
  __dptr_size              = 16
  __extended_stack         = disabled
  __location_for_constants = data
  __number_of_dptrs        = 1
  __rt_version             = 1

                ****************************************
                *                                      *
                *    AUTOMATIC SYMBOL REDIRECTIONS     *
                *                                      *
                ****************************************

                  There are no automatic symbol redirections.



                ****************************************
                *                                      *
                *              MODULE MAP              *
                *                                      *
                ****************************************


  DEFINED ABSOLUTE ENTRIES
    *************************************************************************

  DEFINED ABSOLUTE ENTRIES
  PROGRAM MODULE, NAME : ?ABS_ENTRY_MOD

Absolute parts
           ENTRY                   ADDRESS         REF BY
           =====                   =======         ======
           _FAR22_HEAP_SIZE        00000FFF 
           _HUGE_HEAP_SIZE         00000FFF 
           _FAR_HEAP_SIZE          00000FFF 
           _XDATA_HEAP_SIZE        000000FF 
           _XDATA_STACK_SIZE       000003FF 
           _PDATA_STACK_SIZE       00000080 
           _EXTENDED_STACK_SIZE    00000000 
           _EXTENDED_STACK_START   00000000 
           ?ESP_MASK               00000000 
           ?ESP                    00000000 
           _IDATA_STACK_SIZE       000000C0 
           ?PBANK                  00000093 
           _NR_OF_VIRTUAL_REGISTERS
                                   00000008 
           ?VB                     00000020        ?FUNC_ENTER_XDATA (?FUNC_ENTER_XDATA)
                                                   ?FUNC_LEAVE_XDATA (?FUNC_LEAVE_XDATA)
                                                   ?INTERRUPT_ENTER_XSP (?INTERRUPT_ENTER_XSP)
                                                   ?INTERRUPT_LEAVE_XSP (?INTERRUPT_LEAVE_XSP)
                                                   Mrfi_DelayUsecLong (mrfi)
                                                   SMPL_SendOpt (nwk_api)
                                                   dispatchFrame (nwk_frame)
           _BREG_START             00000000 
           _REGISTER_BANK_START    00000000 
           ?REGISTER_BANK          00000000        Segment part 6 (CSTARTUP)
           _CODE0_END              00007FFF 
           _CODE0_START            00000000 
           _XDATA0_END             0000FDA1 
           _XDATA0_START           0000F000 
           _IXDATA0_END            0000FDA1 
           _IXDATA0_START          0000F000 
           _PDATA0_END             0000F0FF 
           _PDATA0_START           0000F000 
           _IDATA0_END             000000FF 
           _IDATA0_START           00000000 
           _CODEBANK_START         00000000 
           _CODEBANK_END           00000000 
           _NR_OF_BANKS            00000000 
    *************************************************************************

  FILE NAME : C:\Users\dtung\Downloads\SimpliciTI-IAR-1.2.0\Projects\Examples\SRF04\AP_as_Data_Hub\IAR\CC1110-Access_Point\Obj\bsp.r51
  PROGRAM MODULE, NAME : bsp

  SEGMENTS IN THE MODULE
  ======================
SFR_AN
  Relative segment, address: DATA 0000008F - 0000008F (0x1 bytes), align: 0
  Segment part 1. ROOT        Intra module refs:   BSP_InitButtons
           ENTRY                   ADDRESS         REF BY
           =====                   =======         ======
           P0INP                   0000008F 
    -------------------------------------------------------------------------
SFR_AN
  Relative segment, address: DATA 00000090 - 00000090 (0x1 bytes), align: 0
  Segment part 2. ROOT        Intra module refs:   BSP_InitLeds
           ENTRY                   ADDRESS         REF BY
           =====                   =======         ======
           _A_P1                   00000090 
           LOCAL                   ADDRESS         
           =====                   =======         
           P1                      00000090 
    -------------------------------------------------------------------------
SFR_AN
  Relative segment, address: DATA 000000A0 - 000000A0 (0x1 bytes), align: 0
  Segment part 3. ROOT        Intra module refs:   BSP_InitLeds
                                                   main (main_AP_Async_Listen_autoack)
           ENTRY                   ADDRESS         REF BY
           =====                   =======         ======
           _A_P2                   000000A0 
           LOCAL                   ADDRESS         
           =====                   =======         
           P2                      000000A0 
    -------------------------------------------------------------------------
SFR_AN
  Relative segment, address: DATA 000000A8 - 000000A8 (0x1 bytes), align: 0
  Segment part 4. ROOT        Intra module refs:   BSP_Init
                                                   MRFI_Init (mrfi)
                                                   MRFI_ReplyDelay (mrfi)
                                                   MRFI_RfIsr (mrfi)
                                                   MRFI_RxIdle (mrfi)
                                                   MRFI_RxOn (mrfi)
                                                   MRFI_SetLogicalChannel (mrfi)
                                                   MRFI_Sleep (mrfi)
                                                   MRFI_Transmit (mrfi)
                                                   MRFI_WakeUp (mrfi)
                                                   Mrfi_DelayUsec (mrfi)
                                                   Mrfi_DelayUsecLong (mrfi)
                                                   SMPL_SendOpt (nwk_api)
                                                   UART0Config (debugging)
                                                   main (main_AP_Async_Listen_autoack)
                                                   nwk_QadjustOrder (nwk_QMgmt)
                                                   nwk_QfindOldest (nwk_QMgmt)
                                                   nwk_getLocalLinkID (nwk_link)
           ENTRY                   ADDRESS         REF BY
           =====                   =======         ======
           _A_IEN0                 000000A8 
           LOCAL                   ADDRESS         
           =====                   =======         
           IEN0                    000000A8 
    -------------------------------------------------------------------------
SFR_AN
  Relative segment, address: DATA 000000CB - 000000CB (0x1 bytes), align: 0
  Segment part 5. ROOT        Intra module refs:   BSP_Delay
           ENTRY                   ADDRESS         REF BY
           =====                   =======         ======
           T3CTL                   000000CB 
    -------------------------------------------------------------------------
SFR_AN
  Relative segment, address: DATA 000000CD - 000000CD (0x1 bytes), align: 0
  Segment part 6. ROOT        Intra module refs:   BSP_Delay
           ENTRY                   ADDRESS         REF BY
           =====                   =======         ======
           T3CC0                   000000CD 
    -------------------------------------------------------------------------
SFR_AN
  Relative segment, address: DATA 000000D8 - 000000D8 (0x1 bytes), align: 0
  Segment part 7. ROOT        Intra module refs:   BSP_Delay
           ENTRY                   ADDRESS         REF BY
           =====                   =======         ======
           _A_TIMIF                000000D8 
           LOCAL                   ADDRESS         
           =====                   =======         
           TIMIF                   000000D8 
    -------------------------------------------------------------------------
SFR_AN
  Relative segment, address: DATA 000000F5 - 000000F5 (0x1 bytes), align: 0
  Segment part 8. ROOT        Intra module refs:   BSP_InitLeds
           ENTRY                   ADDRESS         REF BY
           =====                   =======         ======
           P2SEL                   000000F5 
    -------------------------------------------------------------------------
SFR_AN
  Relative segment, address: DATA 000000FE - 000000FE (0x1 bytes), align: 0
  Segment part 9. ROOT        Intra module refs:   BSP_InitLeds
           ENTRY                   ADDRESS         REF BY
           =====                   =======         ======
           P1DIR                   000000FE 
    -------------------------------------------------------------------------
SFR_AN
  Relative segment, address: DATA 000000FF - 000000FF (0x1 bytes), align: 0
  Segment part 10. ROOT       Intra module refs:   BSP_InitLeds
           ENTRY                   ADDRESS         REF BY
           =====                   =======         ======
           P2DIR                   000000FF 
    -------------------------------------------------------------------------
NEAR_CODE
  Relative segment, address: CODE 00000898 - 000008C9 (0x32 bytes), align: 0
  Segment part 16.
           ENTRY                   ADDRESS         REF BY
           =====                   =======         ======
           BSP_Init                00000898        main (main_AP_Async_Listen_autoack)
               calls direct
               XSTACK = 00000000 ( 00000002 )
               ISTACK = 00000000 ( 00000002 )
    -------------------------------------------------------------------------
NEAR_CODE
  Relative segment, address: CODE 000008CA - 000008ED (0x24 bytes), align: 0
  Segment part 18.
           ENTRY                   ADDRESS         REF BY
           =====                   =======         ======
           BSP_Delay               000008CA        MRFI_ReplyDelay (mrfi)
                                                   Mrfi_DelayUsec (mrfi)
                                                   Mrfi_DelayUsecLong (mrfi)
    -------------------------------------------------------------------------
NEAR_CODE
  Relative segment, address: CODE 000008EE - 00000900 (0x13 bytes), align: 0
  Segment part 20.            Intra module refs:   BSP_Init
           ENTRY                   ADDRESS         REF BY
           =====                   =======         ======
           BSP_InitLeds            000008EE 
               XSTACK = 00000002 ( 00000000 )
    -------------------------------------------------------------------------
NEAR_CODE
  Relative segment, address: CODE 00000901 - 00000904 (0x4 bytes), align: 0
  Segment part 21.            Intra module refs:   BSP_Init
           ENTRY                   ADDRESS         REF BY
           =====                   =======         ======
           BSP_InitButtons         00000901 
               XSTACK = 00000002 ( 00000000 )

    *************************************************************************

  FILE NAME : C:\Users\dtung\Downloads\SimpliciTI-IAR-1.2.0\Projects\Examples\SRF04\AP_as_Data_Hub\IAR\CC1110-Access_Point\Obj\debugging.r51
  PROGRAM MODULE, NAME : debugging

  SEGMENTS IN THE MODULE
  ======================
SFR_AN
  Relative segment, address: DATA 00000086 - 00000086 (0x1 bytes), align: 0
  Segment part 1. ROOT        Intra module refs:   ESPSendCmd (main_AP_Async_Listen_autoack)
                                                   UART0Config
           ENTRY                   ADDRESS         REF BY
           =====                   =======         ======
           U0CSR                   00000086 
    -------------------------------------------------------------------------
SFR_AN
  Relative segment, address: DATA 00000088 - 00000088 (0x1 bytes), align: 0
  Segment part 2. ROOT        Intra module refs:   UART0Config
                                                   UART0_RX_ISR (main_AP_Async_Listen_autoack)
           ENTRY                   ADDRESS         REF BY
           =====                   =======         ======
           _A_TCON                 00000088 
           LOCAL                   ADDRESS         
           =====                   =======         
           TCON                    00000088 
    -------------------------------------------------------------------------
SFR_AN
  Relative segment, address: DATA 000000A1 - 000000A1 (0x1 bytes), align: 0
  Segment part 3. ROOT 
           ENTRY                   ADDRESS         REF BY
           =====                   =======         ======
           WORIRQ                  000000A1 
    -------------------------------------------------------------------------
SFR_AN
  Relative segment, address: DATA 000000A2 - 000000A2 (0x1 bytes), align: 0
  Segment part 4. ROOT 
           ENTRY                   ADDRESS         REF BY
           =====                   =======         ======
           WORCTRL                 000000A2 
    -------------------------------------------------------------------------
SFR_AN
  Relative segment, address: DATA 000000A3 - 000000A3 (0x1 bytes), align: 0
  Segment part 5. ROOT 
           ENTRY                   ADDRESS         REF BY
           =====                   =======         ======
           WOREVT0                 000000A3 
    -------------------------------------------------------------------------
SFR_AN
  Relative segment, address: DATA 000000A4 - 000000A4 (0x1 bytes), align: 0
  Segment part 6. ROOT 
           ENTRY                   ADDRESS         REF BY
           =====                   =======         ======
           WOREVT1                 000000A4 
    -------------------------------------------------------------------------
SFR_AN
  Relative segment, address: DATA 000000A5 - 000000A5 (0x1 bytes), align: 0
  Segment part 7. ROOT 
           ENTRY                   ADDRESS         REF BY
           =====                   =======         ======
           WORTIME0                000000A5 
    -------------------------------------------------------------------------
SFR_AN
  Relative segment, address: DATA 000000B8 - 000000B8 (0x1 bytes), align: 0
  Segment part 9. ROOT 
           ENTRY                   ADDRESS         REF BY
           =====                   =======         ======
           _A_IEN1                 000000B8 
           LOCAL                   ADDRESS         
           =====                   =======         
           IEN1                    000000B8 
    -------------------------------------------------------------------------
SFR_AN
  Relative segment, address: DATA 000000BE - 000000BE (0x1 bytes), align: 0
  Segment part 10. ROOT       Intra module refs:   mSysConfig
           ENTRY                   ADDRESS         REF BY
           =====                   =======         ======
           SLEEP                   000000BE 
    -------------------------------------------------------------------------
SFR_AN
  Relative segment, address: DATA 000000C0 - 000000C0 (0x1 bytes), align: 0
  Segment part 11. ROOT 
           ENTRY                   ADDRESS         REF BY
           =====                   =======         ======
           _A_IRCON                000000C0 
           LOCAL                   ADDRESS         
           =====                   =======         
           IRCON                   000000C0 
    -------------------------------------------------------------------------
SFR_AN
  Relative segment, address: DATA 000000C2 - 000000C2 (0x1 bytes), align: 0
  Segment part 12. ROOT       Intra module refs:   UART0Config
           ENTRY                   ADDRESS         REF BY
           =====                   =======         ======
           U0BAUD                  000000C2 
    -------------------------------------------------------------------------
SFR_AN
  Relative segment, address: DATA 000000C4 - 000000C4 (0x1 bytes), align: 0
  Segment part 13. ROOT       Intra module refs:   UART0Config
           ENTRY                   ADDRESS         REF BY
           =====                   =======         ======
           U0UCR                   000000C4 
    -------------------------------------------------------------------------
SFR_AN
  Relative segment, address: DATA 000000C5 - 000000C5 (0x1 bytes), align: 0
  Segment part 14. ROOT       Intra module refs:   UART0Config
           ENTRY                   ADDRESS         REF BY
           =====                   =======         ======
           U0GCR                   000000C5 
    -------------------------------------------------------------------------
SFR_AN
  Relative segment, address: DATA 000000C6 - 000000C6 (0x1 bytes), align: 0
  Segment part 15. ROOT       Intra module refs:   MRFI_WakeUp (mrfi)
                                                   mSysConfig
           ENTRY                   ADDRESS         REF BY
           =====                   =======         ======
           CLKCON                  000000C6 
    -------------------------------------------------------------------------
SFR_AN
  Relative segment, address: DATA 000000F1 - 000000F1 (0x1 bytes), align: 0
  Segment part 17. ROOT       Intra module refs:   UART0Config
                                                   UART1Config
           ENTRY                   ADDRESS         REF BY
           =====                   =======         ======
           PERCFG                  000000F1 
    -------------------------------------------------------------------------
SFR_AN
  Relative segment, address: DATA 000000F3 - 000000F3 (0x1 bytes), align: 0
  Segment part 18. ROOT       Intra module refs:   UART0Config
           ENTRY                   ADDRESS         REF BY
           =====                   =======         ======
           P0SEL                   000000F3 
    -------------------------------------------------------------------------
SFR_AN
  Relative segment, address: DATA 000000F4 - 000000F4 (0x1 bytes), align: 0
  Segment part 19. ROOT       Intra module refs:   UART1Config
           ENTRY                   ADDRESS         REF BY
           =====                   =======         ======
           P1SEL                   000000F4 
    -------------------------------------------------------------------------
SFR_AN
  Relative segment, address: DATA 000000F8 - 000000F8 (0x1 bytes), align: 0
  Segment part 20. ROOT       Intra module refs:   UART1Config
                                                   UART1SendArr
                                                   UART1SendNum
                                                   UART1SendStr
           ENTRY                   ADDRESS         REF BY
           =====                   =======         ======
           _A_U1CSR                000000F8 
           LOCAL                   ADDRESS         
           =====                   =======         
           U1CSR                   000000F8 
    -------------------------------------------------------------------------
SFR_AN
  Relative segment, address: DATA 000000F9 - 000000F9 (0x1 bytes), align: 0
  Segment part 21. ROOT       Intra module refs:   UART1SendArr
                                                   UART1SendStr
           ENTRY                   ADDRESS         REF BY
           =====                   =======         ======
           U1DBUF                  000000F9 
    -------------------------------------------------------------------------
SFR_AN
  Relative segment, address: DATA 000000FA - 000000FA (0x1 bytes), align: 0
  Segment part 22. ROOT       Intra module refs:   UART1Config
           ENTRY                   ADDRESS         REF BY
           =====                   =======         ======
           U1BAUD                  000000FA 
    -------------------------------------------------------------------------
SFR_AN
  Relative segment, address: DATA 000000FB - 000000FB (0x1 bytes), align: 0
  Segment part 23. ROOT       Intra module refs:   UART1Config
           ENTRY                   ADDRESS         REF BY
           =====                   =======         ======
           U1UCR                   000000FB 
    -------------------------------------------------------------------------
SFR_AN
  Relative segment, address: DATA 000000FC - 000000FC (0x1 bytes), align: 0
  Segment part 24. ROOT       Intra module refs:   UART1Config
           ENTRY                   ADDRESS         REF BY
           =====                   =======         ======
           U1GCR                   000000FC 
    -------------------------------------------------------------------------
NEAR_CODE
  Relative segment, address: CODE 00000905 - 0000091D (0x19 bytes), align: 0
  Segment part 40.
           ENTRY                   ADDRESS         REF BY
           =====                   =======         ======
           mSysConfig              00000905        main (main_AP_Async_Listen_autoack)
    -------------------------------------------------------------------------
NEAR_CODE
  Relative segment, address: CODE 0000091E - 0000095B (0x3e bytes), align: 0
  Segment part 43.
           ENTRY                   ADDRESS         REF BY
           =====                   =======         ======
           UART0Config             0000091E        main (main_AP_Async_Listen_autoack)
    -------------------------------------------------------------------------
NEAR_CODE
  Relative segment, address: CODE 0000095C - 0000098C (0x31 bytes), align: 0
  Segment part 44.
           ENTRY                   ADDRESS         REF BY
           =====                   =======         ======
           UART1Config             0000095C        main (main_AP_Async_Listen_autoack)
    -------------------------------------------------------------------------
NEAR_CODE
  Relative segment, address: CODE 0000098D - 000009AD (0x21 bytes), align: 0
  Segment part 45.
           ENTRY                   ADDRESS         REF BY
           =====                   =======         ======
           UART1SendArr            0000098D        ESPInit (main_AP_Async_Listen_autoack)
                                                   main (main_AP_Async_Listen_autoack)
               ISTACK = 00000000 ( 00000002 )
    -------------------------------------------------------------------------
NEAR_CODE
  Relative segment, address: CODE 000009AE - 000009B2 (0x5 bytes), align: 0
  Segment part 46.            Intra module refs:   UART1SendArr
                                                   UART1SendStr
           LOCAL                   ADDRESS         
           =====                   =======         
           ?Subroutine0            000009AE 
    -------------------------------------------------------------------------
NEAR_CODE
  Relative segment, address: CODE 000009B3 - 000009D2 (0x20 bytes), align: 0
  Segment part 47.            Intra module refs:   UART1SendNum
           ENTRY                   ADDRESS         REF BY
           =====                   =======         ======
           UART1SendStr            000009B3        ESPInit (main_AP_Async_Listen_autoack)
                                                   main (main_AP_Async_Listen_autoack)
                                                   sCB (main_AP_Async_Listen_autoack)
               XSTACK = 00000015 ( 00000000 )
               ISTACK = 00000000 ( 00000002 )
    -------------------------------------------------------------------------
NEAR_CODE
  Relative segment, address: CODE 000009D3 - 000009DC (0xa bytes), align: 0
  Segment part 48.            Intra module refs:   UART1SendArr
                                                   UART1SendStr
           LOCAL                   ADDRESS         
           =====                   =======         
           ?Subroutine3            000009D3 
    -------------------------------------------------------------------------
NEAR_CODE
  Relative segment, address: CODE 000009DD - 00000AAD (0xd1 bytes), align: 0
  Segment part 49.            Intra module refs:   itoa
           ENTRY                   ADDRESS         REF BY
           =====                   =======         ======
           reverse                 000009DD 
               calls direct
               XSTACK = 0000001B ( 00000019 )
               ISTACK = 00000000 ( 00000001 )
    -------------------------------------------------------------------------
NEAR_CODE
  Relative segment, address: CODE 00000AAE - 00000AB5 (0x8 bytes), align: 0
  Segment part 50.            Intra module refs:   itoa
                                                   reverse
           LOCAL                   ADDRESS         
           =====                   =======         
           ?Subroutine1            00000AAE 
    -------------------------------------------------------------------------
NEAR_CODE
  Relative segment, address: CODE 00000AB6 - 00000BEA (0x135 bytes), align: 0
  Segment part 51.            Intra module refs:   UART1SendNum
           ENTRY                   ADDRESS         REF BY
           =====                   =======         ======
           itoa                    00000AB6 
               calls direct
               XSTACK = 00000017 ( 0000001B )
               ISTACK = 00000000 ( 00000001 )
    -------------------------------------------------------------------------
NEAR_CODE
  Relative segment, address: CODE 00000BEB - 00000BF5 (0xb bytes), align: 0
  Segment part 52.            Intra module refs:   itoa
           LOCAL                   ADDRESS         
           =====                   =======         
           ?Subroutine2            00000BEB 
    -------------------------------------------------------------------------
NEAR_CODE
  Relative segment, address: CODE 00000BF6 - 00000C33 (0x3e bytes), align: 0
  Segment part 53.
           ENTRY                   ADDRESS         REF BY
           =====                   =======         ======
           UART1SendNum            00000BF6        ESPInit (main_AP_Async_Listen_autoack)
                                                   main (main_AP_Async_Listen_autoack)
                                                   sCB (main_AP_Async_Listen_autoack)
               calls direct
               XSTACK = 00000000 ( 00000017 )
    -------------------------------------------------------------------------
XDATA_ID
  Relative segment, address: CODE 000000D6 - 000000D8 (0x3 bytes), align: 0
  Segment part 31.            Intra module refs:   Segment part 30
    -------------------------------------------------------------------------
XDATA_ID
  Relative segment, address: CODE 000000D9 - 000000DC (0x4 bytes), align: 0
  Segment part 33.            Intra module refs:   __Constant_1
    -------------------------------------------------------------------------
XDATA_ID
  Relative segment, address: CODE 000000DD - 000000E0 (0x4 bytes), align: 0
  Segment part 35.            Intra module refs:   __Constant_ffffffff
    -------------------------------------------------------------------------
XDATA_ID
  Relative segment, address: CODE 000000E1 - 000000E4 (0x4 bytes), align: 0
  Segment part 37.            Intra module refs:   __Constant_0
    -------------------------------------------------------------------------
XDATA_ID
  Relative segment, address: CODE 000000E5 - 000000E8 (0x4 bytes), align: 0
  Segment part 39.            Intra module refs:   __Constant_a
    -------------------------------------------------------------------------
XDATA_I
  Relative segment, address: XDATA 0000F8D2 - 0000F8D4 (0x3 bytes), align: 0
  Segment part 30.            Intra module refs:   UART1SendNum
    -------------------------------------------------------------------------
XDATA_I
  Relative segment, address: XDATA 0000F8D5 - 0000F8D8 (0x4 bytes), align: 0
  Segment part 32.            Intra module refs:   itoa
                                                   reverse
           ENTRY                   ADDRESS         REF BY
           =====                   =======         ======
           __Constant_1            0000F8D5 
    -------------------------------------------------------------------------
XDATA_I
  Relative segment, address: XDATA 0000F8D9 - 0000F8DC (0x4 bytes), align: 0
  Segment part 34.            Intra module refs:   Mrfi_DelayUsecLong (mrfi)
                                                   reverse
           ENTRY                   ADDRESS         REF BY
           =====                   =======         ======
           __Constant_ffffffff     0000F8D9 
    -------------------------------------------------------------------------
XDATA_I
  Relative segment, address: XDATA 0000F8DD - 0000F8E0 (0x4 bytes), align: 0
  Segment part 36.            Intra module refs:   itoa
           ENTRY                   ADDRESS         REF BY
           =====                   =======         ======
           __Constant_0            0000F8DD 
    -------------------------------------------------------------------------
XDATA_I
  Relative segment, address: XDATA 0000F8E1 - 0000F8E4 (0x4 bytes), align: 0
  Segment part 38.            Intra module refs:   itoa
           ENTRY                   ADDRESS         REF BY
           =====                   =======         ======
           __Constant_a            0000F8E1 

    *************************************************************************

  FILE NAME : C:\Users\dtung\Downloads\SimpliciTI-IAR-1.2.0\Projects\Examples\SRF04\AP_as_Data_Hub\IAR\CC1110-Access_Point\Obj\main_AP_Async_Listen_autoack.r51
  PROGRAM MODULE, NAME : main_AP_Async_Listen_autoack

  SEGMENTS IN THE MODULE
  ======================
SFR_AN
  Relative segment, address: DATA 00000080 - 00000080 (0x1 bytes), align: 0
  Segment part 1. ROOT        Intra module refs:   main
           ENTRY                   ADDRESS         REF BY
           =====                   =======         ======
           _A_P0                   00000080 
           LOCAL                   ADDRESS         
           =====                   =======         
           P0                      00000080 
    -------------------------------------------------------------------------
SFR_AN
  Relative segment, address: DATA 000000C1 - 000000C1 (0x1 bytes), align: 0
  Segment part 6. ROOT        Intra module refs:   ESPSendCmd
                                                   UART0_RX_ISR
           ENTRY                   ADDRESS         REF BY
           =====                   =======         ======
           U0DBUF                  000000C1 
    -------------------------------------------------------------------------
XDATA_Z
  Relative segment, address: XDATA 0000F3FF - 0000F406 (0x8 bytes), align: 0
  Segment part 61.            Intra module refs:   Segment part 79
                                                   main
           LOCAL                   ADDRESS         
           =====                   =======         
           sLID                    0000F3FF 
    -------------------------------------------------------------------------
XDATA_Z
  Relative segment, address: XDATA 0000F407 - 0000F407 (0x1 bytes), align: 0
  Segment part 62.            Intra module refs:   main
           LOCAL                   ADDRESS         
           =====                   =======         
           sNumCurrentPeers        0000F407 
    -------------------------------------------------------------------------
XDATA_Z
  Relative segment, address: XDATA 0000F408 - 0000F408 (0x1 bytes), align: 0
  Segment part 63.            Intra module refs:   UART0_RX_ISR
                                                   main
           ENTRY                   ADDRESS         REF BY
           =====                   =======         ======
           uartSem                 0000F408 
    -------------------------------------------------------------------------
XDATA_Z
  Relative segment, address: XDATA 0000F409 - 0000F5FC (0x1f4 bytes), align: 0
  Segment part 64.            Intra module refs:   ESPInit
                                                   UART0_RX_ISR
                                                   main
           ENTRY                   ADDRESS         REF BY
           =====                   =======         ======
           uartRxBuffer            0000F409 
    -------------------------------------------------------------------------
XDATA_Z
  Relative segment, address: XDATA 0000F5FD - 0000F5FE (0x2 bytes), align: 0
  Segment part 65.            Intra module refs:   ESPInit
                                                   UART0_RX_ISR
                                                   main
           ENTRY                   ADDRESS         REF BY
           =====                   =======         ======
           uartRxIndex             0000F5FD 
    -------------------------------------------------------------------------
XDATA_Z
  Relative segment, address: XDATA 0000F5FF - 0000F5FF (0x1 bytes), align: 0
  Segment part 66.            Intra module refs:   main
                                                   sCB
           LOCAL                   ADDRESS         
           =====                   =======         
           sPeerFrameSem           0000F5FF 
    -------------------------------------------------------------------------
XDATA_Z
  Relative segment, address: XDATA 0000F600 - 0000F600 (0x1 bytes), align: 0
  Segment part 67.            Intra module refs:   main
                                                   sCB
           LOCAL                   ADDRESS         
           =====                   =======         
           sJoinSem                0000F600 
    -------------------------------------------------------------------------
XDATA_Z
  Relative segment, address: XDATA 0000F601 - 0000F601 (0x1 bytes), align: 0
  Segment part 68.            Intra module refs:   main
           LOCAL                   ADDRESS         
           =====                   =======         
           sTid                    0000F601 
    -------------------------------------------------------------------------
XDATA_Z
  Relative segment, address: XDATA 0000F602 - 0000F602 (0x1 bytes), align: 0
  Segment part 69.            Intra module refs:   sCB
           LOCAL                   ADDRESS         
           =====                   =======         
           sBlinky                 0000F602 
    -------------------------------------------------------------------------
NEAR_CODE
  Relative segment, address: CODE 00000C34 - 00000C5C (0x29 bytes), align: 0
  Segment part 74.            Intra module refs:   ESPInit
           ENTRY                   ADDRESS         REF BY
           =====                   =======         ======
           ESPSendCmd              00000C34 
               XSTACK = 00000009 ( 00000000 )
               ISTACK = 00000000 ( 00000002 )
    -------------------------------------------------------------------------
NEAR_CODE
  Relative segment, address: CODE 00000C5D - 00000D38 (0xdc bytes), align: 0
  Segment part 75.            Intra module refs:   main
           ENTRY                   ADDRESS         REF BY
           =====                   =======         ======
           ESPInit                 00000C5D 
               calls direct
               XSTACK = 00000018 ( 0000000B )
    -------------------------------------------------------------------------
NEAR_CODE
  Relative segment, address: CODE 00000D39 - 00000FA6 (0x26e bytes), align: 0
  Segment part 76.
           ENTRY                   ADDRESS         REF BY
           =====                   =======         ======
           main                    00000D39        ?call_main (?cmain)
               calls direct
               XSTACK = 00000000 ( 0000001A )
               ISTACK = 00000000 ( 00000001 )
    -------------------------------------------------------------------------
NEAR_CODE
  Relative segment, address: CODE 00000FA7 - 00000FB7 (0x11 bytes), align: 0
  Segment part 77.            Intra module refs:   main
           LOCAL                   ADDRESS         
           =====                   =======         
           ?Subroutine1            00000FA7 
    -------------------------------------------------------------------------
NEAR_CODE
  Relative segment, address: CODE 00000FB8 - 00000FB8 (0x1 bytes), align: 0
  Segment part 78.            Intra module refs:   main
           LOCAL                   ADDRESS         
           =====                   =======         
           ?Subroutine0            00000FB8 
    -------------------------------------------------------------------------
NEAR_CODE
  Relative segment, address: CODE 00000FB9 - 00000FC6 (0xe bytes), align: 0
  Segment part 79.            Intra module refs:   ?Subroutine0
                                                   main
    -------------------------------------------------------------------------
XDATA_I
  Relative segment, address: XDATA 0000F8E5 - 0000F8ED (0x9 bytes), align: 0
  Segment part 13.            Intra module refs:   ESPInit
    -------------------------------------------------------------------------
XDATA_I
  Relative segment, address: XDATA 0000F8EE - 0000F8F4 (0x7 bytes), align: 0
  Segment part 15.            Intra module refs:   ESPInit
    -------------------------------------------------------------------------
XDATA_I
  Relative segment, address: XDATA 0000F8F5 - 0000F902 (0xe bytes), align: 0
  Segment part 17.            Intra module refs:   ESPInit
    -------------------------------------------------------------------------
XDATA_I
  Relative segment, address: XDATA 0000F903 - 0000F90E (0xc bytes), align: 0
  Segment part 19.            Intra module refs:   ESPInit
    -------------------------------------------------------------------------
XDATA_I
  Relative segment, address: XDATA 0000F90F - 0000F919 (0xb bytes), align: 0
  Segment part 21.            Intra module refs:   ESPInit
    -------------------------------------------------------------------------
XDATA_I
  Relative segment, address: XDATA 0000F91A - 0000F927 (0xe bytes), align: 0
  Segment part 23.            Intra module refs:   ESPInit
    -------------------------------------------------------------------------
XDATA_I
  Relative segment, address: XDATA 0000F928 - 0000F93D (0x16 bytes), align: 0
  Segment part 25.            Intra module refs:   ESPInit
    -------------------------------------------------------------------------
XDATA_I
  Relative segment, address: XDATA 0000F93E - 0000F94E (0x11 bytes), align: 0
  Segment part 27.            Intra module refs:   ESPInit
    -------------------------------------------------------------------------
XDATA_I
  Relative segment, address: XDATA 0000F94F - 0000F95D (0xf bytes), align: 0
  Segment part 29.            Intra module refs:   ESPInit
    -------------------------------------------------------------------------
XDATA_I
  Relative segment, address: XDATA 0000F95E - 0000F973 (0x16 bytes), align: 0
  Segment part 31.            Intra module refs:   main
    -------------------------------------------------------------------------
XDATA_I
  Relative segment, address: XDATA 0000F974 - 0000F986 (0x13 bytes), align: 0
  Segment part 33.            Intra module refs:   main
    -------------------------------------------------------------------------
XDATA_I
  Relative segment, address: XDATA 0000F987 - 0000F99B (0x15 bytes), align: 0
  Segment part 35.            Intra module refs:   main
    -------------------------------------------------------------------------
XDATA_I
  Relative segment, address: XDATA 0000F99C - 0000F9AD (0x12 bytes), align: 0
  Segment part 37.            Intra module refs:   main
    -------------------------------------------------------------------------
XDATA_I
  Relative segment, address: XDATA 0000F9AE - 0000F9C0 (0x13 bytes), align: 0
  Segment part 39.            Intra module refs:   main
    -------------------------------------------------------------------------
XDATA_I
  Relative segment, address: XDATA 0000F9C1 - 0000F9D4 (0x14 bytes), align: 0
  Segment part 41.            Intra module refs:   main
    -------------------------------------------------------------------------
XDATA_I
  Relative segment, address: XDATA 0000F9D5 - 0000F9E7 (0x13 bytes), align: 0
  Segment part 43.            Intra module refs:   main
    -------------------------------------------------------------------------
XDATA_I
  Relative segment, address: XDATA 0000F9E8 - 0000F9EF (0x8 bytes), align: 0
  Segment part 45.            Intra module refs:   main
    -------------------------------------------------------------------------
XDATA_I
  Relative segment, address: XDATA 0000F9F0 - 0000F9F2 (0x3 bytes), align: 0
  Segment part 47.            Intra module refs:   main
    -------------------------------------------------------------------------
XDATA_I
  Relative segment, address: XDATA 0000F9F3 - 0000F9FD (0xb bytes), align: 0
  Segment part 49.            Intra module refs:   main
    -------------------------------------------------------------------------
XDATA_I
  Relative segment, address: XDATA 0000F9FE - 0000FA00 (0x3 bytes), align: 0
  Segment part 51.            Intra module refs:   main
    -------------------------------------------------------------------------
XDATA_I
  Relative segment, address: XDATA 0000FA01 - 0000FA0C (0xc bytes), align: 0
  Segment part 53.            Intra module refs:   main
    -------------------------------------------------------------------------
XDATA_I
  Relative segment, address: XDATA 0000FA0D - 0000FA17 (0xb bytes), align: 0
  Segment part 55.            Intra module refs:   main
    -------------------------------------------------------------------------
XDATA_I
  Relative segment, address: XDATA 0000FA18 - 0000FA3C (0x25 bytes), align: 0
  Segment part 57.            Intra module refs:   sCB
    -------------------------------------------------------------------------
XDATA_I
  Relative segment, address: XDATA 0000FA3D - 0000FA55 (0x19 bytes), align: 0
  Segment part 59.            Intra module refs:   sCB
    -------------------------------------------------------------------------
XDATA_I
  Relative segment, address: XDATA 0000FA56 - 0000FA56 (0x1 bytes), align: 0
  Segment part 70.            Intra module refs:   main
           LOCAL                   ADDRESS         
           =====                   =======         
           main{1}{20}{21}{22}{23}{25}::retry
                                   0000FA56 
    -------------------------------------------------------------------------
XDATA_I
  Relative segment, address: XDATA 0000FA57 - 0000FA57 (0x1 bytes), align: 0
  Segment part 72.            Intra module refs:   main
           LOCAL                   ADDRESS         
           =====                   =======         
           main{1}{28}{30}{31}{32}{34}::retry
                                   0000FA57 
    -------------------------------------------------------------------------
NEAR_CODE
  Relative segment, address: CODE 00000FC7 - 00001002 (0x3c bytes), align: 0
  Segment part 80.            Intra module refs:   main
           LOCAL                   ADDRESS         
           =====                   =======         
           sCB                     00000FC7 
               calls direct, is indirectly called
               XSTACK = 00000000 ( 00000008 )
    -------------------------------------------------------------------------
NEAR_CODE
  Relative segment, address: CODE 00001003 - 0000104C (0x4a bytes), align: 0
  Segment part 81.            Intra module refs:   UART0_RX_ISR::??INTVEC 19
           ENTRY                   ADDRESS         REF BY
           =====                   =======         ======
           UART0_RX_ISR            00001003 
               interrupt function
               ISTACK = 00000000 ( 00000007 )
    -------------------------------------------------------------------------
INTVEC
  Common segment, address: CODE 00000000 - 00000015 (0x16 bytes), align: 0
  Segment part 7. ROOT 
           ENTRY                   ADDRESS         REF BY
           =====                   =======         ======
           UART0_RX_ISR::??INTVEC 19
                                   00000013 
    -------------------------------------------------------------------------
XDATA_ID
  Relative segment, address: CODE 000000E9 - 000000F1 (0x9 bytes), align: 0
  Segment part 14.            Intra module refs:   Segment part 13
    -------------------------------------------------------------------------
XDATA_ID
  Relative segment, address: CODE 000000F2 - 000000F8 (0x7 bytes), align: 0
  Segment part 16.            Intra module refs:   Segment part 15
    -------------------------------------------------------------------------
XDATA_ID
  Relative segment, address: CODE 000000F9 - 00000106 (0xe bytes), align: 0
  Segment part 18.            Intra module refs:   Segment part 17
    -------------------------------------------------------------------------
XDATA_ID
  Relative segment, address: CODE 00000107 - 00000112 (0xc bytes), align: 0
  Segment part 20.            Intra module refs:   Segment part 19
    -------------------------------------------------------------------------
XDATA_ID
  Relative segment, address: CODE 00000113 - 0000011D (0xb bytes), align: 0
  Segment part 22.            Intra module refs:   Segment part 21
    -------------------------------------------------------------------------
XDATA_ID
  Relative segment, address: CODE 0000011E - 0000012B (0xe bytes), align: 0
  Segment part 24.            Intra module refs:   Segment part 23
    -------------------------------------------------------------------------
XDATA_ID
  Relative segment, address: CODE 0000012C - 00000141 (0x16 bytes), align: 0
  Segment part 26.            Intra module refs:   Segment part 25
    -------------------------------------------------------------------------
XDATA_ID
  Relative segment, address: CODE 00000142 - 00000152 (0x11 bytes), align: 0
  Segment part 28.            Intra module refs:   Segment part 27
    -------------------------------------------------------------------------
XDATA_ID
  Relative segment, address: CODE 00000153 - 00000161 (0xf bytes), align: 0
  Segment part 30.            Intra module refs:   Segment part 29
    -------------------------------------------------------------------------
XDATA_ID
  Relative segment, address: CODE 00000162 - 00000177 (0x16 bytes), align: 0
  Segment part 32.            Intra module refs:   Segment part 31
    -------------------------------------------------------------------------
XDATA_ID
  Relative segment, address: CODE 00000178 - 0000018A (0x13 bytes), align: 0
  Segment part 34.            Intra module refs:   Segment part 33
    -------------------------------------------------------------------------
XDATA_ID
  Relative segment, address: CODE 0000018B - 0000019F (0x15 bytes), align: 0
  Segment part 36.            Intra module refs:   Segment part 35
    -------------------------------------------------------------------------
XDATA_ID
  Relative segment, address: CODE 000001A0 - 000001B1 (0x12 bytes), align: 0
  Segment part 38.            Intra module refs:   Segment part 37
    -------------------------------------------------------------------------
XDATA_ID
  Relative segment, address: CODE 000001B2 - 000001C4 (0x13 bytes), align: 0
  Segment part 40.            Intra module refs:   Segment part 39
    -------------------------------------------------------------------------
XDATA_ID
  Relative segment, address: CODE 000001C5 - 000001D8 (0x14 bytes), align: 0
  Segment part 42.            Intra module refs:   Segment part 41
    -------------------------------------------------------------------------
XDATA_ID
  Relative segment, address: CODE 000001D9 - 000001EB (0x13 bytes), align: 0
  Segment part 44.            Intra module refs:   Segment part 43
    -------------------------------------------------------------------------
XDATA_ID
  Relative segment, address: CODE 000001EC - 000001F3 (0x8 bytes), align: 0
  Segment part 46.            Intra module refs:   Segment part 45
    -------------------------------------------------------------------------
XDATA_ID
  Relative segment, address: CODE 000001F4 - 000001F6 (0x3 bytes), align: 0
  Segment part 48.            Intra module refs:   Segment part 47
    -------------------------------------------------------------------------
XDATA_ID
  Relative segment, address: CODE 000001F7 - 00000201 (0xb bytes), align: 0
  Segment part 50.            Intra module refs:   Segment part 49
    -------------------------------------------------------------------------
XDATA_ID
  Relative segment, address: CODE 00000202 - 00000204 (0x3 bytes), align: 0
  Segment part 52.            Intra module refs:   Segment part 51
    -------------------------------------------------------------------------
XDATA_ID
  Relative segment, address: CODE 00000205 - 00000210 (0xc bytes), align: 0
  Segment part 54.            Intra module refs:   Segment part 53
    -------------------------------------------------------------------------
XDATA_ID
  Relative segment, address: CODE 00000211 - 0000021B (0xb bytes), align: 0
  Segment part 56.            Intra module refs:   Segment part 55
    -------------------------------------------------------------------------
XDATA_ID
  Relative segment, address: CODE 0000021C - 00000240 (0x25 bytes), align: 0
  Segment part 58.            Intra module refs:   Segment part 57
    -------------------------------------------------------------------------
XDATA_ID
  Relative segment, address: CODE 00000241 - 00000259 (0x19 bytes), align: 0
  Segment part 60.            Intra module refs:   Segment part 59
    -------------------------------------------------------------------------
XDATA_ID
  Relative segment, address: CODE 0000025A - 0000025A (0x1 bytes), align: 0
  Segment part 71.            Intra module refs:   main{1}{20}{21}{22}{23}{25}::retry
    -------------------------------------------------------------------------
XDATA_ID
  Relative segment, address: CODE 0000025B - 0000025B (0x1 bytes), align: 0
  Segment part 73.            Intra module refs:   main{1}{28}{30}{31}{32}{34}::retry

    *************************************************************************

  FILE NAME : C:\Users\dtung\Downloads\SimpliciTI-IAR-1.2.0\Projects\Examples\SRF04\AP_as_Data_Hub\IAR\CC1110-Access_Point\Obj\mrfi.r51
  PROGRAM MODULE, NAME : mrfi

  SEGMENTS IN THE MODULE
  ======================
SFR_AN
  Relative segment, address: DATA 000000A9 - 000000A9 (0x1 bytes), align: 0
  Segment part 1. ROOT        Intra module refs:   MRFI_Init
           ENTRY                   ADDRESS         REF BY
           =====                   =======         ======
           _A_IP0xx                000000A9 
           LOCAL                   ADDRESS         
           =====                   =======         
           IP0xx                   000000A9 
    -------------------------------------------------------------------------
SFR_AN
  Relative segment, address: DATA 000000B9 - 000000B9 (0x1 bytes), align: 0
  Segment part 2. ROOT        Intra module refs:   MRFI_Init
           ENTRY                   ADDRESS         REF BY
           =====                   =======         ======
           _A_IP1xx                000000B9 
           LOCAL                   ADDRESS         
           =====                   =======         
           IP1xx                   000000B9 
    -------------------------------------------------------------------------
SFR_AN
  Relative segment, address: DATA 00000091 - 00000091 (0x1 bytes), align: 0
  Segment part 3. ROOT        Intra module refs:   Mrfi_RxModeOff
                                                   Mrfi_RxModeOn
           ENTRY                   ADDRESS         REF BY
           =====                   =======         ======
           RFIM                    00000091 
    -------------------------------------------------------------------------
SFR_AN
  Relative segment, address: DATA 0000009A - 0000009A (0x1 bytes), align: 0
  Segment part 4. ROOT        Intra module refs:   MRFI_Init
           ENTRY                   ADDRESS         REF BY
           =====                   =======         ======
           IEN2                    0000009A 
    -------------------------------------------------------------------------
SFR_AN
  Relative segment, address: DATA 0000009B - 0000009B (0x1 bytes), align: 0
  Segment part 5. ROOT        Intra module refs:   MRFI_RfIsr
                                                   Mrfi_RxModeOff
                                                   Mrfi_RxModeOn
           ENTRY                   ADDRESS         REF BY
           =====                   =======         ======
           S1CON                   0000009B 
    -------------------------------------------------------------------------
SFR_AN
  Relative segment, address: DATA 000000B4 - 000000B4 (0x1 bytes), align: 0
  Segment part 7. ROOT        Intra module refs:   MRFI_RandomByte
           ENTRY                   ADDRESS         REF BY
           =====                   =======         ======
           ADCCON1                 000000B4 
    -------------------------------------------------------------------------
SFR_AN
  Relative segment, address: DATA 000000BC - 000000BC (0x1 bytes), align: 0
  Segment part 8. ROOT        Intra module refs:   MRFI_Init
                                                   MRFI_RandomByte
           ENTRY                   ADDRESS         REF BY
           =====                   =======         ======
           RNDL                    000000BC 
    -------------------------------------------------------------------------
SFR_AN
  Relative segment, address: DATA 000000D1 - 000000D1 (0x1 bytes), align: 0
  Segment part 10. ROOT       Intra module refs:   MRFI_PrepareToTx
                                                   Mrfi_RxModeOff
           ENTRY                   ADDRESS         REF BY
           =====                   =======         ======
           DMAIRQ                  000000D1 
    -------------------------------------------------------------------------
SFR_AN
  Relative segment, address: DATA 000000D4 - 000000D4 (0x1 bytes), align: 0
  Segment part 11. ROOT       Intra module refs:   MRFI_Init
           ENTRY                   ADDRESS         REF BY
           =====                   =======         ======
           DMA0CFGL                000000D4 
    -------------------------------------------------------------------------
SFR_AN
  Relative segment, address: DATA 000000D5 - 000000D5 (0x1 bytes), align: 0
  Segment part 12. ROOT       Intra module refs:   MRFI_Init
           ENTRY                   ADDRESS         REF BY
           =====                   =======         ======
           DMA0CFGH                000000D5 
    -------------------------------------------------------------------------
SFR_AN
  Relative segment, address: DATA 000000D6 - 000000D6 (0x1 bytes), align: 0
  Segment part 13. ROOT       Intra module refs:   MRFI_PrepareToTx
                                                   MRFI_RfIsr
                                                   MRFI_Transmit
                                                   Mrfi_RxModeOff
                                                   Mrfi_RxModeOn
           ENTRY                   ADDRESS         REF BY
           =====                   =======         ======
           DMAARM                  000000D6 
    -------------------------------------------------------------------------
SFR_AN
  Relative segment, address: DATA 000000E1 - 000000E1 (0x1 bytes), align: 0
  Segment part 14. ROOT       Intra module refs:   MRFI_Init
                                                   MRFI_PrepareToTx
                                                   MRFI_Transmit
                                                   MRFI_WakeUp
                                                   Mrfi_RxModeOff
                                                   Mrfi_RxModeOn
           ENTRY                   ADDRESS         REF BY
           =====                   =======         ======
           RFST                    000000E1 
    -------------------------------------------------------------------------
SFR_AN
  Relative segment, address: DATA 000000E9 - 000000E9 (0x1 bytes), align: 0
  Segment part 15. ROOT       Intra module refs:   MRFI_RfIsr
                                                   MRFI_Transmit
                                                   Mrfi_RxModeOff
                                                   Mrfi_RxModeOn
                                                   mrfi_TxDone
           ENTRY                   ADDRESS         REF BY
           =====                   =======         ======
           RFIF                    000000E9 
    -------------------------------------------------------------------------
XDATA_I
  Relative segment, address: XDATA 0000FA58 - 0000FA5B (0x4 bytes), align: 0
  Segment part 22.            Intra module refs:   MRFI_RxAddrIsFiltered
           ENTRY                   ADDRESS         REF BY
           =====                   =======         ======
           mrfiBroadcastAddr       0000FA58        nwk_getBCastAddress (nwk_globals)
    -------------------------------------------------------------------------
XDATA_Z
  Relative segment, address: XDATA 0000F603 - 0000F603 (0x1 bytes), align: 0
  Segment part 24.            Intra module refs:   MRFI_GetRadioState
                                                   MRFI_Init
                                                   MRFI_RfIsr
                                                   MRFI_RxIdle
                                                   MRFI_RxOn
                                                   MRFI_SetLogicalChannel
                                                   MRFI_Sleep
                                                   MRFI_Transmit
                                                   MRFI_WakeUp
           LOCAL                   ADDRESS         
           =====                   =======         
           mrfiRadioState          0000F603 
    -------------------------------------------------------------------------
XDATA_Z
  Relative segment, address: XDATA 0000F604 - 0000F633 (0x30 bytes), align: 0
  Segment part 25.            Intra module refs:   MRFI_Init
                                                   MRFI_Receive
                                                   MRFI_RfIsr
                                                   Mrfi_RxModeOn
           LOCAL                   ADDRESS         
           =====                   =======         
           mrfiIncomingPacket      0000F604 
    -------------------------------------------------------------------------
XDATA_Z
  Relative segment, address: XDATA 0000F634 - 0000F634 (0x1 bytes), align: 0
  Segment part 26.            Intra module refs:   MRFI_PostKillSem
                                                   MRFI_ReplyDelay
           LOCAL                   ADDRESS         
           =====                   =======         
           sKillSem                0000F634 
    -------------------------------------------------------------------------
XDATA_Z
  Relative segment, address: XDATA 0000F635 - 0000F635 (0x1 bytes), align: 0
  Segment part 27.            Intra module refs:   MRFI_PostKillSem
                                                   MRFI_ReplyDelay
           LOCAL                   ADDRESS         
           =====                   =======         
           sReplyDelayContext      0000F635 
    -------------------------------------------------------------------------
XDATA_Z
  Relative segment, address: XDATA 0000F636 - 0000F637 (0x2 bytes), align: 0
  Segment part 28.            Intra module refs:   MRFI_Init
                                                   MRFI_ReplyDelay
           LOCAL                   ADDRESS         
           =====                   =======         
           sReplyDelayScalar       0000F636 
    -------------------------------------------------------------------------
XDATA_Z
  Relative segment, address: XDATA 0000F638 - 0000F639 (0x2 bytes), align: 0
  Segment part 29.            Intra module refs:   MRFI_Init
                                                   MRFI_Transmit
           LOCAL                   ADDRESS         
           =====                   =======         
           sBackoffHelper          0000F638 
    -------------------------------------------------------------------------
XDATA_Z
  Relative segment, address: XDATA 0000F63A - 0000F641 (0x8 bytes), align: 0
  Segment part 30.            Intra module refs:   MRFI_Init
                                                   MRFI_PrepareToTx
                                                   Mrfi_RxModeOn
           ENTRY                   ADDRESS         REF BY
           =====                   =======         ======
           mrfiDmaCfg              0000F63A 
    -------------------------------------------------------------------------
NEAR_CODE
  Relative segment, address: CODE 0000104D - 000011AB (0x15f bytes), align: 0
  Segment part 43.
           ENTRY                   ADDRESS         REF BY
           =====                   =======         ======
           MRFI_Init               0000104D        SMPL_Init (nwk_api)
               calls direct
               XSTACK = 00000000 ( 0000000B )
    -------------------------------------------------------------------------
NEAR_CODE
  Relative segment, address: CODE 000011AC - 000011B0 (0x5 bytes), align: 0
  Segment part 44.            Intra module refs:   MRFI_Init
                                                   Mrfi_DelayUsec
                                                   Mrfi_RxModeOn
           LOCAL                   ADDRESS         
           =====                   =======         
           ?Subroutine0            000011AC 
    -------------------------------------------------------------------------
NEAR_CODE
  Relative segment, address: CODE 000011B1 - 000011E0 (0x30 bytes), align: 0
  Segment part 45.            Intra module refs:   MRFI_Transmit
           LOCAL                   ADDRESS         
           =====                   =======         
           MRFI_PrepareToTx        000011B1 
               XSTACK = 0000000B ( 00000000 )
               ISTACK = 00000000 ( 00000002 )
    -------------------------------------------------------------------------
NEAR_CODE
  Relative segment, address: CODE 000011E1 - 00001202 (0x22 bytes), align: 0
  Segment part 46.            Intra module refs:   MRFI_Transmit
           LOCAL                   ADDRESS         
           =====                   =======         
           mrfi_TxDone             000011E1 
               is indirectly called
               ISTACK = 00000000 ( 00000002 )
    -------------------------------------------------------------------------
NEAR_CODE
  Relative segment, address: CODE 00001203 - 000012EB (0xe9 bytes), align: 0
  Segment part 47.
           ENTRY                   ADDRESS         REF BY
           =====                   =======         ======
           MRFI_Transmit           00001203        nwk_SendEmptyPollRspFrame (nwk_frame)
                                                   nwk_sendAckReply (nwk_frame)
                                                   nwk_sendFrame (nwk_frame)
               calls direct
               XSTACK = 00000000 ( 0000000F )
    -------------------------------------------------------------------------
XDATA_Z
  Relative segment, address: XDATA 0000F642 - 0000F642 (0x1 bytes), align: 0
  Segment part 31.            Intra module refs:   MRFI_Transmit
           LOCAL                   ADDRESS         
           =====                   =======         
           MRFI_Transmit::ccaRetries
                                   0000F642 
    -------------------------------------------------------------------------
NEAR_CODE
  Relative segment, address: CODE 000012EC - 000012FE (0x13 bytes), align: 0
  Segment part 48.
           ENTRY                   ADDRESS         REF BY
           =====                   =======         ======
           MRFI_Receive            000012EC        MRFI_RxCompleteISR (nwk_frame)
               ISTACK = 00000000 ( 00000002 )
    -------------------------------------------------------------------------
NEAR_CODE
  Relative segment, address: CODE 000012FF - 000013DE (0xe0 bytes), align: 0
  Segment part 49.            Intra module refs:   MRFI_RfIsr::??INTVEC 131
           ENTRY                   ADDRESS         REF BY
           =====                   =======         ======
           MRFI_RfIsr              000012FF 
               interrupt function
               calls direct
               XSTACK = 00000000 ( 00000011 )
    -------------------------------------------------------------------------
NEAR_CODE
  Relative segment, address: CODE 000013DF - 00001405 (0x27 bytes), align: 0
  Segment part 50.
           ENTRY                   ADDRESS         REF BY
           =====                   =======         ======
           MRFI_Sleep              000013DF        SMPL_LinkListen (nwk_api)
                                                   SMPL_SendOpt (nwk_api)
               calls direct
               XSTACK = 00000000 ( 00000008 )
    -------------------------------------------------------------------------
NEAR_CODE
  Relative segment, address: CODE 00001406 - 00001435 (0x30 bytes), align: 0
  Segment part 51.
           ENTRY                   ADDRESS         REF BY
           =====                   =======         ======
           MRFI_WakeUp             00001406        SMPL_Init (nwk_api)
                                                   SMPL_LinkListen (nwk_api)
                                                   SMPL_SendOpt (nwk_api)
               ISTACK = 00000000 ( 00000002 )
    -------------------------------------------------------------------------
NEAR_CODE
  Relative segment, address: CODE 00001436 - 00001440 (0xb bytes), align: 0
  Segment part 52.            Intra module refs:   MRFI_Init
                                                   MRFI_WakeUp
           LOCAL                   ADDRESS         
           =====                   =======         
           ?Subroutine7            00001436 
    -------------------------------------------------------------------------
NEAR_CODE
  Relative segment, address: CODE 00001441 - 00001447 (0x7 bytes), align: 0
  Segment part 53.            Intra module refs:   MRFI_Transmit
           ENTRY                   ADDRESS         REF BY
           =====                   =======         ======
           MRFI_RandomByte         00001441        nwk_frameInit (nwk_frame)
                                                   nwk_joinInit (nwk_join)
                                                   nwk_linkInit (nwk_link)
                                                   nwk_mgmtInit (nwk_mgmt)
                                                   nwk_pingInit (nwk_ping)
               XSTACK = 0000000B ( 00000000 )
[...]
                                                   Segment part 18 (nwk_link)
                                                   UART1SendNum (debugging)
                                                   __xdata_free (?__xdata_free)
                                                   handleLinkRequest (nwk_link)
                                                   memcmp (?memcmp)
                                                   memcpy (?memcpy)
                                                   memmove (?memmove)
                                                   nwk_QInit (nwk_QMgmt)
                                                   nwk_QadjustOrder (nwk_QMgmt)
                                                   nwk_QfindOldest (nwk_QMgmt)
                                                   nwk_QfindSlot (nwk_QMgmt)
                                                   nwk_SendEmptyPollRspFrame (nwk_frame)
                                                   nwk_buildAckReqFrame (nwk_frame)
                                                   nwk_isSandFClient (nwk_join)
                                                   nwk_isValidReply (nwk)
                                                   nwk_linkInit (nwk_link)
                                                   nwk_nwkInit (nwk)
                                                   nwk_processPing (nwk_ping)
                                                   sCB (main_AP_Async_Listen_autoack)
                                                   send_poll_reply (nwk_mgmt)
                                                   smpl_send_join_reply (nwk_join)
                                                   smpl_send_link_reply (nwk_link)
                                                   strstr (?strstr)
                                                   strtol (?strtol)

    -------------------------------------------------------------------------
  LIBRARY MODULE, NAME : ?INTERRUPT_ENTER_XSP

  SEGMENTS IN THE MODULE
  ======================
RCODE
  Relative segment, address: CODE 0000074F - 000007AD (0x5f bytes), align: 0
  Segment part 1.
           ENTRY                   ADDRESS         REF BY
           =====                   =======         ======
           ?INTERRUPT_ENTER_XSP    0000074F        MRFI_RfIsr (mrfi)

    -------------------------------------------------------------------------
  LIBRARY MODULE, NAME : ?INTERRUPT_LEAVE_XSP

  SEGMENTS IN THE MODULE
  ======================
RCODE
  Relative segment, address: CODE 000007AE - 00000805 (0x58 bytes), align: 0
  Segment part 1.
           ENTRY                   ADDRESS         REF BY
           =====                   =======         ======
           ?INTERRUPT_LEAVE_XSP    000007AE        MRFI_RfIsr (mrfi)

    -------------------------------------------------------------------------
  LIBRARY MODULE, NAME : ?PUSH_XSTACK_I

  SEGMENTS IN THE MODULE
  ======================
RCODE
  Relative segment, address: CODE 00000806 - 00000809 (0x4 bytes), align: 0
  Segment part 2.
           ENTRY                   ADDRESS         REF BY
           =====                   =======         ======
           ?PUSH_XSTACK_I_TWO      00000806        ESPInit (main_AP_Async_Listen_autoack)
                                                   MRFI_Init (mrfi)
                                                   MRFI_RfIsr (mrfi)
                                                   MRFI_Transmit (mrfi)
                                                   Mrfi_RxModeOn (mrfi)
                                                   SMPL_Receive (nwk_api)
                                                   SMPL_SendOpt (nwk_api)
                                                   UART1SendNum (debugging)
                                                   dispatchFrame (nwk_frame)
                                                   handleLinkRequest (nwk_link)
                                                   isDupSandFFrame (nwk_frame)
                                                   main (main_AP_Async_Listen_autoack)
                                                   nwk_QInit (nwk_QMgmt)
                                                   nwk_QfindOldest (nwk_QMgmt)
                                                   nwk_SendEmptyPollRspFrame (nwk_frame)
                                                   nwk_allocateLocalRxPort (nwk)
                                                   nwk_buildFrame (nwk_frame)
                                                   nwk_findAlreadyJoined (nwk)
                                                   nwk_findPeer (nwk)
                                                   nwk_getNumObjectFromMsg (nwk)
                                                   nwk_getSandFFrame (nwk_frame)
                                                   nwk_globalsInit (nwk_globals)
                                                   nwk_isConnectionValid (nwk)
                                                   nwk_isLinkDuplicate (nwk)
                                                   nwk_isSandFClient (nwk_join)
                                                   nwk_isValidReply (nwk)
                                                   nwk_linkInit (nwk_link)
                                                   nwk_mgmtInit (nwk_mgmt)
                                                   nwk_nwkInit (nwk)
                                                   nwk_processMgmt (nwk_mgmt)
                                                   nwk_processPing (nwk_ping)
                                                   nwk_putNumObjectIntoMsg (nwk)
                                                   nwk_retrieveFrame (nwk_frame)
                                                   nwk_saveJoinedDevice (nwk)
                                                   nwk_sendAckReply (nwk_frame)
                                                   smpl_send_join_reply (nwk_join)
                                                   smpl_send_link_reply (nwk_link)
    -------------------------------------------------------------------------
RCODE
  Relative segment, address: CODE 0000080A - 00000816 (0xd bytes), align: 0
  Segment part 4.             Intra module refs:   ?PUSH_XSTACK_I_TWO
           ENTRY                   ADDRESS         REF BY
           =====                   =======         ======
           ?PUSH_XSTACK_I          0000080A 

    -------------------------------------------------------------------------
  LIBRARY MODULE, NAME : ?memcmp

  SEGMENTS IN THE MODULE
  ======================
NEAR_CODE
  Relative segment, address: CODE 000037F1 - 0000383C (0x4c bytes), align: 0
  Segment part 6.
           ENTRY                   ADDRESS         REF BY
           =====                   =======         ======
           memcmp                  000037F1        dispatchFrame (nwk_frame)
                                                   isDupSandFFrame (nwk_frame)
                                                   nwk_QfindOldest (nwk_QMgmt)
                                                   nwk_allocateLocalRxPort (nwk)
                                                   nwk_findAlreadyJoined (nwk)
                                                   nwk_findPeer (nwk)
                                                   nwk_getSandFFrame (nwk_frame)
                                                   nwk_isConnectionValid (nwk)
                                                   nwk_isLinkDuplicate (nwk)
                                                   nwk_isSandFClient (nwk_join)
                                                   nwk_isValidReply (nwk)
                                                   nwk_processMgmt (nwk_mgmt)
                                                   nwk_saveJoinedDevice (nwk)
               XSTACK = 00000002 ( 00000008 )

    -------------------------------------------------------------------------
  LIBRARY MODULE, NAME : ?memcpy

  SEGMENTS IN THE MODULE
  ======================
NEAR_CODE
  Relative segment, address: CODE 0000383D - 00003882 (0x46 bytes), align: 0
  Segment part 6.
           ENTRY                   ADDRESS         REF BY
           =====                   =======         ======
           memcpy                  0000383D        SMPL_SendOpt (nwk_api)
                                                   handleLinkRequest (nwk_link)
                                                   main (main_AP_Async_Listen_autoack)
                                                   nwk_SendEmptyPollRspFrame (nwk_frame)
                                                   nwk_buildFrame (nwk_frame)
                                                   nwk_globalsInit (nwk_globals)
                                                   nwk_nwkInit (nwk)
                                                   nwk_processPing (nwk_ping)
                                                   nwk_retrieveFrame (nwk_frame)
                                                   nwk_saveJoinedDevice (nwk)
                                                   nwk_sendAckReply (nwk_frame)
                                                   smpl_send_join_reply (nwk_join)
                                                   smpl_send_link_reply (nwk_link)
               XSTACK = 00000002 ( 00000009 )
               ISTACK = 00000000 ( 00000001 )

    -------------------------------------------------------------------------
  LIBRARY MODULE, NAME : ?memmove

  SEGMENTS IN THE MODULE
  ======================
NEAR_CODE
  Relative segment, address: CODE 00003883 - 00003908 (0x86 bytes), align: 0
  Segment part 6.
           ENTRY                   ADDRESS         REF BY
           =====                   =======         ======
           memmove                 00003883        MRFI_RfIsr (mrfi)
                                                   nwk_getNumObjectFromMsg (nwk)
                                                   nwk_putNumObjectIntoMsg (nwk)
               XSTACK = 00000002 ( 00000009 )
               ISTACK = 00000000 ( 00000001 )
    -------------------------------------------------------------------------
NEAR_CODE
  Relative segment, address: CODE 00003909 - 0000391B (0x13 bytes), align: 0
  Segment part 7.             Intra module refs:   memmove

    -------------------------------------------------------------------------
  LIBRARY MODULE, NAME : ?memset

  SEGMENTS IN THE MODULE
  ======================
NEAR_CODE
  Relative segment, address: CODE 0000391C - 00003945 (0x2a bytes), align: 0
  Segment part 6.
           ENTRY                   ADDRESS         REF BY
           =====                   =======         ======
           memset                  0000391C        ESPInit (main_AP_Async_Listen_autoack)
                                                   MRFI_Init (mrfi)
                                                   MRFI_RfIsr (mrfi)
                                                   Mrfi_RxModeOn (mrfi)
                                                   nwk_QInit (nwk_QMgmt)
                                                   nwk_allocateLocalRxPort (nwk)
                                                   nwk_globalsInit (nwk_globals)
                                                   nwk_linkInit (nwk_link)
                                                   nwk_mgmtInit (nwk_mgmt)
                                                   nwk_nwkInit (nwk)
               XSTACK = 00000002 ( 00000000 )
               ISTACK = 00000000 ( 00000002 )

    -------------------------------------------------------------------------
  LIBRARY MODULE, NAME : ?strlen

  SEGMENTS IN THE MODULE
  ======================
NEAR_CODE
  Relative segment, address: CODE 00003946 - 00003961 (0x1c bytes), align: 0
  Segment part 6.
           ENTRY                   ADDRESS         REF BY
           =====                   =======         ======
           strlen                  00003946        reverse (debugging)
               ISTACK = 00000000 ( 00000002 )

    -------------------------------------------------------------------------
  LIBRARY MODULE, NAME : ?strstr

  SEGMENTS IN THE MODULE
  ======================
NEAR_CODE
  Relative segment, address: CODE 00003962 - 000039B1 (0x50 bytes), align: 0
  Segment part 6.
           ENTRY                   ADDRESS         REF BY
           =====                   =======         ======
           strstr                  00003962        main (main_AP_Async_Listen_autoack)
               XSTACK = 00000000 ( 00000009 )

    -------------------------------------------------------------------------
  LIBRARY MODULE, NAME : ?strtol

  SEGMENTS IN THE MODULE
  ======================
NEAR_CODE
  Relative segment, address: CODE 000039B2 - 00003CC6 (0x315 bytes), align: 0
  Segment part 10.
           ENTRY                   ADDRESS         REF BY
           =====                   =======         ======
           strtol                  000039B2        main (main_AP_Async_Listen_autoack)
               XSTACK = 00000002 ( 0000001B )
               ISTACK = 00000000 ( 00000001 )
    -------------------------------------------------------------------------
NEAR_CODE
  Relative segment, address: CODE 00003CC7 - 00003CD4 (0xe bytes), align: 0
  Segment part 11.            Intra module refs:   strtol
    -------------------------------------------------------------------------
NEAR_CODE
  Relative segment, address: CODE 00003CD5 - 00003CDC (0x8 bytes), align: 0
  Segment part 12.            Intra module refs:   strtol
    -------------------------------------------------------------------------
NEAR_CODE
  Relative segment, address: CODE 00003CDD - 00003CE4 (0x8 bytes), align: 0
  Segment part 13.            Intra module refs:   strtol
    -------------------------------------------------------------------------
NEAR_CODE
  Relative segment, address: CODE 00003CE5 - 00003CE9 (0x5 bytes), align: 0
  Segment part 14.            Intra module refs:   strtol
    -------------------------------------------------------------------------
NEAR_CODE
  Relative segment, address: CODE 00003CEA - 00003CF6 (0xd bytes), align: 0
  Segment part 15.            Intra module refs:   Segment part 14
                                                   strtol
    -------------------------------------------------------------------------
XDATA_I
  Relative segment, address: XDATA 0000FB0C - 0000FB0F (0x4 bytes), align: 0
  Segment part 6.             Intra module refs:   strtol
           ENTRY                   ADDRESS         REF BY
           =====                   =======         ======
           __Constant_ffffff       0000FB0C 
    -------------------------------------------------------------------------
XDATA_ID
  Relative segment, address: CODE 00000310 - 00000313 (0x4 bytes), align: 0
  Segment part 7.             Intra module refs:   __Constant_ffffff
    -------------------------------------------------------------------------
XDATA_I
  Relative segment, address: XDATA 0000FB10 - 0000FB13 (0x4 bytes), align: 0
  Segment part 8.             Intra module refs:   strtol
           ENTRY                   ADDRESS         REF BY
           =====                   =======         ======
           __Constant_80000000     0000FB10 
    -------------------------------------------------------------------------
XDATA_ID
  Relative segment, address: CODE 00000314 - 00000317 (0x4 bytes), align: 0
  Segment part 9.             Intra module refs:   __Constant_80000000




                ****************************************
                *                                      *
                *      SEGMENTS IN ADDRESS ORDER       *
                *                                      *
                ****************************************


SEGMENT              SPACE    START ADDRESS   END ADDRESS     SIZE  TYPE  ALIGN
=======              =====    =============   ===========     ====  ====  =====
INTVEC               CODE          00000000 - 00000085          86   com    0
CSTART               CODE          00000086 - 000000D5          50   rel    0
DATA_ID              CODE               000000D6                     dse    0
BDATA_ID             CODE               000000D6                     dse    0
BIT_ID               CODE               000000D6                     dse    0
IXDATA_ID            CODE               000000D6                     dse    0
PDATA_ID             CODE               000000D6                     dse    0
IDATA_ID             CODE               000000D6                     dse    0
XDATA_ID             CODE          000000D6 - 00000317         242   rel    0
RCODE                CODE          00000318 - 00000816         4FF   rel    0
DIFUNCT              CODE               00000817                     dse    0
CODE_C               CODE          00000817 - 00000897          81   rel    0
CODE_N               CODE               00000898                     dse    0
NEAR_CODE            CODE          00000898 - 00003CF6        345F   rel    0
REGISTERS            DATA          00000000 - 00000007           8   rel    0
VREG                 DATA          00000008 - 0000000F           8   rel    0
PSP                  DATA               00000010                     dse    0
XSP                  DATA          00000010 - 00000011           2   rel    0
BREG                 BIT        00000020.0  -  00000020.7        8   rel    0
SFR_AN               DATA          00000080 - 00000080           1   rel    0
                     DATA          00000086 - 00000086           1 
                     DATA          00000088 - 00000088           1 
                     DATA          0000008F - 00000091           3 
                     DATA          0000009A - 0000009B           2 
                     DATA          000000A0 - 000000A5           6 
                     DATA          000000A8 - 000000A9           2 
                     DATA          000000B4 - 000000B4           1 
                     DATA          000000B8 - 000000B9           2 
                     DATA          000000BC - 000000BC           1 
                     DATA          000000BE - 000000BE           1 
                     DATA          000000C0 - 000000C2           3 
                     DATA          000000C4 - 000000C6           3 
                     DATA          000000CB - 000000CB           1 
                     DATA          000000CD - 000000CD           1 
                     DATA          000000D1 - 000000D1           1 
                     DATA          000000D4 - 000000D6           3 
                     DATA          000000D8 - 000000D8           1 
                     DATA          000000E1 - 000000E1           1 
                     DATA          000000E9 - 000000E9           1 
                     DATA          000000F1 - 000000F1           1 
                     DATA          000000F3 - 000000F5           3 
                     DATA          000000F8 - 000000FC           5 
                     DATA          000000FE - 000000FF           2 
XSTACK               XDATA         0000F000 - 0000F3FE         3FF   rel    0
XDATA_Z              XDATA         0000F3FF - 0000F8D1         4D3   rel    0
XDATA_I              XDATA         0000F8D2 - 0000FB13         242   rel    0
XDATA_HEAP           XDATA         0000FB14 - 0000FC12          FF   dse    0
ISTACK               IDATA         00000040 - 000000FF          C0   rel    0

                ****************************************
                *                                      *
                *        END OF CROSS REFERENCE        *
                *                                      *
                ****************************************

 15 607 bytes of CODE  memory
     18 bytes of DATA  memory (+ 47 absolute )
  3 091 bytes of XDATA memory
    192 bytes of IDATA memory
      8 bits  of BIT   memory

Errors: none
Warnings: none

